    -----------------------------------------------------------------------
          Psi4: An Open-Source Ab Initio Electronic Structure Package
                              Psi4 (no tag) Driver

                          Git: Rev {detached?}  

    J. M. Turney, A. C. Simmonett, R. M. Parrish, E. G. Hohenstein,
    F. A. Evangelista, J. T. Fermann, B. J. Mintz, L. A. Burns, J. J. Wilke,
    M. L. Abrams, N. J. Russ, M. L. Leininger, C. L. Janssen, E. T. Seidl,
    W. D. Allen, H. F. Schaefer, R. A. King, E. F. Valeev, C. D. Sherrill,
    and T. D. Crawford, WIREs Comput. Mol. Sci. 2, 556-565 (2012)
    (doi: 10.1002/wcms.93)

                         Additional Contributions by
    A. E. DePrince, M. Saitow, U. Bozkaya, A. Yu. Sokolov
    -----------------------------------------------------------------------


    Psi4 started on: Tue Jul  5 16:42:46 2016

    Process ID:  23713
    PSI4DATADIR: /export131/home/mjharvey/miniconda3/share
    Memory level set to 256.000 MB

  ==> Input File <==

--------------------------------------------------------------------------
set {
	reference rhf
	basis 6-31G*
}


set_num_threads( 1 )
memory 2 gb

molecule MOL {
0 1

H	 2.591676	 2.013956	 0.335017
O	 3.341076	 1.666752	 -0.126416
C	 3.569581	 0.339145	 0.272707
C	 2.539767	 -0.640285	 -0.279495
H	 4.553106	 0.084646	 -0.100901
H	 3.608576	 0.269204	 1.359154
C	 1.115811	 -0.397273	 0.226630
H	 2.556196	 -0.582511	 -1.364741
H	 2.852081	 -1.648031	 -0.010655
C	 0.115918	 -1.429151	 -0.302766
H	 0.797950	 0.599468	 -0.066350
H	 1.109961	 -0.420744	 1.316472
C	 -0.434124	 -1.133401	 -1.702882
H	 0.581373	 -2.413117	 -0.299457
H	 -0.720615	 -1.487732	 0.390402
C	 0.598874	 -1.209856	 -2.830511
H	 -1.230944	 -1.843557	 -1.914009
H	 -0.899097	 -0.148704	 -1.705746
C	 -0.016728	 -1.011774	 -4.217318
H	 1.098168	 -2.177097	 -2.795014
H	 1.373269	 -0.461538	 -2.680063
C	 1.013244	 -1.081234	 -5.344259
H	 -0.782864	 -1.766339	 -4.382112
H	 -0.524390	 -0.050010	 -4.251583
H	 1.515888	 -2.044253	 -5.357182
H	 0.546116	 -0.939242	 -6.313931
H	 1.773972	 -0.314251	 -5.228526

	symmetry c1
}
set optking {
	frozen_dihedral = ("
		14 10 13 16,
		10 7 4 8,
		8 4 3 2,
		10 13 16 20,
		20 16 19 22,
		4 3 2 1
	")
}

ee = energy('scf')
oeprop('DIPOLE', 'QUADRUPOLE', 'MULLIKEN_CHARGES')
f=open( 'psi4out.xyz', 'w' )
f.write( "27  " )
f.write( str(ee) + "\n" )
f.write( MOL.save_string_xyz() )
f.close()
--------------------------------------------------------------------------

  Memory set to   2.000 GiB by Python script.

*** tstart() called on cx1-3-4-2.cx1.hpc.ic.ac.uk
*** at Tue Jul  5 16:42:47 2016


         ---------------------------------------------------------
                                   SCF
            by Justin Turney, Rob Parrish, and Andy Simmonett
                              RHF Reference
                        1 Threads,   2000 MiB Core
         ---------------------------------------------------------

  ==> Geometry <==

    Molecular point group: c1
    Full point group: C1

    Geometry (in Angstrom), charge = 0, multiplicity = 1:

       Center              X                  Y                   Z               Mass       
    ------------   -----------------  -----------------  -----------------  -----------------
           H          1.235926279238     2.517588114417     1.914019771159     1.007825032070
           O          1.985326279238     2.170384114417     1.452586771159    15.994914619560
           C          2.213831279238     0.842777114417     1.851709771159    12.000000000000
           C          1.184017279238    -0.136652885583     1.299507771159    12.000000000000
           H          3.197356279238     0.588278114417     1.478101771159     1.007825032070
           H          2.252826279238     0.772836114417     2.938156771159     1.007825032070
           C         -0.239938720762     0.106359114417     1.805632771159    12.000000000000
           H          1.200446279238    -0.078878885583     0.214261771159     1.007825032070
           H          1.496331279238    -1.144398885583     1.568347771159     1.007825032070
           C         -1.239831720762    -0.925518885583     1.276236771159    12.000000000000
           H         -0.557799720762     1.103100114417     1.512652771159     1.007825032070
           H         -0.245788720762     0.082888114417     2.895474771159     1.007825032070
           C         -1.789873720762    -0.629768885583    -0.123879228841    12.000000000000
           H         -0.774376720762    -1.909484885583     1.279545771159     1.007825032070
           H         -2.076364720762    -0.984099885583     1.969404771159     1.007825032070
           C         -0.756875720762    -0.706223885583    -1.251508228841    12.000000000000
           H         -2.586693720762    -1.339924885583    -0.335006228841     1.007825032070
           H         -2.254846720762     0.354928114417    -0.126743228841     1.007825032070
           C         -1.372477720762    -0.508141885583    -2.638315228841    12.000000000000
           H         -0.257581720762    -1.673464885583    -1.216011228841     1.007825032070
           H          0.017519279238     0.042094114417    -1.101060228841     1.007825032070
           C         -0.342505720762    -0.577601885583    -3.765256228841    12.000000000000
           H         -2.138613720762    -1.262706885583    -2.803109228841     1.007825032070
           H         -1.880139720762     0.453622114417    -2.672580228841     1.007825032070
           H          0.160138279238    -1.540620885583    -3.778179228841     1.007825032070
           H         -0.809633720762    -0.435609885583    -4.734928228841     1.007825032070
           H          0.418222279238     0.189381114417    -3.649523228841     1.007825032070

  Running in c1 symmetry.

  Rotational constants: A =      0.06678  B =      0.02312  C =      0.01883 [cm^-1]
  Rotational constants: A =   2002.10299  B =    693.18766  C =    564.39350 [MHz]
  Nuclear repulsion =  474.945468093401814

  Charge       = 0
  Multiplicity = 1
  Electrons    = 74
  Nalpha       = 37
  Nbeta        = 37

  ==> Algorithm <==

  SCF Algorithm Type is DF.
  DIIS enabled.
  MOM disabled.
  Fractional occupation disabled.
  Guess Type is CORE.
  Energy threshold   = 1.00e-06
  Density threshold  = 1.00e-06
  Integral threshold = 0.00e+00

  ==> Primary Basis <==

  Basis Set: 6-31G*
    Number of shells: 90
    Number of basis function: 171
    Number of Cartesian functions: 171
    Spherical Harmonics?: false
    Max angular momentum: 2

  ==> Pre-Iterations <==

   -------------------------------------------------------
    Irrep   Nso     Nmo     Nalpha   Nbeta   Ndocc  Nsocc
   -------------------------------------------------------
     A        171     171       0       0       0       0
   -------------------------------------------------------
    Total     171     171      37      37      37       0
   -------------------------------------------------------

 OEINTS: Overlap, kinetic, potential, dipole, and quadrupole integrals
         stored in file 35.

  ==> Integral Setup <==

  ==> DFJK: Density-Fitted J/K Matrices <==

    J tasked:                  Yes
    K tasked:                  Yes
    wK tasked:                  No
    OpenMP threads:              1
    Integrals threads:           1
    Memory (MB):              1430
    Algorithm:                Core
    Integral Cache:           NONE
    Schwarz Cutoff:          1E-12
    Fitting Condition:       1E-12

   => Auxiliary Basis Set <=

  Basis Set: 
    Number of shells: 378
    Number of basis function: 1179
    Number of Cartesian functions: 1179
    Spherical Harmonics?: false
    Max angular momentum: 3

  Minimum eigenvalue in the overlap matrix is 3.4548523841E-03.
  Using Symmetric Orthogonalization.
  SCF Guess: Core (One-Electron) Hamiltonian.

  ==> Iterations <==

                           Total Energy        Delta E     RMS |[F,P]|

   @DF-RHF iter   1:  -286.27469667234436   -2.86275e+02   5.98203e-02 
   @DF-RHF iter   2:     2.50334356968727    2.88778e+02   6.54742e-02 DIIS
   @DF-RHF iter   3:  -264.70501098403747   -2.67208e+02   4.80860e-02 DIIS
   @DF-RHF iter   4:  -235.07522026094455    2.96298e+01   6.87051e-02 DIIS
   @DF-RHF iter   5:  -380.78738060479986   -1.45712e+02   1.50188e-02 DIIS
   @DF-RHF iter   6:  -363.97070253261711    1.68167e+01   2.60819e-02 DIIS
   @DF-RHF iter   7:  -388.08798139049202   -2.41173e+01   3.44883e-03 DIIS
   @DF-RHF iter   8:  -388.25636449983801   -1.68383e-01   1.04003e-03 DIIS
   @DF-RHF iter   9:  -388.27135751764820   -1.49930e-02   3.74002e-04 DIIS
   @DF-RHF iter  10:  -388.27342344130420   -2.06592e-03   8.79244e-05 DIIS
   @DF-RHF iter  11:  -388.27361034769785   -1.86906e-04   3.09754e-05 DIIS
   @DF-RHF iter  12:  -388.27362855473450   -1.82070e-05   1.52596e-05 DIIS
   @DF-RHF iter  13:  -388.27363354368379   -4.98895e-06   4.78969e-06 DIIS
   @DF-RHF iter  14:  -388.27363415381240   -6.10129e-07   1.15517e-06 DIIS
   @DF-RHF iter  15:  -388.27363419172036   -3.79080e-08   3.01618e-07 DIIS

  ==> Post-Iterations <==

    Orbital Energies (a.u.)
    -----------------------

    Doubly Occupied:                                                      

       1A    -20.552000     2A    -11.265779     3A    -11.219606  
       4A    -11.216672     5A    -11.214603     6A    -11.213327  
       7A    -11.211969     8A    -11.211347     9A    -11.206796  
      10A     -1.358718    11A     -1.096424    12A     -1.058120  
      13A     -1.008580    14A     -0.949702    15A     -0.887652  
      16A     -0.826026    17A     -0.790290    18A     -0.779836  
      19A     -0.695073    20A     -0.649808    21A     -0.630693  
      22A     -0.616782    23A     -0.610171    24A     -0.583219  
      25A     -0.568672    26A     -0.553635    27A     -0.542421  
      28A     -0.525067    29A     -0.511188    30A     -0.497002  
      31A     -0.485071    32A     -0.472085    33A     -0.463621  
      34A     -0.457793    35A     -0.455600    36A     -0.434529  
      37A     -0.419254  

    Virtual:                                                              

      38A      0.220315    39A      0.233958    40A      0.244926  
      41A      0.254367    42A      0.270825    43A      0.280595  
      44A      0.287612    45A      0.309007    46A      0.312223  
      47A      0.320557    48A      0.322550    49A      0.336076  
      50A      0.339062    51A      0.347490    52A      0.354787  
      53A      0.361829    54A      0.371408    55A      0.392639  
      56A      0.406384    57A      0.415371    58A      0.435943  
      59A      0.441630    60A      0.458568    61A      0.465698  
      62A      0.472128    63A      0.503453    64A      0.696643  
      65A      0.704318    66A      0.720041    67A      0.737320  
      68A      0.748598    69A      0.756680    70A      0.780271  
      71A      0.811845    72A      0.827750    73A      0.858028  
      74A      0.874393    75A      0.893995    76A      0.908939  
      77A      0.930091    78A      0.951469    79A      0.979483  
      80A      0.985740    81A      1.015839    82A      1.037855  
      83A      1.068392    84A      1.084380    85A      1.099313  
      86A      1.115938    87A      1.135754    88A      1.146818  
      89A      1.153857    90A      1.163701    91A      1.178000  
      92A      1.182003    93A      1.188874    94A      1.196810  
      95A      1.205108    96A      1.211835    97A      1.220277  
      98A      1.225762    99A      1.230032   100A      1.247575  
     101A      1.254449   102A      1.270458   103A      1.277761  
     104A      1.299037   105A      1.316949   106A      1.350608  
     107A      1.364071   108A      1.392462   109A      1.435446  
     110A      1.489445   111A      1.585028   112A      1.628710  
     113A      1.670134   114A      1.698019   115A      1.751643  
     116A      1.767375   117A      1.805845   118A      1.829152  
     119A      1.875397   120A      1.905465   121A      1.953012  
     122A      2.002381   123A      2.011425   124A      2.071923  
     125A      2.085070   126A      2.138058   127A      2.157554  
     128A      2.194766   129A      2.202551   130A      2.226586  
     131A      2.248407   132A      2.276471   133A      2.305656  
     134A      2.309972   135A      2.337739   136A      2.346508  
     137A      2.382273   138A      2.398194   139A      2.449897  
     140A      2.461567   141A      2.495369   142A      2.571426  
     143A      2.605947   144A      2.613069   145A      2.638811  
     146A      2.671487   147A      2.691207   148A      2.723681  
     149A      2.748976   150A      2.753192   151A      2.772365  
     152A      2.804171   153A      2.830174   154A      2.897369  
     155A      2.941964   156A      2.947977   157A      2.989477  
     158A      3.074283   159A      3.096475   160A      3.119654  
     161A      3.173898   162A      3.222507   163A      4.187152  
     164A      4.549929   165A      4.619762   166A      4.694600  
     167A      4.767546   168A      4.822450   169A      4.884582  
     170A      4.985962   171A      5.017246  

    Final Occupation by Irrep:
              A 
    DOCC [    37 ]

  Energy converged.

  @DF-RHF Final Energy:  -388.27363419172036

   => Energetics <=

    Nuclear Repulsion Energy =            474.9454680934018143
    One-Electron Energy =               -1467.9599430924670287
    Two-Electron Energy =                 604.7408408073453074
    DFT Exchange-Correlation Energy =       0.0000000000000000
    Empirical Dispersion Energy =           0.0000000000000000
    PCM Polarization Energy =               0.0000000000000000
    EFP Energy =                            0.0000000000000000
    Total Energy =                       -388.2736341917199070

    Alert: EFP and PCM quantities not currently incorporated into SCF psivars.

Properties will be evaluated at   0.000000,   0.000000,   0.000000 Bohr
  ==> Properties <==


Properties computed using the SCF density matrix

  Nuclear Dipole Moment: (a.u.)
     X:    -3.3682      Y:    -3.9874      Z:    -4.3496

  Electronic Dipole Moment: (a.u.)
     X:     2.9066      Y:     3.6037      Z:     4.7599

  Dipole Moment: (a.u.)
     X:    -0.4617      Y:    -0.3837      Z:     0.4103     Total:     0.7271

  Dipole Moment: (Debye)
     X:    -1.1735      Y:    -0.9752      Z:     1.0429     Total:     1.8482


  Saving occupied orbitals to File 180.

*** tstop() called on cx1-3-4-2.cx1.hpc.ic.ac.uk at Tue Jul  5 16:43:20 2016
Module time:
	user time   =      32.12 seconds =       0.54 minutes
	system time =       0.33 seconds =       0.01 minutes
	total time  =         33 seconds =       0.55 minutes
Total time:
	user time   =      32.12 seconds =       0.54 minutes
	system time =       0.33 seconds =       0.01 minutes
	total time  =         33 seconds =       0.55 minutes


Properties will be evaluated at   0.000000,   0.000000,   0.000000 Bohr

Properties computed using the  density matrix

  Nuclear Dipole Moment: (a.u.)
     X:    -3.3682      Y:    -3.9874      Z:    -4.3496

  Electronic Dipole Moment: (a.u.)
     X:     2.9066      Y:     3.6037      Z:     4.7599

  Dipole Moment: (a.u.)
     X:    -0.4617      Y:    -0.3837      Z:     0.4103     Total:     0.7271

  Dipole Moment: (Debye)
     X:    -1.1735      Y:    -0.9752      Z:     1.0429     Total:     1.8482

  Quadrupole Moment: (Debye Ang)
    XX:   -63.8092     YY:   -62.2526     ZZ:   -57.4164
    XY:    -5.3275     XZ:    -0.0673     YZ:     1.0446

  Traceless Quadrupole Moment: (Debye Ang)
    XX:    -2.6498     YY:    -1.0932     ZZ:     3.7430
    XY:    -5.3275     XZ:    -0.0673     YZ:     1.0446

  Mulliken Charges: (a.u.)
   Center  Symbol    Alpha    Beta     Spin     Total
       1     H     0.28003  0.28003  0.00000  0.43994
       2     O     4.37152  4.37152  0.00000 -0.74303
       3     C     2.99660  2.99660  0.00000  0.00679
       4     C     3.16474  3.16474  0.00000 -0.32949
       5     H     0.41506  0.41506  0.00000  0.16988
       6     H     0.43252  0.43252  0.00000  0.13496
       7     C     3.16443  3.16443  0.00000 -0.32886
       8     H     0.41107  0.41107  0.00000  0.17786
       9     H     0.42457  0.42457  0.00000  0.15085
      10     C     3.15511  3.15511  0.00000 -0.31021
      11     H     0.42489  0.42489  0.00000  0.15022
      12     H     0.42226  0.42226  0.00000  0.15548
      13     C     3.15185  3.15185  0.00000 -0.30371
      14     H     0.42236  0.42236  0.00000  0.15528
      15     H     0.41962  0.41962  0.00000  0.16075
      16     C     3.15713  3.15713  0.00000 -0.31427
      17     H     0.42174  0.42174  0.00000  0.15651
      18     H     0.42364  0.42364  0.00000  0.15273
      19     C     3.14976  3.14976  0.00000 -0.29952
      20     H     0.42465  0.42465  0.00000  0.15070
      21     H     0.41731  0.41731  0.00000  0.16538
      22     C     3.23960  3.23960  0.00000 -0.47920
      23     H     0.42393  0.42393  0.00000  0.15214
      24     H     0.42312  0.42312  0.00000  0.15376
      25     H     0.42229  0.42229  0.00000  0.15542
      26     H     0.41955  0.41955  0.00000  0.16090
      27     H     0.42063  0.42063  0.00000  0.15874

   Total alpha = 37.00000, Total beta = 37.00000, Total charge =  0.00000


*** PSI4 exiting successfully. Buy a developer a beer!
