    -----------------------------------------------------------------------
          Psi4: An Open-Source Ab Initio Electronic Structure Package
                              Psi4 (no tag) Driver

                          Git: Rev {detached?}  

    J. M. Turney, A. C. Simmonett, R. M. Parrish, E. G. Hohenstein,
    F. A. Evangelista, J. T. Fermann, B. J. Mintz, L. A. Burns, J. J. Wilke,
    M. L. Abrams, N. J. Russ, M. L. Leininger, C. L. Janssen, E. T. Seidl,
    W. D. Allen, H. F. Schaefer, R. A. King, E. F. Valeev, C. D. Sherrill,
    and T. D. Crawford, WIREs Comput. Mol. Sci. 2, 556-565 (2012)
    (doi: 10.1002/wcms.93)

                         Additional Contributions by
    A. E. DePrince, M. Saitow, U. Bozkaya, A. Yu. Sokolov
    -----------------------------------------------------------------------


    Psi4 started on: Tue Jul  5 16:28:12 2016

    Process ID:  27247
    PSI4DATADIR: /export131/home/mjharvey/miniconda3/share
    Memory level set to 256.000 MB

  ==> Input File <==

--------------------------------------------------------------------------
set {
	reference rhf
	basis 6-31G*
}


set_num_threads( 1 )
memory 2 gb

molecule MOL {
0 1

H	 -0.615961	 1.489150	 -2.356586
C	 0.040664	 1.801935	 -1.535176
C	 0.065331	 0.871482	 -0.349150
O	 0.669611	 2.806147	 -1.622935
C	 -1.339775	 0.583656	 0.198860
H	 0.706524	 1.303057	 0.410803
H	 0.519148	 -0.061350	 -0.680866
C	 -1.808407	 -0.848507	 -0.061364
H	 -2.036183	 1.280685	 -0.256307
H	 -1.360094	 0.788874	 1.267089
H	 -1.828843	 -1.063152	 -1.125336
H	 -2.808409	 -1.004529	 0.329750
H	 -1.153967	 -1.577789	 0.406873

	symmetry c1
}
set optking {
	frozen_dihedral = ("
		6 3 2 4
	")
}

ee = energy('scf')
oeprop('DIPOLE', 'QUADRUPOLE', 'MULLIKEN_CHARGES')
f=open( 'psi4out.xyz', 'w' )
f.write( "13  " )
f.write( str(ee) + "\n" )
f.write( MOL.save_string_xyz() )
f.close()
--------------------------------------------------------------------------

  Memory set to   2.000 GiB by Python script.

*** tstart() called on cx1-3-1-3.cx1.hpc.ic.ac.uk
*** at Tue Jul  5 16:28:13 2016


         ---------------------------------------------------------
                                   SCF
            by Justin Turney, Rob Parrish, and Andy Simmonett
                              RHF Reference
                        1 Threads,   2000 MiB Core
         ---------------------------------------------------------

  ==> Geometry <==

    Molecular point group: c1
    Full point group: C1

    Geometry (in Angstrom), charge = 0, multiplicity = 1:

       Center              X                  Y                   Z               Mass       
    ------------   -----------------  -----------------  -----------------  -----------------
           H         -0.137998642727     0.448996765556    -1.677393375261     1.007825032070
           C          0.518626357273     0.761781765556    -0.855983375261    12.000000000000
           C          0.543293357273    -0.168671234444     0.330042624739    12.000000000000
           O          1.147573357273     1.765993765556    -0.943742375261    15.994914619560
           C         -0.861812642727    -0.456497234444     0.878052624739    12.000000000000
           H          1.184486357273     0.262903765556     1.089995624739     1.007825032070
           H          0.997110357273    -1.101503234444    -0.001673375261     1.007825032070
           C         -1.330444642727    -1.888660234444     0.617828624739    12.000000000000
           H         -1.558220642727     0.240531765556     0.422885624739     1.007825032070
           H         -0.882131642727    -0.251279234444     1.946281624739     1.007825032070
           H         -1.350880642727    -2.103305234444    -0.446143375261     1.007825032070
           H         -2.330446642727    -2.044682234444     1.008942624739     1.007825032070
           H         -0.676004642727    -2.617942234444     1.086065624739     1.007825032070

  Running in c1 symmetry.

  Rotational constants: A =      0.58835  B =      0.07539  C =      0.07419 [cm^-1]
  Rotational constants: A =  17638.22292  B =   2260.23286  C =   2224.03084 [MHz]
  Nuclear repulsion =  171.195530015072308

  Charge       = 0
  Multiplicity = 1
  Electrons    = 40
  Nalpha       = 20
  Nbeta        = 20

  ==> Algorithm <==

  SCF Algorithm Type is DF.
  DIIS enabled.
  MOM disabled.
  Fractional occupation disabled.
  Guess Type is CORE.
  Energy threshold   = 1.00e-06
  Density threshold  = 1.00e-06
  Integral threshold = 0.00e+00

  ==> Primary Basis <==

  Basis Set: 6-31G*
    Number of shells: 46
    Number of basis function: 91
    Number of Cartesian functions: 91
    Spherical Harmonics?: false
    Max angular momentum: 2

  ==> Pre-Iterations <==

   -------------------------------------------------------
    Irrep   Nso     Nmo     Nalpha   Nbeta   Ndocc  Nsocc
   -------------------------------------------------------
     A         91      91       0       0       0       0
   -------------------------------------------------------
    Total      91      91      20      20      20       0
   -------------------------------------------------------

 OEINTS: Overlap, kinetic, potential, dipole, and quadrupole integrals
         stored in file 35.

  ==> Integral Setup <==

  ==> DFJK: Density-Fitted J/K Matrices <==

    J tasked:                  Yes
    K tasked:                  Yes
    wK tasked:                  No
    OpenMP threads:              1
    Integrals threads:           1
    Memory (MB):              1430
    Algorithm:                Core
    Integral Cache:           NONE
    Schwarz Cutoff:          1E-12
    Fitting Condition:       1E-12

   => Auxiliary Basis Set <=

  Basis Set: 
    Number of shells: 192
    Number of basis function: 605
    Number of Cartesian functions: 605
    Spherical Harmonics?: false
    Max angular momentum: 3

  Minimum eigenvalue in the overlap matrix is 4.2751442080E-03.
  Using Symmetric Orthogonalization.
  SCF Guess: Core (One-Electron) Hamiltonian.

  ==> Iterations <==

                           Total Energy        Delta E     RMS |[F,P]|

   @DF-RHF iter   1:  -179.14509000722617   -1.79145e+02   8.00159e-02 
   @DF-RHF iter   2:  -122.75209482873774    5.63930e+01   8.82415e-02 DIIS
   @DF-RHF iter   3:  -210.28883038663488   -8.75367e+01   3.29605e-02 DIIS
   @DF-RHF iter   4:  -157.42876027525730    5.28601e+01   7.92417e-02 DIIS
   @DF-RHF iter   5:  -200.49639693053595   -4.30676e+01   5.61732e-02 DIIS
   @DF-RHF iter   6:  -205.17077046057668   -4.67437e+00   5.08644e-02 DIIS
   @DF-RHF iter   7:  -215.10078524522723   -9.93001e+00   4.24421e-02 DIIS
   @DF-RHF iter   8:  -218.42554792452998   -3.32476e+00   4.14900e-02 DIIS
   @DF-RHF iter   9:  -222.05198499315273   -3.62644e+00   3.22973e-02 DIIS
   @DF-RHF iter  10:  -228.55610593119101   -6.50412e+00   1.64459e-02 DIIS
   @DF-RHF iter  11:  -230.31909056129584   -1.76298e+00   9.82057e-03 DIIS
   @DF-RHF iter  12:  -230.86341241298979   -5.44322e-01   4.66927e-03 DIIS
   @DF-RHF iter  13:  -230.96304137114848   -9.96290e-02   1.89337e-03 DIIS
   @DF-RHF iter  14:  -230.97676644575128   -1.37251e-02   6.51292e-04 DIIS
   @DF-RHF iter  15:  -230.97920657786304   -2.44013e-03   3.08402e-04 DIIS
   @DF-RHF iter  16:  -230.97977755055766   -5.70973e-04   8.51917e-05 DIIS
   @DF-RHF iter  17:  -230.97983247683467   -5.49263e-05   2.70487e-05 DIIS
   @DF-RHF iter  18:  -230.97984087639688   -8.39956e-06   1.00325e-05 DIIS
   @DF-RHF iter  19:  -230.97984259941441   -1.72302e-06   3.91592e-06 DIIS
   @DF-RHF iter  20:  -230.97984293540642   -3.35992e-07   1.89990e-06 DIIS
   @DF-RHF iter  21:  -230.97984300399642   -6.85900e-08   6.36053e-07 DIIS

  ==> Post-Iterations <==

    Orbital Energies (a.u.)
    -----------------------

    Doubly Occupied:                                                      

       1A    -20.562915     2A    -11.327628     3A    -11.238558  
       4A    -11.234528     5A    -11.225309     6A     -1.402877  
       7A     -1.087588     8A     -0.975171     9A     -0.846098  
      10A     -0.792126    11A     -0.674672    12A     -0.649810  
      13A     -0.611291    14A     -0.589027    15A     -0.582149  
      16A     -0.527704    17A     -0.507958    18A     -0.488451  
      19A     -0.485667    20A     -0.410739  

    Virtual:                                                              

      21A      0.162394    22A      0.230157    23A      0.263353  
      24A      0.268913    25A      0.285170    26A      0.295871  
      27A      0.317182    28A      0.320319    29A      0.357539  
      30A      0.390626    31A      0.424493    32A      0.447115  
      33A      0.504072    34A      0.711989    35A      0.731073  
      36A      0.742420    37A      0.795014    38A      0.808116  
      39A      0.813728    40A      0.851726    41A      0.916839  
      42A      0.940052    43A      0.984561    44A      1.028423  
      45A      1.051441    46A      1.086868    47A      1.113943  
      48A      1.128987    49A      1.140242    50A      1.163393  
      51A      1.175808    52A      1.205871    53A      1.221501  
      54A      1.244380    55A      1.272269    56A      1.308448  
      57A      1.331278    58A      1.371578    59A      1.617767  
      60A      1.646279    61A      1.754865    62A      1.783296  
      63A      1.882199    64A      1.936785    65A      1.952944  
      66A      2.013705    67A      2.108437    68A      2.126589  
      69A      2.164918    70A      2.208605    71A      2.277940  
      72A      2.345277    73A      2.390564    74A      2.428098  
      75A      2.499172    76A      2.599306    77A      2.649030  
      78A      2.681310    79A      2.710691    80A      2.751481  
      81A      2.928798    82A      2.951906    83A      2.996942  
      84A      3.016071    85A      3.261165    86A      3.362057  
      87A      4.286221    88A      4.517609    89A      4.604426  
      90A      4.812855    91A      4.940055  

    Final Occupation by Irrep:
              A 
    DOCC [    20 ]

  Energy converged.

  @DF-RHF Final Energy:  -230.97984300399642

   => Energetics <=

    Nuclear Repulsion Energy =            171.1955300150723076
    One-Electron Energy =                -651.9102753915720996
    Two-Electron Energy =                 249.7349023725039956
    DFT Exchange-Correlation Energy =       0.0000000000000000
    Empirical Dispersion Energy =           0.0000000000000000
    PCM Polarization Energy =               0.0000000000000000
    EFP Energy =                            0.0000000000000000
    Total Energy =                       -230.9798430039957680

    Alert: EFP and PCM quantities not currently incorporated into SCF psivars.

Properties will be evaluated at   0.000000,   0.000000,   0.000000 Bohr
  ==> Properties <==


Properties computed using the SCF density matrix

  Nuclear Dipole Moment: (a.u.)
     X:    -4.4513      Y:    -6.7097      Z:     3.2100

  Electronic Dipole Moment: (a.u.)
     X:     3.8423      Y:     5.6724      Z:    -2.9069

  Dipole Moment: (a.u.)
     X:    -0.6090      Y:    -1.0372      Z:     0.3031     Total:     1.2404

  Dipole Moment: (Debye)
     X:    -1.5479      Y:    -2.6364      Z:     0.7703     Total:     3.1528


  Saving occupied orbitals to File 180.

*** tstop() called on cx1-3-1-3.cx1.hpc.ic.ac.uk at Tue Jul  5 16:28:19 2016
Module time:
	user time   =       5.65 seconds =       0.09 minutes
	system time =       0.05 seconds =       0.00 minutes
	total time  =          6 seconds =       0.10 minutes
Total time:
	user time   =       5.65 seconds =       0.09 minutes
	system time =       0.05 seconds =       0.00 minutes
	total time  =          6 seconds =       0.10 minutes


Properties will be evaluated at   0.000000,   0.000000,   0.000000 Bohr

Properties computed using the  density matrix

  Nuclear Dipole Moment: (a.u.)
     X:    -4.4513      Y:    -6.7097      Z:     3.2100

  Electronic Dipole Moment: (a.u.)
     X:     3.8423      Y:     5.6724      Z:    -2.9069

  Dipole Moment: (a.u.)
     X:    -0.6090      Y:    -1.0372      Z:     0.3031     Total:     1.2404

  Dipole Moment: (Debye)
     X:    -1.5479      Y:    -2.6364      Z:     0.7703     Total:     3.1528

  Quadrupole Moment: (Debye Ang)
    XX:   -33.5977     YY:   -37.5614     ZZ:   -31.4093
    XY:    -4.0695     XZ:     1.5597     YZ:     2.5696

  Traceless Quadrupole Moment: (Debye Ang)
    XX:     0.5918     YY:    -3.3720     ZZ:     2.7802
    XY:    -4.0695     XZ:     1.5597     YZ:     2.5696

  Mulliken Charges: (a.u.)
   Center  Symbol    Alpha    Beta     Spin     Total
       1     H     0.43206  0.43206  0.00000  0.13587
       2     C     2.83244  2.83244  0.00000  0.33512
       3     C     3.20964  3.20964  0.00000 -0.41929
       4     O     4.23748  4.23748  0.00000 -0.47496
       5     C     3.16671  3.16671  0.00000 -0.33341
       6     H     0.39677  0.39677  0.00000  0.20646
       7     H     0.40646  0.40646  0.00000  0.18708
       8     C     3.24202  3.24202  0.00000 -0.48405
       9     H     0.41450  0.41450  0.00000  0.17101
      10     H     0.40892  0.40892  0.00000  0.18216
      11     H     0.42066  0.42066  0.00000  0.15867
      12     H     0.41510  0.41510  0.00000  0.16980
      13     H     0.41723  0.41723  0.00000  0.16553

   Total alpha = 20.00000, Total beta = 20.00000, Total charge = -0.00000


*** PSI4 exiting successfully. Buy a developer a beer!
