    -----------------------------------------------------------------------
          Psi4: An Open-Source Ab Initio Electronic Structure Package
                              Psi4 (no tag) Driver

                          Git: Rev {detached?}  

    J. M. Turney, A. C. Simmonett, R. M. Parrish, E. G. Hohenstein,
    F. A. Evangelista, J. T. Fermann, B. J. Mintz, L. A. Burns, J. J. Wilke,
    M. L. Abrams, N. J. Russ, M. L. Leininger, C. L. Janssen, E. T. Seidl,
    W. D. Allen, H. F. Schaefer, R. A. King, E. F. Valeev, C. D. Sherrill,
    and T. D. Crawford, WIREs Comput. Mol. Sci. 2, 556-565 (2012)
    (doi: 10.1002/wcms.93)

                         Additional Contributions by
    A. E. DePrince, M. Saitow, U. Bozkaya, A. Yu. Sokolov
    -----------------------------------------------------------------------


    Psi4 started on: Tue Jul  5 16:53:49 2016

    Process ID:  14753
    PSI4DATADIR: /export131/home/mjharvey/miniconda3/share
    Memory level set to 256.000 MB

  ==> Input File <==

--------------------------------------------------------------------------
set {
	reference rhf
	basis 6-31G*
}


set_num_threads( 1 )
memory 2 gb

molecule MOL {
0 1

H	 -2.153054	 -2.250733	 0.000000
O	 -2.462445	 -1.355403	 0.000000
C	 -1.434260	 -0.483044	 0.000000
C	 -0.160282	 -0.998433	 0.214627
C	 -1.606806	 0.873172	 -0.202032
H	 -0.050522	 -2.055314	 0.369249
C	 0.931284	 -0.154718	 0.225708
H	 -2.586306	 1.284548	 -0.369080
C	 -0.495009	 1.711703	 -0.187945
H	 1.912113	 -0.560710	 0.392185
C	 0.777868	 1.209965	 0.024721
C	 -0.683838	 3.129388	 -0.400099
H	 1.624995	 1.868669	 0.032793
N	 -0.833644	 4.242923	 -0.568927

	symmetry c1
}
set optking {
	frozen_dihedral = ("
		5 3 2 1
	")
}

ee = energy('scf')
oeprop('DIPOLE', 'QUADRUPOLE', 'MULLIKEN_CHARGES')
f=open( 'psi4out.xyz', 'w' )
f.write( "14  " )
f.write( str(ee) + "\n" )
f.write( MOL.save_string_xyz() )
f.close()
--------------------------------------------------------------------------

  Memory set to   2.000 GiB by Python script.

*** tstart() called on cx1-3-4-4.cx1.hpc.ic.ac.uk
*** at Tue Jul  5 16:53:49 2016


         ---------------------------------------------------------
                                   SCF
            by Justin Turney, Rob Parrish, and Andy Simmonett
                              RHF Reference
                        1 Threads,   2000 MiB Core
         ---------------------------------------------------------

  ==> Geometry <==

    Molecular point group: c1
    Full point group: C1

    Geometry (in Angstrom), charge = 0, multiplicity = 1:

       Center              X                  Y                   Z               Mass       
    ------------   -----------------  -----------------  -----------------  -----------------
           H         -1.444239190315    -3.086303133025     0.096091821548     1.007825032070
           O         -1.753630190315    -2.190973133025     0.096091821548    15.994914619560
           C         -0.725445190315    -1.318614133025     0.096091821548    12.000000000000
           C          0.548532809685    -1.834003133025     0.310718821548    12.000000000000
           C         -0.897991190315     0.037601866975    -0.105940178452    12.000000000000
           H          0.658292809685    -2.890884133025     0.465340821548     1.007825032070
           C          1.640098809685    -0.990288133025     0.321799821548    12.000000000000
           H         -1.877491190315     0.448977866975    -0.272988178452     1.007825032070
           C          0.213805809685     0.876132866975    -0.091853178452    12.000000000000
           H          2.620927809685    -1.396280133025     0.488276821548     1.007825032070
           C          1.486682809685     0.374394866975     0.120812821548    12.000000000000
           C          0.024976809685     2.293817866975    -0.304007178452    12.000000000000
           H          2.333809809685     1.033098866975     0.128884821548     1.007825032070
           N         -0.124829190315     3.407352866975    -0.472835178452    14.003074004780

  Running in c1 symmetry.

  Rotational constants: A =      0.11885  B =      0.04008  C =      0.02998 [cm^-1]
  Rotational constants: A =   3562.94807  B =   1201.59661  C =    898.63244 [MHz]
  Nuclear repulsion =  379.328044883005361

  Charge       = 0
  Multiplicity = 1
  Electrons    = 62
  Nalpha       = 31
  Nbeta        = 31

  ==> Algorithm <==

  SCF Algorithm Type is DF.
  DIIS enabled.
  MOM disabled.
  Fractional occupation disabled.
  Guess Type is CORE.
  Energy threshold   = 1.00e-06
  Density threshold  = 1.00e-06
  Integral threshold = 0.00e+00

  ==> Primary Basis <==

  Basis Set: 6-31G*
    Number of shells: 64
    Number of basis function: 145
    Number of Cartesian functions: 145
    Spherical Harmonics?: false
    Max angular momentum: 2

  ==> Pre-Iterations <==

   -------------------------------------------------------
    Irrep   Nso     Nmo     Nalpha   Nbeta   Ndocc  Nsocc
   -------------------------------------------------------
     A        145     145       0       0       0       0
   -------------------------------------------------------
    Total     145     145      31      31      31       0
   -------------------------------------------------------

 OEINTS: Overlap, kinetic, potential, dipole, and quadrupole integrals
         stored in file 35.

  ==> Integral Setup <==

  ==> DFJK: Density-Fitted J/K Matrices <==

    J tasked:                  Yes
    K tasked:                  Yes
    wK tasked:                  No
    OpenMP threads:              1
    Integrals threads:           1
    Memory (MB):              1430
    Algorithm:                Core
    Integral Cache:           NONE
    Schwarz Cutoff:          1E-12
    Fitting Condition:       1E-12

   => Auxiliary Basis Set <=

  Basis Set: 
    Number of shells: 261
    Number of basis function: 854
    Number of Cartesian functions: 854
    Spherical Harmonics?: false
    Max angular momentum: 3

  Minimum eigenvalue in the overlap matrix is 4.1967455628E-04.
  Using Symmetric Orthogonalization.
  SCF Guess: Core (One-Electron) Hamiltonian.

  ==> Iterations <==

                           Total Energy        Delta E     RMS |[F,P]|

   @DF-RHF iter   1:  -309.43445182691738   -3.09434e+02   6.50362e-02 
   @DF-RHF iter   2:  -146.48846866624609    1.62946e+02   7.88242e-02 DIIS
   @DF-RHF iter   3:  -317.83819837160962   -1.71350e+02   5.28138e-02 DIIS
   @DF-RHF iter   4:  -342.03249228910914   -2.41943e+01   5.26757e-02 DIIS
   @DF-RHF iter   5:  -395.87972006571334   -5.38472e+01   1.08100e-02 DIIS
   @DF-RHF iter   6:  -397.09053123719474   -1.21081e+00   4.29585e-03 DIIS
   @DF-RHF iter   7:  -397.27039818980558   -1.79867e-01   1.18818e-03 DIIS
   @DF-RHF iter   8:  -397.28589161839324   -1.54934e-02   4.35876e-04 DIIS
   @DF-RHF iter   9:  -397.28843715788997   -2.54554e-03   1.39975e-04 DIIS
   @DF-RHF iter  10:  -397.28882058678636   -3.83429e-04   6.02697e-05 DIIS
   @DF-RHF iter  11:  -397.28892319931066   -1.02613e-04   3.04368e-05 DIIS
   @DF-RHF iter  12:  -397.28897276526635   -4.95660e-05   1.36218e-05 DIIS
   @DF-RHF iter  13:  -397.28898227241922   -9.50715e-06   7.14298e-06 DIIS
   @DF-RHF iter  14:  -397.28898560313934   -3.33072e-06   2.39394e-06 DIIS
   @DF-RHF iter  15:  -397.28898585243957   -2.49300e-07   5.75946e-07 DIIS

  ==> Post-Iterations <==

    Orbital Energies (a.u.)
    -----------------------

    Doubly Occupied:                                                      

       1A    -20.611047     2A    -15.574811     3A    -11.327056  
       4A    -11.294963     5A    -11.275905     6A    -11.264870  
       7A    -11.261204     8A    -11.259546     9A    -11.258562  
      10A     -1.433015    11A     -1.232412    12A     -1.182513  
      13A     -1.063419    14A     -1.039941    15A     -0.898839  
      16A     -0.859235    17A     -0.793922    18A     -0.718018  
      19A     -0.691177    20A     -0.675867    21A     -0.629000  
      22A     -0.614658    23A     -0.592229    24A     -0.566872  
      25A     -0.547170    26A     -0.538132    27A     -0.522298  
      28A     -0.473587    29A     -0.472042    30A     -0.363659  
      31A     -0.337545  

    Virtual:                                                              

      32A      0.085756    33A      0.132542    34A      0.200310  
      35A      0.220297    36A      0.225909    37A      0.274079  
      38A      0.280449    39A      0.290826    40A      0.330334  
      41A      0.369296    42A      0.378524    43A      0.437632  
      44A      0.455209    45A      0.468657    46A      0.485834  
      47A      0.570756    48A      0.598718    49A      0.633636  
      50A      0.700303    51A      0.713991    52A      0.717190  
      53A      0.757324    54A      0.782774    55A      0.793267  
      56A      0.803104    57A      0.804022    58A      0.827389  
      59A      0.852285    60A      0.856731    61A      0.870994  
      62A      0.884262    63A      0.887597    64A      0.937567  
      65A      0.955042    66A      0.993279    67A      0.996673  
      68A      1.064715    69A      1.090036    70A      1.103507  
      71A      1.104235    72A      1.122985    73A      1.126891  
      74A      1.138684    75A      1.169683    76A      1.188554  
      77A      1.220793    78A      1.232554    79A      1.262199  
      80A      1.331367    81A      1.376299    82A      1.391979  
      83A      1.437700    84A      1.450190    85A      1.465310  
      86A      1.518156    87A      1.559024    88A      1.587419  
      89A      1.610021    90A      1.634450    91A      1.688025  
      92A      1.701497    93A      1.730377    94A      1.733407  
      95A      1.799781    96A      1.807028    97A      1.844961  
      98A      1.983282    99A      2.024179   100A      2.062249  
     101A      2.079594   102A      2.102690   103A      2.110569  
     104A      2.154387   105A      2.227350   106A      2.241757  
     107A      2.261980   108A      2.285176   109A      2.292204  
     110A      2.295540   111A      2.329993   112A      2.388347  
     113A      2.423031   114A      2.440284   115A      2.454441  
     116A      2.537159   117A      2.585667   118A      2.614099  
     119A      2.623418   120A      2.754236   121A      2.824853  
     122A      2.843176   123A      2.868040   124A      2.928888  
     125A      2.994058   126A      3.004517   127A      3.023808  
     128A      3.097878   129A      3.138731   130A      3.168867  
     131A      3.209210   132A      3.280562   133A      3.382039  
     134A      3.562870   135A      3.674684   136A      3.870774  
     137A      4.348304   138A      4.465618   139A      4.506277  
     140A      4.559761   141A      4.613385   142A      4.720944  
     143A      4.828478   144A      4.970597   145A      5.257823  

    Final Occupation by Irrep:
              A 
    DOCC [    31 ]

  Energy converged.

  @DF-RHF Final Energy:  -397.28898585243957

   => Energetics <=

    Nuclear Repulsion Energy =            379.3280448830053615
    One-Electron Energy =               -1290.4868170685692803
    Two-Electron Energy =                 513.8697863331244662
    DFT Exchange-Correlation Energy =       0.0000000000000000
    Empirical Dispersion Energy =           0.0000000000000000
    PCM Polarization Energy =               0.0000000000000000
    EFP Energy =                            0.0000000000000000
    Total Energy =                       -397.2889858524395095

    Alert: EFP and PCM quantities not currently incorporated into SCF psivars.

Properties will be evaluated at   0.000000,   0.000000,   0.000000 Bohr
  ==> Properties <==


Properties computed using the SCF density matrix

  Nuclear Dipole Moment: (a.u.)
     X:     2.1400      Y:    -5.5434      Z:     0.8508

  Electronic Dipole Moment: (a.u.)
     X:    -1.4440      Y:     3.3463      Z:    -0.5864

  Dipole Moment: (a.u.)
     X:     0.6960      Y:    -2.1971      Z:     0.2644     Total:     2.3199

  Dipole Moment: (Debye)
     X:     1.7691      Y:    -5.5846      Z:     0.6721     Total:     5.8965


  Saving occupied orbitals to File 180.

*** tstop() called on cx1-3-4-4.cx1.hpc.ic.ac.uk at Tue Jul  5 16:54:06 2016
Module time:
	user time   =      16.39 seconds =       0.27 minutes
	system time =       0.08 seconds =       0.00 minutes
	total time  =         17 seconds =       0.28 minutes
Total time:
	user time   =      16.39 seconds =       0.27 minutes
	system time =       0.08 seconds =       0.00 minutes
	total time  =         17 seconds =       0.28 minutes


Properties will be evaluated at   0.000000,   0.000000,   0.000000 Bohr

Properties computed using the  density matrix

  Nuclear Dipole Moment: (a.u.)
     X:     2.1400      Y:    -5.5434      Z:     0.8508

  Electronic Dipole Moment: (a.u.)
     X:    -1.4440      Y:     3.3463      Z:    -0.5864

  Dipole Moment: (a.u.)
     X:     0.6960      Y:    -2.1971      Z:     0.2644     Total:     2.3199

  Dipole Moment: (Debye)
     X:     1.7691      Y:    -5.5846      Z:     0.6721     Total:     5.8965

  Quadrupole Moment: (Debye Ang)
    XX:   -48.8407     YY:   -56.9744     ZZ:   -54.2022
    XY:    -0.2458     XZ:     1.0673     YZ:     1.3832

  Traceless Quadrupole Moment: (Debye Ang)
    XX:     4.4984     YY:    -3.6353     ZZ:    -0.8631
    XY:    -0.2458     XZ:     1.0673     YZ:     1.3832

  Mulliken Charges: (a.u.)
   Center  Symbol    Alpha    Beta     Spin     Total
       1     H     0.26692  0.26692  0.00000  0.46615
       2     O     4.37907  4.37907  0.00000 -0.75814
       3     C     2.78298  2.78298  0.00000  0.43405
       4     C     3.13897  3.13897  0.00000 -0.27794
       5     C     3.11588  3.11588  0.00000 -0.23176
       6     H     0.39660  0.39660  0.00000  0.20680
       7     C     3.09483  3.09483  0.00000 -0.18967
       8     H     0.37402  0.37402  0.00000  0.25196
       9     C     2.99089  2.99089  0.00000  0.01823
      10     H     0.38938  0.38938  0.00000  0.22125
      11     C     3.09957  3.09957  0.00000 -0.19914
      12     C     2.86528  2.86528  0.00000  0.26944
      13     H     0.38122  0.38122  0.00000  0.23756
      14     N     3.72439  3.72439  0.00000 -0.44878

   Total alpha = 31.00000, Total beta = 31.00000, Total charge =  0.00000


*** PSI4 exiting successfully. Buy a developer a beer!
