    -----------------------------------------------------------------------
          Psi4: An Open-Source Ab Initio Electronic Structure Package
                              Psi4 (no tag) Driver

                          Git: Rev {detached?}  

    J. M. Turney, A. C. Simmonett, R. M. Parrish, E. G. Hohenstein,
    F. A. Evangelista, J. T. Fermann, B. J. Mintz, L. A. Burns, J. J. Wilke,
    M. L. Abrams, N. J. Russ, M. L. Leininger, C. L. Janssen, E. T. Seidl,
    W. D. Allen, H. F. Schaefer, R. A. King, E. F. Valeev, C. D. Sherrill,
    and T. D. Crawford, WIREs Comput. Mol. Sci. 2, 556-565 (2012)
    (doi: 10.1002/wcms.93)

                         Additional Contributions by
    A. E. DePrince, M. Saitow, U. Bozkaya, A. Yu. Sokolov
    -----------------------------------------------------------------------


    Psi4 started on: Tue Jul  5 16:30:36 2016

    Process ID:   7496
    PSI4DATADIR: /export131/home/mjharvey/miniconda3/share
    Memory level set to 256.000 MB

  ==> Input File <==

--------------------------------------------------------------------------
set {
	reference rhf
	basis 6-31G*
}


set_num_threads( 1 )
memory 2 gb

molecule MOL {
0 1

H	 1.085823	 2.341709	 -0.856310
O	 1.244425	 1.930788	 -0.017357
C	 0.709265	 0.639550	 -0.033818
C	 -0.795902	 0.595680	 -0.067389
H	 1.067786	 0.152136	 0.865678
H	 1.102013	 0.068549	 -0.874491
C	 -1.522220	 -0.487727	 -0.255690
H	 -1.282245	 1.548446	 0.074703
H	 -1.071454	 -1.449856	 -0.418625
H	 -2.596511	 -0.445958	 -0.267127

	symmetry c1
}
set optking {
	frozen_dihedral = ("
		5 3 2 1,
		3 4 7 9
	")
}

ee = energy('scf')
oeprop('DIPOLE', 'QUADRUPOLE', 'MULLIKEN_CHARGES')
f=open( 'psi4out.xyz', 'w' )
f.write( "10  " )
f.write( str(ee) + "\n" )
f.write( MOL.save_string_xyz() )
f.close()
--------------------------------------------------------------------------

  Memory set to   2.000 GiB by Python script.

*** tstart() called on cx1-3-5-2.cx1.hpc.ic.ac.uk
*** at Tue Jul  5 16:30:37 2016


         ---------------------------------------------------------
                                   SCF
            by Justin Turney, Rob Parrish, and Andy Simmonett
                              RHF Reference
                        1 Threads,   2000 MiB Core
         ---------------------------------------------------------

  ==> Geometry <==

    Molecular point group: c1
    Full point group: C1

    Geometry (in Angstrom), charge = 0, multiplicity = 1:

       Center              X                  Y                   Z               Mass       
    ------------   -----------------  -----------------  -----------------  -----------------
           H          1.104941279256     1.616625751998    -0.752107441280     1.007825032070
           O          1.263543279256     1.205704751998     0.086845558720    15.994914619560
           C          0.728383279256    -0.085533248002     0.070384558720    12.000000000000
           C         -0.776783720744    -0.129403248002     0.036813558720    12.000000000000
           H          1.086904279256    -0.572947248002     0.969880558720     1.007825032070
           H          1.121131279256    -0.656534248002    -0.770288441280     1.007825032070
           C         -1.503101720744    -1.212810248002    -0.151487441280    12.000000000000
           H         -1.263126720744     0.823362751998     0.178905558720     1.007825032070
           H         -1.052335720744    -2.174939248002    -0.314422441280     1.007825032070
           H         -2.577392720744    -1.171041248002    -0.162924441280     1.007825032070

  Running in c1 symmetry.

  Rotational constants: A =      1.15845  B =      0.13882  C =      0.12861 [cm^-1]
  Rotational constants: A =  34729.31811  B =   4161.69677  C =   3855.58034 [MHz]
  Nuclear repulsion =  116.943923129054340

  Charge       = 0
  Multiplicity = 1
  Electrons    = 32
  Nalpha       = 16
  Nbeta        = 16

  ==> Algorithm <==

  SCF Algorithm Type is DF.
  DIIS enabled.
  MOM disabled.
  Fractional occupation disabled.
  Guess Type is CORE.
  Energy threshold   = 1.00e-06
  Density threshold  = 1.00e-06
  Integral threshold = 0.00e+00

  ==> Primary Basis <==

  Basis Set: 6-31G*
    Number of shells: 36
    Number of basis function: 72
    Number of Cartesian functions: 72
    Spherical Harmonics?: false
    Max angular momentum: 2

  ==> Pre-Iterations <==

   -------------------------------------------------------
    Irrep   Nso     Nmo     Nalpha   Nbeta   Ndocc  Nsocc
   -------------------------------------------------------
     A         72      72       0       0       0       0
   -------------------------------------------------------
    Total      72      72      16      16      16       0
   -------------------------------------------------------

 OEINTS: Overlap, kinetic, potential, dipole, and quadrupole integrals
         stored in file 35.

  ==> Integral Setup <==

  ==> DFJK: Density-Fitted J/K Matrices <==

    J tasked:                  Yes
    K tasked:                  Yes
    wK tasked:                  No
    OpenMP threads:              1
    Integrals threads:           1
    Memory (MB):              1430
    Algorithm:                Core
    Integral Cache:           NONE
    Schwarz Cutoff:          1E-12
    Fitting Condition:       1E-12

   => Auxiliary Basis Set <=

  Basis Set: 
    Number of shells: 150
    Number of basis function: 474
    Number of Cartesian functions: 474
    Spherical Harmonics?: false
    Max angular momentum: 3

  Minimum eigenvalue in the overlap matrix is 3.9495288932E-03.
  Using Symmetric Orthogonalization.
  SCF Guess: Core (One-Electron) Hamiltonian.

  ==> Iterations <==

                           Total Energy        Delta E     RMS |[F,P]|

   @DF-RHF iter   1:  -157.84711812936160   -1.57847e+02   9.04162e-02 
   @DF-RHF iter   2:  -114.72453729404184    4.31226e+01   7.82558e-02 DIIS
   @DF-RHF iter   3:  -162.35924959945868   -4.76347e+01   7.01936e-02 DIIS
   @DF-RHF iter   4:  -186.35228998607670   -2.39930e+01   3.08859e-02 DIIS
   @DF-RHF iter   5:  -191.58955138914547   -5.23726e+00   1.11596e-02 DIIS
   @DF-RHF iter   6:  -191.87326555535248   -2.83714e-01   3.76845e-03 DIIS
   @DF-RHF iter   7:  -191.89936679139925   -2.61012e-02   1.95023e-03 DIIS
   @DF-RHF iter   8:  -191.91109084206812   -1.17241e-02   7.57758e-04 DIIS
   @DF-RHF iter   9:  -191.91334345350134   -2.25261e-03   1.97624e-04 DIIS
   @DF-RHF iter  10:  -191.91352899897578   -1.85545e-04   8.99536e-05 DIIS
   @DF-RHF iter  11:  -191.91357966017614   -5.06612e-05   3.48409e-05 DIIS
   @DF-RHF iter  12:  -191.91358518114254   -5.52097e-06   8.55396e-06 DIIS
   @DF-RHF iter  13:  -191.91358548874035   -3.07598e-07   1.24571e-06 DIIS
   @DF-RHF iter  14:  -191.91358549613858   -7.39823e-09   1.88902e-07 DIIS

  ==> Post-Iterations <==

    Orbital Energies (a.u.)
    -----------------------

    Doubly Occupied:                                                      

       1A    -20.561825     2A    -11.276958     3A    -11.230513  
       4A    -11.221030     5A     -1.370239     6A     -1.062149  
       7A     -0.920329     8A     -0.775575     9A     -0.702927  
      10A     -0.630749    11A     -0.622565    12A     -0.589352  
      13A     -0.524562    14A     -0.502254    15A     -0.446305  
      16A     -0.363421  

    Virtual:                                                              

      17A      0.171986    18A      0.231996    19A      0.265842  
      20A      0.276075    21A      0.308547    22A      0.351162  
      23A      0.354303    24A      0.426435    25A      0.471240  
      26A      0.504895    27A      0.723305    28A      0.766738  
      29A      0.777574    30A      0.811659    31A      0.876597  
      32A      0.881127    33A      0.932970    34A      0.949337  
      35A      1.000177    36A      1.082702    37A      1.129344  
      38A      1.155161    39A      1.168405    40A      1.187955  
      41A      1.215398    42A      1.241977    43A      1.320373  
      44A      1.381740    45A      1.413570    46A      1.464131  
      47A      1.487229    48A      1.723646    49A      1.755362  
      50A      1.870977    51A      1.913359    52A      1.968195  
      53A      2.041376    54A      2.200401    55A      2.251842  
      56A      2.304234    57A      2.340988    58A      2.448410  
      59A      2.515699    60A      2.565669    61A      2.605894  
      62A      2.687185    63A      2.825105    64A      2.853001  
      65A      2.916979    66A      3.177842    67A      3.202152  
      68A      3.308949    69A      4.178148    70A      4.541762  
      71A      4.631914    72A      4.853956  

    Final Occupation by Irrep:
              A 
    DOCC [    16 ]

  Energy converged.

  @DF-RHF Final Energy:  -191.91358549613858

   => Energetics <=

    Nuclear Repulsion Energy =            116.9439231290543404
    One-Electron Energy =                -492.1135158670253986
    Two-Electron Energy =                 183.2560072418325774
    DFT Exchange-Correlation Energy =       0.0000000000000000
    Empirical Dispersion Energy =           0.0000000000000000
    PCM Polarization Energy =               0.0000000000000000
    EFP Energy =                            0.0000000000000000
    Total Energy =                       -191.9135854961384950

    Alert: EFP and PCM quantities not currently incorporated into SCF psivars.

Properties will be evaluated at   0.000000,   0.000000,   0.000000 Bohr
  ==> Properties <==


Properties computed using the SCF density matrix

  Nuclear Dipole Moment: (a.u.)
     X:    -1.4750      Y:    -1.9961      Z:    -0.7973

  Electronic Dipole Moment: (a.u.)
     X:     1.1924      Y:     1.7676      Z:     0.2389

  Dipole Moment: (a.u.)
     X:    -0.2826      Y:    -0.2286      Z:    -0.5585     Total:     0.6663

  Dipole Moment: (Debye)
     X:    -0.7183      Y:    -0.5809      Z:    -1.4195     Total:     1.6936


  Saving occupied orbitals to File 180.

*** tstop() called on cx1-3-5-2.cx1.hpc.ic.ac.uk at Tue Jul  5 16:30:40 2016
Module time:
	user time   =       2.88 seconds =       0.05 minutes
	system time =       0.02 seconds =       0.00 minutes
	total time  =          3 seconds =       0.05 minutes
Total time:
	user time   =       2.88 seconds =       0.05 minutes
	system time =       0.02 seconds =       0.00 minutes
	total time  =          3 seconds =       0.05 minutes


Properties will be evaluated at   0.000000,   0.000000,   0.000000 Bohr

Properties computed using the  density matrix

  Nuclear Dipole Moment: (a.u.)
     X:    -1.4750      Y:    -1.9961      Z:    -0.7973

  Electronic Dipole Moment: (a.u.)
     X:     1.1924      Y:     1.7676      Z:     0.2389

  Dipole Moment: (a.u.)
     X:    -0.2826      Y:    -0.2286      Z:    -0.5585     Total:     0.6663

  Dipole Moment: (Debye)
     X:    -0.7183      Y:    -0.5809      Z:    -1.4195     Total:     1.6936

  Quadrupole Moment: (Debye Ang)
    XX:   -26.3578     YY:   -23.8810     ZZ:   -25.2024
    XY:    -1.7370     XZ:    -1.6476     YZ:    -2.5062

  Traceless Quadrupole Moment: (Debye Ang)
    XX:    -1.2107     YY:     1.2661     ZZ:    -0.0554
    XY:    -1.7370     XZ:    -1.6476     YZ:    -2.5062

  Mulliken Charges: (a.u.)
   Center  Symbol    Alpha    Beta     Spin     Total
       1     H     0.28120  0.28120  0.00000  0.43760
       2     O     4.36864  4.36864  0.00000 -0.73727
       3     C     3.00346  3.00346  0.00000 -0.00693
       4     C     3.09299  3.09299  0.00000 -0.18598
       5     H     0.40585  0.40585  0.00000  0.18830
       6     H     0.42278  0.42278  0.00000  0.15445
       7     C     3.19863  3.19863  0.00000 -0.39726
       8     H     0.40385  0.40385  0.00000  0.19230
       9     H     0.41395  0.41395  0.00000  0.17210
      10     H     0.40866  0.40866  0.00000  0.18268

   Total alpha = 16.00000, Total beta = 16.00000, Total charge = -0.00000


*** PSI4 exiting successfully. Buy a developer a beer!
