    -----------------------------------------------------------------------
          Psi4: An Open-Source Ab Initio Electronic Structure Package
                              Psi4 (no tag) Driver

                          Git: Rev {detached?}  

    J. M. Turney, A. C. Simmonett, R. M. Parrish, E. G. Hohenstein,
    F. A. Evangelista, J. T. Fermann, B. J. Mintz, L. A. Burns, J. J. Wilke,
    M. L. Abrams, N. J. Russ, M. L. Leininger, C. L. Janssen, E. T. Seidl,
    W. D. Allen, H. F. Schaefer, R. A. King, E. F. Valeev, C. D. Sherrill,
    and T. D. Crawford, WIREs Comput. Mol. Sci. 2, 556-565 (2012)
    (doi: 10.1002/wcms.93)

                         Additional Contributions by
    A. E. DePrince, M. Saitow, U. Bozkaya, A. Yu. Sokolov
    -----------------------------------------------------------------------


    Psi4 started on: Tue Jul  5 17:03:00 2016

    Process ID:   2664
    PSI4DATADIR: /export131/home/mjharvey/miniconda3/share
    Memory level set to 256.000 MB

  ==> Input File <==

--------------------------------------------------------------------------
set {
	reference rhf
	basis 6-31G*
}


set_num_threads( 1 )
memory 2 gb

molecule MOL {
0 1

H	 2.465485	 -0.842279	 1.565086
O	 2.014182	 -0.893155	 2.395533
C	 1.231231	 0.258349	 2.578886
C	 -0.045548	 0.097161	 1.772908
H	 0.992260	 0.395335	 3.632658
H	 1.770860	 1.145098	 2.249013
C	 0.198102	 0.111031	 0.262842
H	 -0.727637	 0.896526	 2.049492
H	 -0.520612	 -0.834452	 2.067678
C	 1.331804	 -0.827780	 -0.158768
H	 -0.720372	 -0.164095	 -0.249880
H	 0.436822	 1.124355	 -0.057635
C	 2.723619	 -0.410569	 0.329459
H	 1.342964	 -0.912588	 -1.244120
H	 1.116806	 -1.824343	 0.220779
C	 2.789171	 -0.022053	 1.807665
H	 3.058155	 0.434150	 -0.267721
H	 3.429041	 -1.216225	 0.135903
H	 2.084523	 0.773898	 2.033434
H	 2.561886	 -0.859609	 2.458832
H	 3.781465	 0.332546	 2.069136

	symmetry c1
}
set optking {
	frozen_dihedral = ("
		2 3 4 8,
		8 4 7 10,
		4 7 10 14,
		16 13 10 14
	")
}

ee = energy('scf')
oeprop('DIPOLE', 'QUADRUPOLE', 'MULLIKEN_CHARGES')
f=open( 'psi4out.xyz', 'w' )
f.write( "21  " )
f.write( str(ee) + "\n" )
f.write( MOL.save_string_xyz() )
f.close()
--------------------------------------------------------------------------

  Memory set to   2.000 GiB by Python script.

*** tstart() called on cx1-3-2-3.cx1.hpc.ic.ac.uk
*** at Tue Jul  5 17:03:00 2016


         ---------------------------------------------------------
                                   SCF
            by Justin Turney, Rob Parrish, and Andy Simmonett
                              RHF Reference
                        1 Threads,   2000 MiB Core
         ---------------------------------------------------------

  ==> Geometry <==

    Molecular point group: c1
    Full point group: C1

    Geometry (in Angstrom), charge = 0, multiplicity = 1:

       Center              X                  Y                   Z               Mass       
    ------------   -----------------  -----------------  -----------------  -----------------
           H          0.974916009488    -0.593748292560     0.250498136257     1.007825032070
           O          0.523613009488    -0.644624292560     1.080945136257    15.994914619560
           C         -0.259337990512     0.506879707440     1.264298136257    12.000000000000
           C         -1.536116990512     0.345691707440     0.458320136257    12.000000000000
           H         -0.498308990512     0.643865707440     2.318070136257     1.007825032070
           H          0.280291009488     1.393628707440     0.934425136257     1.007825032070
           C         -1.292466990512     0.359561707440    -1.051745863743    12.000000000000
           H         -2.218205990512     1.145056707440     0.734904136257     1.007825032070
           H         -2.011180990512    -0.585921292560     0.753090136257     1.007825032070
           C         -0.158764990512    -0.579249292560    -1.473355863743    12.000000000000
           H         -2.210940990512     0.084435707440    -1.564467863743     1.007825032070
           H         -1.053746990512     1.372885707440    -1.372222863743     1.007825032070
           C          1.233050009488    -0.162038292560    -0.985128863743    12.000000000000
           H         -0.147604990512    -0.664057292560    -2.558707863743     1.007825032070
           H         -0.373762990512    -1.575812292560    -1.093808863743     1.007825032070
           C          1.298602009488     0.226477707440     0.493077136257    12.000000000000
           H          1.567586009488     0.682680707440    -1.582308863743     1.007825032070
           H          1.938472009488    -0.967694292560    -1.178684863743     1.007825032070
           H          0.593954009488     1.022428707440     0.718846136257     1.007825032070
           H          1.071317009488    -0.611078292560     1.144244136257     1.007825032070
           H          2.290896009488     0.581076707440     0.754548136257     1.007825032070

  Running in c1 symmetry.

  Rotational constants: A =      0.11928  B =      0.10860  C =      0.06796 [cm^-1]
  Rotational constants: A =   3575.90178  B =   3255.81426  C =   2037.43209 [MHz]
  Nuclear repulsion =  390.070107629090330

  Charge       = 0
  Multiplicity = 1
  Electrons    = 58
  Nalpha       = 29
  Nbeta        = 29

  ==> Algorithm <==

  SCF Algorithm Type is DF.
  DIIS enabled.
  MOM disabled.
  Fractional occupation disabled.
  Guess Type is CORE.
  Energy threshold   = 1.00e-06
  Density threshold  = 1.00e-06
  Integral threshold = 0.00e+00

  ==> Primary Basis <==

  Basis Set: 6-31G*
    Number of shells: 70
    Number of basis function: 133
    Number of Cartesian functions: 133
    Spherical Harmonics?: false
    Max angular momentum: 2

  ==> Pre-Iterations <==

   -------------------------------------------------------
    Irrep   Nso     Nmo     Nalpha   Nbeta   Ndocc  Nsocc
   -------------------------------------------------------
     A        133     133       0       0       0       0
   -------------------------------------------------------
    Total     133     133      29      29      29       0
   -------------------------------------------------------

 OEINTS: Overlap, kinetic, potential, dipole, and quadrupole integrals
         stored in file 35.

  ==> Integral Setup <==

  ==> DFJK: Density-Fitted J/K Matrices <==

    J tasked:                  Yes
    K tasked:                  Yes
    wK tasked:                  No
    OpenMP threads:              1
    Integrals threads:           1
    Memory (MB):              1430
    Algorithm:                Core
    Integral Cache:           NONE
    Schwarz Cutoff:          1E-12
    Fitting Condition:       1E-12

   => Auxiliary Basis Set <=

  Basis Set: 
    Number of shells: 294
    Number of basis function: 917
    Number of Cartesian functions: 917
    Spherical Harmonics?: false
    Max angular momentum: 3

  Minimum eigenvalue in the overlap matrix is 1.4709970482E-03.
  Using Symmetric Orthogonalization.
  SCF Guess: Core (One-Electron) Hamiltonian.

  ==> Iterations <==

                           Total Energy        Delta E     RMS |[F,P]|

   @DF-RHF iter   1:  -231.33899360421299   -2.31339e+02   7.37455e-02 
   @DF-RHF iter   2:  -186.21793825247778    4.51211e+01   5.92947e-02 DIIS
   @DF-RHF iter   3:  -237.12414722882170   -5.09062e+01   6.14904e-02 DIIS
   @DF-RHF iter   4:  -298.99061181633340   -6.18665e+01   2.23426e-02 DIIS
   @DF-RHF iter   5:  -306.98373065819908   -7.99312e+00   1.18955e-02 DIIS
   @DF-RHF iter   6:  -308.12718274324732   -1.14345e+00   3.02759e-03 DIIS
   @DF-RHF iter   7:  -308.18410949017709   -5.69267e-02   1.39283e-03 DIIS
   @DF-RHF iter   8:  -308.20205611893391   -1.79466e-02   6.25684e-04 DIIS
   @DF-RHF iter   9:  -308.20746640419884   -5.41029e-03   2.13096e-04 DIIS
   @DF-RHF iter  10:  -308.20842892266705   -9.62518e-04   8.37139e-05 DIIS
   @DF-RHF iter  11:  -308.20873219999748   -3.03277e-04   4.84922e-05 DIIS
   @DF-RHF iter  12:  -308.20890204962097   -1.69850e-04   3.35972e-05 DIIS
   @DF-RHF iter  13:  -308.20901486073251   -1.12811e-04   1.96925e-05 DIIS
   @DF-RHF iter  14:  -308.20905287366929   -3.80129e-05   9.66584e-06 DIIS
   @DF-RHF iter  15:  -308.20906424366854   -1.13700e-05   4.65717e-06 DIIS
   @DF-RHF iter  16:  -308.20906698348699   -2.73982e-06   2.28440e-06 DIIS
   @DF-RHF iter  17:  -308.20906769939654   -7.15910e-07   1.00672e-06 DIIS
   @DF-RHF iter  18:  -308.20906780168605   -1.02290e-07   4.38437e-07 DIIS

  ==> Post-Iterations <==

    Orbital Energies (a.u.)
    -----------------------

    Doubly Occupied:                                                      

       1A    -20.626913     2A    -11.342608     3A    -11.246592  
       4A    -11.240336     5A    -11.234600     6A    -11.228673  
       7A    -11.204295     8A     -1.905500     9A     -1.259212  
      10A     -1.141545    11A     -1.080764    12A     -0.998577  
      13A     -0.961848    14A     -0.886257    15A     -0.809431  
      16A     -0.777458    17A     -0.723366    18A     -0.696800  
      19A     -0.642782    20A     -0.621795    21A     -0.597974  
      22A     -0.581097    23A     -0.529734    24A     -0.500913  
      25A     -0.483721    26A     -0.481144    27A     -0.468501  
      28A     -0.292484    29A     -0.060093  

    Virtual:                                                              

      30A      0.211690    31A      0.234473    32A      0.254891  
      33A      0.269916    34A      0.274644    35A      0.288552  
      36A      0.305725    37A      0.312185    38A      0.317233  
      39A      0.318769    40A      0.334657    41A      0.357002  
      42A      0.372034    43A      0.393142    44A      0.418407  
      45A      0.424255    46A      0.426720    47A      0.500947  
      48A      0.516442    49A      0.524760    50A      0.652393  
      51A      0.669582    52A      0.708302    53A      0.727784  
      54A      0.741181    55A      0.764608    56A      0.828184  
      57A      0.870015    58A      0.887798    59A      0.908329  
      60A      0.910794    61A      0.922670    62A      0.962330  
      63A      0.977432    64A      1.028914    65A      1.062881  
      66A      1.088656    67A      1.100967    68A      1.112581  
      69A      1.129645    70A      1.142984    71A      1.153881  
      72A      1.154493    73A      1.190891    74A      1.204354  
      75A      1.218473    76A      1.235667    77A      1.248057  
      78A      1.257723    79A      1.303117    80A      1.324048  
      81A      1.423099    82A      1.465769    83A      1.482332  
      84A      1.540053    85A      1.585559    86A      1.602928  
      87A      1.689605    88A      1.725202    89A      1.800906  
      90A      1.829726    91A      1.854249    92A      1.933912  
      93A      1.949395    94A      2.032831    95A      2.079172  
      96A      2.131811    97A      2.175520    98A      2.196698  
      99A      2.211570   100A      2.244849   101A      2.275932  
     102A      2.306085   103A      2.345970   104A      2.394385  
     105A      2.431135   106A      2.473567   107A      2.521050  
     108A      2.560005   109A      2.603105   110A      2.665210  
     111A      2.695860   112A      2.698724   113A      2.720723  
     114A      2.727762   115A      2.804951   116A      2.849988  
     117A      2.919061   118A      2.975212   119A      3.016934  
     120A      3.048383   121A      3.082037   122A      3.099779  
     123A      3.151230   124A      3.185438   125A      3.415883  
     126A      4.419295   127A      4.579419   128A      4.683266  
     129A      4.726439   130A      4.781325   131A      4.978578  
     132A      5.018309   133A      5.051791  

    Final Occupation by Irrep:
              A 
    DOCC [    29 ]

  Energy converged.

  @DF-RHF Final Energy:  -308.20906780168605

   => Energetics <=

    Nuclear Repulsion Energy =            390.0701076290903302
    One-Electron Energy =               -1187.3083915862562208
    Two-Electron Energy =                 489.0292161554797872
    DFT Exchange-Correlation Energy =       0.0000000000000000
    Empirical Dispersion Energy =           0.0000000000000000
    PCM Polarization Energy =               0.0000000000000000
    EFP Energy =                            0.0000000000000000
    Total Energy =                       -308.2090678016861034

    Alert: EFP and PCM quantities not currently incorporated into SCF psivars.

Properties will be evaluated at   0.000000,   0.000000,   0.000000 Bohr
  ==> Properties <==


Properties computed using the SCF density matrix

  Nuclear Dipole Moment: (a.u.)
     X:     0.1935      Y:     1.8041      Z:    -1.6275

  Electronic Dipole Moment: (a.u.)
     X:    -1.1583      Y:    -1.9487      Z:     1.4473

  Dipole Moment: (a.u.)
     X:    -0.9648      Y:    -0.1446      Z:    -0.1801     Total:     0.9921

  Dipole Moment: (Debye)
     X:    -2.4523      Y:    -0.3676      Z:    -0.4578     Total:     2.5216


  Saving occupied orbitals to File 180.

*** tstop() called on cx1-3-2-3.cx1.hpc.ic.ac.uk at Tue Jul  5 17:03:15 2016
Module time:
	user time   =      14.69 seconds =       0.24 minutes
	system time =       0.08 seconds =       0.00 minutes
	total time  =         15 seconds =       0.25 minutes
Total time:
	user time   =      14.69 seconds =       0.24 minutes
	system time =       0.08 seconds =       0.00 minutes
	total time  =         15 seconds =       0.25 minutes


Properties will be evaluated at   0.000000,   0.000000,   0.000000 Bohr

Properties computed using the  density matrix

  Nuclear Dipole Moment: (a.u.)
     X:     0.1935      Y:     1.8041      Z:    -1.6275

  Electronic Dipole Moment: (a.u.)
     X:    -1.1583      Y:    -1.9487      Z:     1.4473

  Dipole Moment: (a.u.)
     X:    -0.9648      Y:    -0.1446      Z:    -0.1801     Total:     0.9921

  Dipole Moment: (Debye)
     X:    -2.4523      Y:    -0.3676      Z:    -0.4578     Total:     2.5216

  Quadrupole Moment: (Debye Ang)
    XX:   -50.4170     YY:   -50.4265     ZZ:   -46.7341
    XY:    -0.6483     XZ:    -0.9632     YZ:     0.3572

  Traceless Quadrupole Moment: (Debye Ang)
    XX:    -1.2245     YY:    -1.2340     ZZ:     2.4585
    XY:    -0.6483     XZ:    -0.9632     YZ:     0.3572

  Mulliken Charges: (a.u.)
   Center  Symbol    Alpha    Beta     Spin     Total
       1     H     0.41802  0.41802  0.00000  0.16395
       2     O     3.87724  3.87724  0.00000  0.24552
       3     C     3.16254  3.16254  0.00000 -0.32507
       4     C     3.14131  3.14131  0.00000 -0.28262
       5     H     0.38377  0.38377  0.00000  0.23245
       6     H     0.56095  0.56095  0.00000 -0.12189
       7     C     3.16856  3.16856  0.00000 -0.33711
       8     H     0.39992  0.39992  0.00000  0.20016
       9     H     0.41159  0.41159  0.00000  0.17681
      10     C     3.19252  3.19252  0.00000 -0.38503
      11     H     0.41035  0.41035  0.00000  0.17930
      12     H     0.41243  0.41243  0.00000  0.17515
      13     C     3.13409  3.13409  0.00000 -0.26817
      14     H     0.40427  0.40427  0.00000  0.19146
      15     H     0.41911  0.41911  0.00000  0.16179
      16     C     3.48721  3.48721  0.00000 -0.97442
      17     H     0.41114  0.41114  0.00000  0.17771
      18     H     0.40950  0.40950  0.00000  0.18100
      19     H     0.25307  0.25307  0.00000  0.49386
      20     H     0.53214  0.53214  0.00000 -0.06428
      21     H     0.41028  0.41028  0.00000  0.17943

   Total alpha = 29.00000, Total beta = 29.00000, Total charge = -0.00000


*** PSI4 exiting successfully. Buy a developer a beer!
