    -----------------------------------------------------------------------
          Psi4: An Open-Source Ab Initio Electronic Structure Package
                              Psi4 (no tag) Driver

                          Git: Rev {detached?}  

    J. M. Turney, A. C. Simmonett, R. M. Parrish, E. G. Hohenstein,
    F. A. Evangelista, J. T. Fermann, B. J. Mintz, L. A. Burns, J. J. Wilke,
    M. L. Abrams, N. J. Russ, M. L. Leininger, C. L. Janssen, E. T. Seidl,
    W. D. Allen, H. F. Schaefer, R. A. King, E. F. Valeev, C. D. Sherrill,
    and T. D. Crawford, WIREs Comput. Mol. Sci. 2, 556-565 (2012)
    (doi: 10.1002/wcms.93)

                         Additional Contributions by
    A. E. DePrince, M. Saitow, U. Bozkaya, A. Yu. Sokolov
    -----------------------------------------------------------------------


    Psi4 started on: Tue Jul  5 16:46:27 2016

    Process ID:  16594
    PSI4DATADIR: /export131/home/mjharvey/miniconda3/share
    Memory level set to 256.000 MB

  ==> Input File <==

--------------------------------------------------------------------------
set {
	reference rhf
	basis 6-31G*
}


set_num_threads( 1 )
memory 2 gb

molecule MOL {
0 1

H	 -2.481677	 -2.175010	 0.808547
C	 -1.932416	 -1.316009	 0.471197
C	 -2.589041	 -0.166097	 0.066856
C	 -0.554838	 -1.347859	 0.436340
H	 -3.663076	 -0.121464	 0.086802
C	 -1.869210	 0.932115	 -0.365005
H	 -0.017460	 -2.221030	 0.742240
C	 0.154804	 -0.237046	 -0.000077
H	 -2.397247	 1.815019	 -0.674444
C	 -0.476731	 0.940096	 -0.415444
N	 1.611208	 -0.370857	 -0.000034
C	 0.208088	 2.197228	 -0.904906
O	 2.274126	 0.622059	 -0.008063
O	 2.068510	 -1.474748	 0.007823
H	 0.807429	 2.006647	 -1.784450
H	 -0.543191	 2.937345	 -1.150229
H	 0.867942	 2.608721	 -0.153647

	symmetry c1
}
ee = energy('scf')
oeprop('DIPOLE', 'QUADRUPOLE', 'MULLIKEN_CHARGES')
f=open( 'psi4out.xyz', 'w' )
f.write( "17  " )
f.write( str(ee) + "\n" )
f.write( MOL.save_string_xyz() )
f.close()
--------------------------------------------------------------------------

  Memory set to   2.000 GiB by Python script.

*** tstart() called on cx1-3-4-1.cx1.hpc.ic.ac.uk
*** at Tue Jul  5 16:46:28 2016


         ---------------------------------------------------------
                                   SCF
            by Justin Turney, Rob Parrish, and Andy Simmonett
                              RHF Reference
                        1 Threads,   2000 MiB Core
         ---------------------------------------------------------

  ==> Geometry <==

    Molecular point group: c1
    Full point group: C1

    Geometry (in Angstrom), charge = 0, multiplicity = 1:

       Center              X                  Y                   Z               Mass       
    ------------   -----------------  -----------------  -----------------  -----------------
           H         -2.480395914459    -2.161040346519     0.886465820755     1.007825032070
           C         -1.931134914459    -1.302039346519     0.549115820755    12.000000000000
           C         -2.587759914459    -0.152127346519     0.144774820755    12.000000000000
           C         -0.553556914459    -1.333889346519     0.514258820755    12.000000000000
           H         -3.661794914459    -0.107494346519     0.164720820755     1.007825032070
           C         -1.867928914459     0.946084653481    -0.287086179245    12.000000000000
           H         -0.016178914459    -2.207060346519     0.820158820755     1.007825032070
           C          0.156085085541    -0.223076346519     0.077841820755    12.000000000000
           H         -2.395965914459     1.828988653481    -0.596525179245     1.007825032070
           C         -0.475449914459     0.954065653481    -0.337525179245    12.000000000000
           N          1.612489085541    -0.356887346519     0.077884820755    14.003074004780
           C          0.209369085541     2.211197653481    -0.826987179245    12.000000000000
           O          2.275407085541     0.636028653481     0.069855820755    15.994914619560
           O          2.069791085541    -1.460778346519     0.085741820755    15.994914619560
           H          0.808710085541     2.020616653481    -1.706531179245     1.007825032070
           H         -0.541909914459     2.951314653481    -1.072310179245     1.007825032070
           H          0.869223085541     2.622690653481    -0.075728179245     1.007825032070

  Running in c1 symmetry.

  Rotational constants: A =      0.07607  B =      0.04272  C =      0.02781 [cm^-1]
  Rotational constants: A =   2280.48030  B =   1280.63881  C =    833.79302 [MHz]
  Nuclear repulsion =  509.347785112736403

  Charge       = 0
  Multiplicity = 1
  Electrons    = 72
  Nalpha       = 36
  Nbeta        = 36

  ==> Algorithm <==

  SCF Algorithm Type is DF.
  DIIS enabled.
  MOM disabled.
  Fractional occupation disabled.
  Guess Type is CORE.
  Energy threshold   = 1.00e-06
  Density threshold  = 1.00e-06
  Integral threshold = 0.00e+00

  ==> Primary Basis <==

  Basis Set: 6-31G*
    Number of shells: 74
    Number of basis function: 164
    Number of Cartesian functions: 164
    Spherical Harmonics?: false
    Max angular momentum: 2

  ==> Pre-Iterations <==

   -------------------------------------------------------
    Irrep   Nso     Nmo     Nalpha   Nbeta   Ndocc  Nsocc
   -------------------------------------------------------
     A        164     164       0       0       0       0
   -------------------------------------------------------
    Total     164     164      36      36      36       0
   -------------------------------------------------------

 OEINTS: Overlap, kinetic, potential, dipole, and quadrupole integrals
         stored in file 35.

  ==> Integral Setup <==

  ==> DFJK: Density-Fitted J/K Matrices <==

    J tasked:                  Yes
    K tasked:                  Yes
    wK tasked:                  No
    OpenMP threads:              1
    Integrals threads:           1
    Memory (MB):              1430
    Algorithm:                Core
    Integral Cache:           NONE
    Schwarz Cutoff:          1E-12
    Fitting Condition:       1E-12

   => Auxiliary Basis Set <=

  Basis Set: 
    Number of shells: 303
    Number of basis function: 985
    Number of Cartesian functions: 985
    Spherical Harmonics?: false
    Max angular momentum: 3

  Minimum eigenvalue in the overlap matrix is 3.7587471207E-04.
  Using Symmetric Orthogonalization.
  SCF Guess: Core (One-Electron) Hamiltonian.

  ==> Iterations <==

                           Total Energy        Delta E     RMS |[F,P]|

   @DF-RHF iter   1:  -359.04434871050211   -3.59044e+02   6.73630e-02 
   @DF-RHF iter   2:  -293.12189140748245    6.59225e+01   5.82945e-02 DIIS
   @DF-RHF iter   3:  -354.79068613508747   -6.16688e+01   6.12116e-02 DIIS
   @DF-RHF iter   4:  -447.51264087047338   -9.27220e+01   3.94738e-02 DIIS
   @DF-RHF iter   5:  -456.93930378909630   -9.42666e+00   3.05901e-02 DIIS
   @DF-RHF iter   6:  -471.27527956738385   -1.43360e+01   9.24988e-03 DIIS
   @DF-RHF iter   7:  -472.70646696392618   -1.43119e+00   5.66572e-03 DIIS
   @DF-RHF iter   8:  -473.17426135677005   -4.67794e-01   1.26112e-03 DIIS
   @DF-RHF iter   9:  -473.19959603718252   -2.53347e-02   5.91123e-04 DIIS
   @DF-RHF iter  10:  -473.20415361822671   -4.55758e-03   3.50940e-04 DIIS
   @DF-RHF iter  11:  -473.20601592023507   -1.86230e-03   1.13905e-04 DIIS
   @DF-RHF iter  12:  -473.20627884569666   -2.62925e-04   4.03695e-05 DIIS
   @DF-RHF iter  13:  -473.20631579555328   -3.69499e-05   1.14965e-05 DIIS
   @DF-RHF iter  14:  -473.20632152894683   -5.73339e-06   5.14302e-06 DIIS
   @DF-RHF iter  15:  -473.20632261038912   -1.08144e-06   2.63862e-06 DIIS
   @DF-RHF iter  16:  -473.20632288224357   -2.71854e-07   8.87804e-07 DIIS

  ==> Post-Iterations <==

    Orbital Energies (a.u.)
    -----------------------

    Doubly Occupied:                                                      

       1A    -20.598664     2A    -20.597046     3A    -15.853100  
       4A    -11.301698     5A    -11.283154     6A    -11.266363  
       7A    -11.264114     8A    -11.254026     9A    -11.253101  
      10A    -11.233423    11A     -1.631875    12A     -1.413352  
      13A     -1.199406    14A     -1.091403    15A     -1.071936  
      16A     -0.979843    17A     -0.930902    18A     -0.847193  
      19A     -0.822342    20A     -0.768886    21A     -0.731296  
      22A     -0.725177    23A     -0.693541    24A     -0.662816  
      25A     -0.637747    26A     -0.598262    27A     -0.590010  
      28A     -0.562785    29A     -0.540955    30A     -0.520195  
      31A     -0.518996    32A     -0.485166    33A     -0.477734  
      34A     -0.447775    35A     -0.369235    36A     -0.353519  

    Virtual:                                                              

      37A      0.066513    38A      0.123475    39A      0.172833  
      40A      0.224824    41A      0.256997    42A      0.278680  
      43A      0.304196    44A      0.311636    45A      0.314783  
      46A      0.336774    47A      0.374154    48A      0.390033  
      49A      0.402045    50A      0.456107    51A      0.478582  
      52A      0.501259    53A      0.529196    54A      0.535086  
      55A      0.609982    56A      0.678715    57A      0.700107  
      58A      0.711609    59A      0.722976    60A      0.747359  
      61A      0.761198    62A      0.792790    63A      0.799884  
      64A      0.809785    65A      0.819001    66A      0.827203  
      67A      0.837802    68A      0.853214    69A      0.889604  
      70A      0.899309    71A      0.919736    72A      0.947829  
      73A      0.980482    74A      0.984869    75A      1.036792  
      76A      1.051842    77A      1.076267    78A      1.082414  
      79A      1.090777    80A      1.101778    81A      1.145254  
      82A      1.151568    83A      1.169200    84A      1.180232  
      85A      1.202903    86A      1.220896    87A      1.239799  
      88A      1.265181    89A      1.271519    90A      1.298580  
      91A      1.305256    92A      1.315358    93A      1.323374  
      94A      1.384775    95A      1.437678    96A      1.451953  
      97A      1.464923    98A      1.510255    99A      1.536807  
     100A      1.591110   101A      1.638391   102A      1.641470  
     103A      1.674541   104A      1.695203   105A      1.712546  
     106A      1.738116   107A      1.750933   108A      1.757357  
     109A      1.865939   110A      1.945247   111A      2.008709  
     112A      2.041912   113A      2.047564   114A      2.089771  
     115A      2.114299   116A      2.131785   117A      2.142059  
     118A      2.172433   119A      2.218062   120A      2.241927  
     121A      2.269479   122A      2.276411   123A      2.283502  
     124A      2.358220   125A      2.382611   126A      2.427456  
     127A      2.446592   128A      2.469166   129A      2.471580  
     130A      2.478611   131A      2.529691   132A      2.549781  
     133A      2.587943   134A      2.621019   135A      2.635783  
     136A      2.699396   137A      2.722115   138A      2.800634  
     139A      2.862375   140A      2.928877   141A      2.936720  
     142A      2.978301   143A      2.986657   144A      3.039898  
     145A      3.094876   146A      3.106333   147A      3.127386  
     148A      3.195621   149A      3.253205   150A      3.289215  
     151A      3.314407   152A      3.491593   153A      3.611781  
     154A      3.821101   155A      4.174350   156A      4.326859  
     157A      4.411567   158A      4.503690   159A      4.529817  
     160A      4.546076   161A      4.684286   162A      4.772947  
     163A      4.811670   164A      5.137786  

    Final Occupation by Irrep:
              A 
    DOCC [    36 ]

  Energy converged.

  @DF-RHF Final Energy:  -473.20632288224357

   => Energetics <=

    Nuclear Repulsion Energy =            509.3477851127364033
    One-Electron Energy =               -1653.9542801942350252
    Two-Electron Energy =                 671.4001721992556213
    DFT Exchange-Correlation Energy =       0.0000000000000000
    Empirical Dispersion Energy =           0.0000000000000000
    PCM Polarization Energy =               0.0000000000000000
    EFP Energy =                            0.0000000000000000
    Total Energy =                       -473.2063228822430574

    Alert: EFP and PCM quantities not currently incorporated into SCF psivars.

Properties will be evaluated at   0.000000,   0.000000,   0.000000 Bohr
  ==> Properties <==


Properties computed using the SCF density matrix

  Nuclear Dipole Moment: (a.u.)
     X:    -6.9382      Y:     4.6357      Z:    -1.4804

  Electronic Dipole Moment: (a.u.)
     X:     5.0679      Y:    -4.3219      Z:     1.4503

  Dipole Moment: (a.u.)
     X:    -1.8703      Y:     0.3138      Z:    -0.0302     Total:     1.8967

  Dipole Moment: (Debye)
     X:    -4.7538      Y:     0.7975      Z:    -0.0767     Total:     4.8209


  Saving occupied orbitals to File 180.

*** tstop() called on cx1-3-4-1.cx1.hpc.ic.ac.uk at Tue Jul  5 16:46:50 2016
Module time:
	user time   =      21.38 seconds =       0.36 minutes
	system time =       0.22 seconds =       0.00 minutes
	total time  =         22 seconds =       0.37 minutes
Total time:
	user time   =      21.38 seconds =       0.36 minutes
	system time =       0.22 seconds =       0.00 minutes
	total time  =         22 seconds =       0.37 minutes


Properties will be evaluated at   0.000000,   0.000000,   0.000000 Bohr

Properties computed using the  density matrix

  Nuclear Dipole Moment: (a.u.)
     X:    -6.9382      Y:     4.6357      Z:    -1.4804

  Electronic Dipole Moment: (a.u.)
     X:     5.0679      Y:    -4.3219      Z:     1.4503

  Dipole Moment: (a.u.)
     X:    -1.8703      Y:     0.3138      Z:    -0.0302     Total:     1.8967

  Dipole Moment: (Debye)
     X:    -4.7538      Y:     0.7975      Z:    -0.0767     Total:     4.8209

  Quadrupole Moment: (Debye Ang)
    XX:   -61.3820     YY:   -54.9217     ZZ:   -57.9265
    XY:     2.1730     XZ:    -0.8385     YZ:    -3.3720

  Traceless Quadrupole Moment: (Debye Ang)
    XX:    -3.3053     YY:     3.1550     ZZ:     0.1503
    XY:     2.1730     XZ:    -0.8385     YZ:    -3.3720

  Mulliken Charges: (a.u.)
   Center  Symbol    Alpha    Beta     Spin     Total
       1     H     0.38929  0.38929  0.00000  0.22141
       2     C     3.11212  3.11212  0.00000 -0.22425
       3     C     3.08079  3.08079  0.00000 -0.16159
       4     C     3.08374  3.08374  0.00000 -0.16747
       5     H     0.38951  0.38951  0.00000  0.22097
       6     C     3.12605  3.12605  0.00000 -0.25209
       7     H     0.36494  0.36494  0.00000  0.27012
       8     C     2.93217  2.93217  0.00000  0.13565
       9     H     0.39276  0.39276  0.00000  0.21447
      10     C     2.96269  2.96269  0.00000  0.07462
      11     N     3.25016  3.25016  0.00000  0.49967
      12     C     3.23959  3.23959  0.00000 -0.47918
      13     O     4.23439  4.23439  0.00000 -0.46878
      14     O     4.23344  4.23344  0.00000 -0.46687
      15     H     0.40210  0.40210  0.00000  0.19580
      16     H     0.41437  0.41437  0.00000  0.17125
      17     H     0.39187  0.39187  0.00000  0.21625

   Total alpha = 36.00000, Total beta = 36.00000, Total charge =  0.00000


*** PSI4 exiting successfully. Buy a developer a beer!
