    -----------------------------------------------------------------------
          Psi4: An Open-Source Ab Initio Electronic Structure Package
                              Psi4 (no tag) Driver

                          Git: Rev {detached?}  

    J. M. Turney, A. C. Simmonett, R. M. Parrish, E. G. Hohenstein,
    F. A. Evangelista, J. T. Fermann, B. J. Mintz, L. A. Burns, J. J. Wilke,
    M. L. Abrams, N. J. Russ, M. L. Leininger, C. L. Janssen, E. T. Seidl,
    W. D. Allen, H. F. Schaefer, R. A. King, E. F. Valeev, C. D. Sherrill,
    and T. D. Crawford, WIREs Comput. Mol. Sci. 2, 556-565 (2012)
    (doi: 10.1002/wcms.93)

                         Additional Contributions by
    A. E. DePrince, M. Saitow, U. Bozkaya, A. Yu. Sokolov
    -----------------------------------------------------------------------


    Psi4 started on: Tue Jul  5 16:33:33 2016

    Process ID:  17792
    PSI4DATADIR: /export131/home/mjharvey/miniconda3/share
    Memory level set to 256.000 MB

  ==> Input File <==

--------------------------------------------------------------------------
set {
	reference rhf
	basis 6-31G*
}


set_num_threads( 1 )
memory 2 gb

molecule MOL {
0 1

H	 0.353939	 1.883899	 0.433815
O	 0.428306	 1.057262	 0.900582
C	 0.489431	 0.077273	 0.000046
C	 -0.764129	 -0.759190	 0.000191
O	 1.436301	 -0.082777	 -0.698801
C	 -2.038368	 0.075731	 -0.000248
H	 -0.717284	 -1.412404	 -0.866059
H	 -0.717458	 -1.411724	 0.866967
H	 -2.086483	 0.712501	 -0.875098
H	 -2.908485	 -0.571682	 -0.000042
H	 -2.086576	 0.713280	 0.874068

	symmetry c1
}
set optking {
	frozen_dihedral = ("
		2 3 4 7
	")
}

ee = energy('scf')
oeprop('DIPOLE', 'QUADRUPOLE', 'MULLIKEN_CHARGES')
f=open( 'psi4out.xyz', 'w' )
f.write( "11  " )
f.write( str(ee) + "\n" )
f.write( MOL.save_string_xyz() )
f.close()
--------------------------------------------------------------------------

  Memory set to   2.000 GiB by Python script.

*** tstart() called on cx1-3-15-3.cx1.hpc.ic.ac.uk
*** at Tue Jul  5 16:33:33 2016


         ---------------------------------------------------------
                                   SCF
            by Justin Turney, Rob Parrish, and Andy Simmonett
                              RHF Reference
                        1 Threads,   2000 MiB Core
         ---------------------------------------------------------

  ==> Geometry <==

    Molecular point group: c1
    Full point group: C1

    Geometry (in Angstrom), charge = 0, multiplicity = 1:

       Center              X                  Y                   Z               Mass       
    ------------   -----------------  -----------------  -----------------  -----------------
           H          0.437124410147     1.772795188270     0.384320921139     1.007825032070
           O          0.511491410147     0.946158188270     0.851087921139    15.994914619560
           C          0.572616410147    -0.033830811730    -0.049448078861    12.000000000000
           C         -0.680943589853    -0.870293811730    -0.049303078861    12.000000000000
           O          1.519486410147    -0.193880811730    -0.748295078861    15.994914619560
           C         -1.955182589853    -0.035372811730    -0.049742078861    12.000000000000
           H         -0.634098589853    -1.523507811730    -0.915553078861     1.007825032070
           H         -0.634272589853    -1.522827811730     0.817472921139     1.007825032070
           H         -2.003297589853     0.601397188270    -0.924592078861     1.007825032070
           H         -2.825299589853    -0.682785811730    -0.049536078861     1.007825032070
           H         -2.003390589853     0.602176188270     0.824573921139     1.007825032070

  Running in c1 symmetry.

  Rotational constants: A =      0.31002  B =      0.13467  C =      0.10435 [cm^-1]
  Rotational constants: A =   9294.04718  B =   4037.40124  C =   3128.25686 [MHz]
  Nuclear repulsion =  180.695553579541581

  Charge       = 0
  Multiplicity = 1
  Electrons    = 40
  Nalpha       = 20
  Nbeta        = 20

  ==> Algorithm <==

  SCF Algorithm Type is DF.
  DIIS enabled.
  MOM disabled.
  Fractional occupation disabled.
  Guess Type is CORE.
  Energy threshold   = 1.00e-06
  Density threshold  = 1.00e-06
  Integral threshold = 0.00e+00

  ==> Primary Basis <==

  Basis Set: 6-31G*
    Number of shells: 42
    Number of basis function: 87
    Number of Cartesian functions: 87
    Spherical Harmonics?: false
    Max angular momentum: 2

  ==> Pre-Iterations <==

   -------------------------------------------------------
    Irrep   Nso     Nmo     Nalpha   Nbeta   Ndocc  Nsocc
   -------------------------------------------------------
     A         87      87       0       0       0       0
   -------------------------------------------------------
    Total      87      87      20      20      20       0
   -------------------------------------------------------

 OEINTS: Overlap, kinetic, potential, dipole, and quadrupole integrals
         stored in file 35.

  ==> Integral Setup <==

  ==> DFJK: Density-Fitted J/K Matrices <==

    J tasked:                  Yes
    K tasked:                  Yes
    wK tasked:                  No
    OpenMP threads:              1
    Integrals threads:           1
    Memory (MB):              1430
    Algorithm:                Core
    Integral Cache:           NONE
    Schwarz Cutoff:          1E-12
    Fitting Condition:       1E-12

   => Auxiliary Basis Set <=

  Basis Set: 
    Number of shells: 174
    Number of basis function: 555
    Number of Cartesian functions: 555
    Spherical Harmonics?: false
    Max angular momentum: 3

  Minimum eigenvalue in the overlap matrix is 3.6607745902E-03.
  Using Symmetric Orthogonalization.
  SCF Guess: Core (One-Electron) Hamiltonian.

  ==> Iterations <==

                           Total Energy        Delta E     RMS |[F,P]|

   @DF-RHF iter   1:  -217.38099315714123   -2.17381e+02   8.22826e-02 
   @DF-RHF iter   2:  -157.38162223472835    5.99994e+01   9.04039e-02 DIIS
   @DF-RHF iter   3:  -249.95575650194269   -9.25741e+01   4.05659e-02 DIIS
   @DF-RHF iter   4:  -241.08838022549742    8.86738e+00   5.95483e-02 DIIS
   @DF-RHF iter   5:  -266.53030751072771   -2.54419e+01   8.98304e-03 DIIS
   @DF-RHF iter   6:  -266.71070650750255   -1.80399e-01   6.28991e-03 DIIS
   @DF-RHF iter   7:  -266.81792319416707   -1.07217e-01   1.01193e-03 DIIS
   @DF-RHF iter   8:  -266.82272793925034   -4.80475e-03   4.28826e-04 DIIS
   @DF-RHF iter   9:  -266.82361922184305   -8.91283e-04   1.45789e-04 DIIS
   @DF-RHF iter  10:  -266.82370303582400   -8.38140e-05   6.18606e-05 DIIS
   @DF-RHF iter  11:  -266.82372256215837   -1.95263e-05   1.97423e-05 DIIS
   @DF-RHF iter  12:  -266.82372457831070   -2.01615e-06   5.43556e-06 DIIS
   @DF-RHF iter  13:  -266.82372477651774   -1.98207e-07   1.50310e-06 DIIS
   @DF-RHF iter  14:  -266.82372479857310   -2.20554e-08   5.26513e-07 DIIS

  ==> Post-Iterations <==

    Orbital Energies (a.u.)
    -----------------------

    Doubly Occupied:                                                      

       1A    -20.600699     2A    -20.558510     3A    -11.380427  
       4A    -11.242748     5A    -11.232331     6A     -1.470901  
       7A     -1.368198     8A     -1.068953     9A     -0.911372  
      10A     -0.818063    11A     -0.708616    12A     -0.683163  
      13A     -0.653917    14A     -0.624387    15A     -0.564407  
      16A     -0.550169    17A     -0.518105    18A     -0.507389  
      19A     -0.487399    20A     -0.441741  

    Virtual:                                                              

      21A      0.171752    22A      0.201684    23A      0.270232  
      24A      0.286440    25A      0.298160    26A      0.311517  
      27A      0.336671    28A      0.393747    29A      0.426097  
      30A      0.503675    31A      0.559690    32A      0.719840  
      33A      0.725856    34A      0.757383    35A      0.781278  
      36A      0.845849    37A      0.876329    38A      0.936322  
      39A      0.964161    40A      0.980316    41A      1.027548  
      42A      1.078306    43A      1.124754    44A      1.130390  
      45A      1.153565    46A      1.160141    47A      1.200939  
      48A      1.231593    49A      1.244360    50A      1.294408  
      51A      1.342321    52A      1.354338    53A      1.364085  
      54A      1.424888    55A      1.621534    56A      1.705994  
      57A      1.715912    58A      1.815167    59A      1.860730  
      60A      2.000428    61A      2.026073    62A      2.041856  
      63A      2.096609    64A      2.120837    65A      2.146685  
      66A      2.229167    67A      2.249588    68A      2.291509  
      69A      2.366900    70A      2.428167    71A      2.587200  
      72A      2.631423    73A      2.673012    74A      2.713369  
      75A      2.740828    76A      2.823574    77A      2.927150  
      78A      3.039794    79A      3.147377    80A      3.234390  
      81A      3.374116    82A      3.472541    83A      4.224457  
      84A      4.491524    85A      4.634684    86A      4.737563  
      87A      4.939961  

    Final Occupation by Irrep:
              A 
    DOCC [    20 ]

  Energy converged.

  @DF-RHF Final Energy:  -266.82372479857310

   => Energetics <=

    Nuclear Repulsion Energy =            180.6955535795415813
    One-Electron Energy =                -722.2555810921599004
    Two-Electron Energy =                 274.7363027140446547
    DFT Exchange-Correlation Energy =       0.0000000000000000
    Empirical Dispersion Energy =           0.0000000000000000
    PCM Polarization Energy =               0.0000000000000000
    EFP Energy =                            0.0000000000000000
    Total Energy =                       -266.8237247985736076

    Alert: EFP and PCM quantities not currently incorporated into SCF psivars.

Properties will be evaluated at   0.000000,   0.000000,   0.000000 Bohr
  ==> Properties <==


Properties computed using the SCF density matrix

  Nuclear Dipole Moment: (a.u.)
     X:    -7.1743      Y:    -0.7021      Z:     0.1286

  Electronic Dipole Moment: (a.u.)
     X:     6.0234      Y:     1.0533      Z:    -0.0392

  Dipole Moment: (a.u.)
     X:    -1.1509      Y:     0.3512      Z:     0.0894     Total:     1.2066

  Dipole Moment: (Debye)
     X:    -2.9253      Y:     0.8928      Z:     0.2273     Total:     3.0669


  Saving occupied orbitals to File 180.

*** tstop() called on cx1-3-15-3.cx1.hpc.ic.ac.uk at Tue Jul  5 16:33:37 2016
Module time:
	user time   =       3.33 seconds =       0.06 minutes
	system time =       0.03 seconds =       0.00 minutes
	total time  =          4 seconds =       0.07 minutes
Total time:
	user time   =       3.33 seconds =       0.06 minutes
	system time =       0.03 seconds =       0.00 minutes
	total time  =          4 seconds =       0.07 minutes


Properties will be evaluated at   0.000000,   0.000000,   0.000000 Bohr

Properties computed using the  density matrix

  Nuclear Dipole Moment: (a.u.)
     X:    -7.1743      Y:    -0.7021      Z:     0.1286

  Electronic Dipole Moment: (a.u.)
     X:     6.0234      Y:     1.0533      Z:    -0.0392

  Dipole Moment: (a.u.)
     X:    -1.1509      Y:     0.3512      Z:     0.0894     Total:     1.2066

  Dipole Moment: (Debye)
     X:    -2.9253      Y:     0.8928      Z:     0.2273     Total:     3.0669

  Quadrupole Moment: (Debye Ang)
    XX:   -34.6031     YY:   -25.2664     ZZ:   -32.7937
    XY:     1.1799     XZ:     1.9665     YZ:    -1.8713

  Traceless Quadrupole Moment: (Debye Ang)
    XX:    -3.7154     YY:     5.6214     ZZ:    -1.9060
    XY:     1.1799     XZ:     1.9665     YZ:    -1.8713

  Mulliken Charges: (a.u.)
   Center  Symbol    Alpha    Beta     Spin     Total
       1     H     0.26377  0.26377  0.00000  0.47246
       2     O     4.35289  4.35289  0.00000 -0.70578
       3     C     2.64090  2.64090  0.00000  0.71820
       4     C     3.20234  3.20234  0.00000 -0.40468
       5     O     4.25625  4.25625  0.00000 -0.51249
       6     C     3.25399  3.25399  0.00000 -0.50797
       7     H     0.39853  0.39853  0.00000  0.20295
       8     H     0.39862  0.39862  0.00000  0.20275
       9     H     0.41755  0.41755  0.00000  0.16490
      10     H     0.40939  0.40939  0.00000  0.18122
      11     H     0.40578  0.40578  0.00000  0.18844

   Total alpha = 20.00000, Total beta = 20.00000, Total charge = -0.00000


*** PSI4 exiting successfully. Buy a developer a beer!
