    -----------------------------------------------------------------------
          Psi4: An Open-Source Ab Initio Electronic Structure Package
                              Psi4 (no tag) Driver

                          Git: Rev {detached?}  

    J. M. Turney, A. C. Simmonett, R. M. Parrish, E. G. Hohenstein,
    F. A. Evangelista, J. T. Fermann, B. J. Mintz, L. A. Burns, J. J. Wilke,
    M. L. Abrams, N. J. Russ, M. L. Leininger, C. L. Janssen, E. T. Seidl,
    W. D. Allen, H. F. Schaefer, R. A. King, E. F. Valeev, C. D. Sherrill,
    and T. D. Crawford, WIREs Comput. Mol. Sci. 2, 556-565 (2012)
    (doi: 10.1002/wcms.93)

                         Additional Contributions by
    A. E. DePrince, M. Saitow, U. Bozkaya, A. Yu. Sokolov
    -----------------------------------------------------------------------


    Psi4 started on: Tue Jul  5 16:38:47 2016

    Process ID:  30513
    PSI4DATADIR: /export131/home/mjharvey/miniconda3/share
    Memory level set to 256.000 MB

  ==> Input File <==

--------------------------------------------------------------------------
set {
	reference rhf
	basis 6-31G*
}


set_num_threads( 1 )
memory 2 gb

molecule MOL {
0 1

H	 -3.078519	 2.031973	 0.701344
O	 -2.458232	 1.328057	 0.826444
C	 -2.173731	 0.724094	 -0.409226
C	 -1.177863	 -0.397191	 -0.171080
H	 -3.082292	 0.326547	 -0.859538
H	 -1.756740	 1.451641	 -1.104304
C	 0.198102	 0.111031	 0.262842
H	 -1.091350	 -0.977554	 -1.085641
H	 -1.586905	 -1.063169	 0.583661
C	 1.331804	 -0.827780	 -0.158768
H	 0.361943	 1.100838	 -0.156218
H	 0.217265	 0.229072	 1.345532
C	 2.723619	 -0.410569	 0.329459
H	 1.342964	 -0.912588	 -1.244120
H	 1.116806	 -1.824343	 0.220779
C	 3.243875	 0.895854	 -0.272975
H	 3.424222	 -1.207124	 0.091250
H	 2.714788	 -0.329854	 1.414619
H	 3.251977	 0.848779	 -1.358681
H	 2.637085	 1.747371	 0.016682
H	 4.259473	 1.094070	 0.055697

	symmetry c1
}
set optking {
	frozen_dihedral = ("
		2 3 4 8,
		4 7 10 14,
		16 13 10 14,
		1 2 3 5
	")
}

ee = energy('scf')
oeprop('DIPOLE', 'QUADRUPOLE', 'MULLIKEN_CHARGES')
f=open( 'psi4out.xyz', 'w' )
f.write( "21  " )
f.write( str(ee) + "\n" )
f.write( MOL.save_string_xyz() )
f.close()
--------------------------------------------------------------------------

  Memory set to   2.000 GiB by Python script.

*** tstart() called on cx1-3-2-3.cx1.hpc.ic.ac.uk
*** at Tue Jul  5 16:38:48 2016


         ---------------------------------------------------------
                                   SCF
            by Justin Turney, Rob Parrish, and Andy Simmonett
                              RHF Reference
                        1 Threads,   2000 MiB Core
         ---------------------------------------------------------

  ==> Geometry <==

    Molecular point group: c1
    Full point group: C1

    Geometry (in Angstrom), charge = 0, multiplicity = 1:

       Center              X                  Y                   Z               Mass       
    ------------   -----------------  -----------------  -----------------  -----------------
           H         -3.266850589344     1.787882103284     0.634821963190     1.007825032070
           O         -2.646563589344     1.083966103284     0.759921963190    15.994914619560
           C         -2.362062589344     0.480003103284    -0.475748036810    12.000000000000
           C         -1.366194589344    -0.641281896716    -0.237602036810    12.000000000000
           H         -3.270623589344     0.082456103284    -0.926060036810     1.007825032070
           H         -1.945071589344     1.207550103284    -1.170826036810     1.007825032070
           C          0.009770410656    -0.133059896716     0.196319963190    12.000000000000
           H         -1.279681589344    -1.221644896716    -1.152163036810     1.007825032070
           H         -1.775236589344    -1.307259896716     0.517138963190     1.007825032070
           C          1.143472410656    -1.071870896716    -0.225290036810    12.000000000000
           H          0.173611410656     0.856747103284    -0.222740036810     1.007825032070
           H          0.028933410656    -0.015018896716     1.279009963190     1.007825032070
           C          2.535287410656    -0.654659896716     0.262936963190    12.000000000000
           H          1.154632410656    -1.156678896716    -1.310642036810     1.007825032070
           H          0.928474410656    -2.068433896716     0.154256963190     1.007825032070
           C          3.055543410656     0.651763103284    -0.339497036810    12.000000000000
           H          3.235890410656    -1.451214896716     0.024727963190     1.007825032070
           H          2.526456410656    -0.573944896716     1.348096963190     1.007825032070
           H          3.063645410656     0.604688103284    -1.425203036810     1.007825032070
           H          2.448753410656     1.503280103284    -0.049840036810     1.007825032070
           H          4.071141410656     0.849979103284    -0.010825036810     1.007825032070

  Running in c1 symmetry.

  Rotational constants: A =      0.19249  B =      0.03217  C =      0.03005 [cm^-1]
  Rotational constants: A =   5770.59802  B =    964.52217  C =    900.92444 [MHz]
  Nuclear repulsion =  317.185433840207963

  Charge       = 0
  Multiplicity = 1
  Electrons    = 58
  Nalpha       = 29
  Nbeta        = 29

  ==> Algorithm <==

  SCF Algorithm Type is DF.
  DIIS enabled.
  MOM disabled.
  Fractional occupation disabled.
  Guess Type is CORE.
  Energy threshold   = 1.00e-06
  Density threshold  = 1.00e-06
  Integral threshold = 0.00e+00

  ==> Primary Basis <==

  Basis Set: 6-31G*
    Number of shells: 70
    Number of basis function: 133
    Number of Cartesian functions: 133
    Spherical Harmonics?: false
    Max angular momentum: 2

  ==> Pre-Iterations <==

   -------------------------------------------------------
    Irrep   Nso     Nmo     Nalpha   Nbeta   Ndocc  Nsocc
   -------------------------------------------------------
     A        133     133       0       0       0       0
   -------------------------------------------------------
    Total     133     133      29      29      29       0
   -------------------------------------------------------

 OEINTS: Overlap, kinetic, potential, dipole, and quadrupole integrals
         stored in file 35.

  ==> Integral Setup <==

  ==> DFJK: Density-Fitted J/K Matrices <==

    J tasked:                  Yes
    K tasked:                  Yes
    wK tasked:                  No
    OpenMP threads:              1
    Integrals threads:           1
    Memory (MB):              1430
    Algorithm:                Core
    Integral Cache:           NONE
    Schwarz Cutoff:          1E-12
    Fitting Condition:       1E-12

   => Auxiliary Basis Set <=

  Basis Set: 
    Number of shells: 294
    Number of basis function: 917
    Number of Cartesian functions: 917
    Spherical Harmonics?: false
    Max angular momentum: 3

  Minimum eigenvalue in the overlap matrix is 3.5165336969E-03.
  Using Symmetric Orthogonalization.
  SCF Guess: Core (One-Electron) Hamiltonian.

  ==> Iterations <==

                           Total Energy        Delta E     RMS |[F,P]|

   @DF-RHF iter   1:  -235.18450774349031   -2.35185e+02   6.68779e-02 
   @DF-RHF iter   2:   -92.88112363017967    1.42303e+02   7.68020e-02 DIIS
   @DF-RHF iter   3:  -243.29274718576079   -1.50412e+02   4.41498e-02 DIIS
   @DF-RHF iter   4:  -193.94142712414111    4.93513e+01   6.92291e-02 DIIS
   @DF-RHF iter   5:  -301.42902858474901   -1.07488e+02   2.18936e-02 DIIS
   @DF-RHF iter   6:  -309.78071606026555   -8.35169e+00   6.79852e-03 DIIS
   @DF-RHF iter   7:  -310.17245854342394   -3.91742e-01   1.92439e-03 DIIS
   @DF-RHF iter   8:  -310.20501280028083   -3.25543e-02   5.87869e-04 DIIS
   @DF-RHF iter   9:  -310.20980391082088   -4.79111e-03   1.73764e-04 DIIS
   @DF-RHF iter  10:  -310.21021694088284   -4.13030e-04   6.04786e-05 DIIS
   @DF-RHF iter  11:  -310.21026626163319   -4.93208e-05   1.97428e-05 DIIS
   @DF-RHF iter  12:  -310.21027262816636   -6.36653e-06   6.22897e-06 DIIS
   @DF-RHF iter  13:  -310.21027324201435   -6.13848e-07   1.34920e-06 DIIS
   @DF-RHF iter  14:  -310.21027327279268   -3.07783e-08   3.63521e-07 DIIS

  ==> Post-Iterations <==

    Orbital Energies (a.u.)
    -----------------------

    Doubly Occupied:                                                      

       1A    -20.552578     2A    -11.267380     3A    -11.211506  
       4A    -11.210843     5A    -11.209567     6A    -11.206679  
       7A    -11.205105     8A     -1.359620     9A     -1.081602  
      10A     -1.030217    11A     -0.953016    12A     -0.874868  
      13A     -0.803369    14A     -0.773549    15A     -0.703020  
      16A     -0.648208    17A     -0.618975    18A     -0.604296  
      19A     -0.581579    20A     -0.567580    21A     -0.533101  
      22A     -0.526045    23A     -0.503945    24A     -0.491497  
      25A     -0.475683    26A     -0.455988    27A     -0.452816  
      28A     -0.442190    29A     -0.426911  

    Virtual:                                                              

      30A      0.226444    31A      0.236060    32A      0.264993  
      33A      0.272990    34A      0.279583    35A      0.307521  
      36A      0.311810    37A      0.313712    38A      0.326491  
      39A      0.340335    40A      0.346411    41A      0.356549  
      42A      0.367316    43A      0.379865    44A      0.395761  
      45A      0.407108    46A      0.440143    47A      0.450436  
      48A      0.476152    49A      0.496297    50A      0.707781  
      51A      0.722090    52A      0.725792    53A      0.746456  
      54A      0.771165    55A      0.791501    56A      0.815734  
      57A      0.840467    58A      0.880467    59A      0.926858  
      60A      0.937080    61A      0.958297    62A      0.964296  
      63A      1.003143    64A      1.032394    65A      1.078947  
      66A      1.096835    67A      1.127042    68A      1.134956  
      69A      1.145073    70A      1.160409    71A      1.175258  
      72A      1.182448    73A      1.192194    74A      1.202709  
      75A      1.211540    76A      1.220729    77A      1.228620  
      78A      1.251081    79A      1.258139    80A      1.265466  
      81A      1.281384    82A      1.301386    83A      1.325097  
      84A      1.347784    85A      1.433239    86A      1.521354  
      87A      1.576416    88A      1.697510    89A      1.705105  
      90A      1.743432    91A      1.785728    92A      1.852399  
      93A      1.905667    94A      1.930978    95A      1.970711  
      96A      2.017595    97A      2.046484    98A      2.091668  
      99A      2.129903   100A      2.197514   101A      2.217689  
     102A      2.261358   103A      2.279806   104A      2.313939  
     105A      2.331260   106A      2.345215   107A      2.377397  
     108A      2.427608   109A      2.481788   110A      2.499631  
     111A      2.615272   112A      2.650184   113A      2.667488  
     114A      2.701085   115A      2.719559   116A      2.736716  
     117A      2.761245   118A      2.789762   119A      2.810112  
     120A      2.878273   121A      2.958755   122A      2.996455  
     123A      3.019193   124A      3.108560   125A      3.150571  
     126A      3.240017   127A      4.174634   128A      4.560247  
     129A      4.644264   130A      4.741359   131A      4.833751  
     132A      4.903174   133A      5.007421  

    Final Occupation by Irrep:
              A 
    DOCC [    29 ]

  Energy converged.

  @DF-RHF Final Energy:  -310.21027327279268

   => Energetics <=

    Nuclear Repulsion Energy =            317.1854338402079634
    One-Electron Energy =               -1049.2478706133488231
    Two-Electron Energy =                 421.8521635003484107
    DFT Exchange-Correlation Energy =       0.0000000000000000
    Empirical Dispersion Energy =           0.0000000000000000
    PCM Polarization Energy =               0.0000000000000000
    EFP Energy =                            0.0000000000000000
    Total Energy =                       -310.2102732727925058

    Alert: EFP and PCM quantities not currently incorporated into SCF psivars.

Properties will be evaluated at   0.000000,   0.000000,   0.000000 Bohr
  ==> Properties <==


Properties computed using the SCF density matrix

  Nuclear Dipole Moment: (a.u.)
     X:     5.7003      Y:    -0.8400      Z:    -2.1621

  Electronic Dipole Moment: (a.u.)
     X:    -5.9840      Y:     1.0231      Z:     1.6339

  Dipole Moment: (a.u.)
     X:    -0.2837      Y:     0.1830      Z:    -0.5282     Total:     0.6269

  Dipole Moment: (Debye)
     X:    -0.7212      Y:     0.4652      Z:    -1.3427     Total:     1.5935


  Saving occupied orbitals to File 180.

*** tstop() called on cx1-3-2-3.cx1.hpc.ic.ac.uk at Tue Jul  5 16:39:08 2016
Module time:
	user time   =      19.47 seconds =       0.32 minutes
	system time =       0.09 seconds =       0.00 minutes
	total time  =         20 seconds =       0.33 minutes
Total time:
	user time   =      19.47 seconds =       0.32 minutes
	system time =       0.09 seconds =       0.00 minutes
	total time  =         20 seconds =       0.33 minutes


Properties will be evaluated at   0.000000,   0.000000,   0.000000 Bohr

Properties computed using the  density matrix

  Nuclear Dipole Moment: (a.u.)
     X:     5.7003      Y:    -0.8400      Z:    -2.1621

  Electronic Dipole Moment: (a.u.)
     X:    -5.9840      Y:     1.0231      Z:     1.6339

  Dipole Moment: (a.u.)
     X:    -0.2837      Y:     0.1830      Z:    -0.5282     Total:     0.6269

  Dipole Moment: (Debye)
     X:    -0.7212      Y:     0.4652      Z:    -1.3427     Total:     1.5935

  Quadrupole Moment: (Debye Ang)
    XX:   -42.8092     YY:   -44.5047     ZZ:   -47.9795
    XY:    -3.6185     XZ:     3.2408     YZ:    -0.8484

  Traceless Quadrupole Moment: (Debye Ang)
    XX:     2.2886     YY:     0.5931     ZZ:    -2.8817
    XY:    -3.6185     XZ:     3.2408     YZ:    -0.8484

  Mulliken Charges: (a.u.)
   Center  Symbol    Alpha    Beta     Spin     Total
       1     H     0.28094  0.28094  0.00000  0.43813
       2     O     4.36948  4.36948  0.00000 -0.73897
       3     C     2.99954  2.99954  0.00000  0.00092
       4     C     3.16050  3.16050  0.00000 -0.32100
       5     H     0.43029  0.43029  0.00000  0.13942
       6     H     0.43231  0.43231  0.00000  0.13538
       7     C     3.15234  3.15234  0.00000 -0.30468
       8     H     0.42280  0.42280  0.00000  0.15439
       9     H     0.41230  0.41230  0.00000  0.17539
      10     C     3.15474  3.15474  0.00000 -0.30949
      11     H     0.42150  0.42150  0.00000  0.15700
      12     H     0.41394  0.41394  0.00000  0.17213
      13     C     3.15223  3.15223  0.00000 -0.30446
      14     H     0.42632  0.42632  0.00000  0.14735
      15     H     0.42250  0.42250  0.00000  0.15501
      16     C     3.24121  3.24121  0.00000 -0.48243
      17     H     0.42203  0.42203  0.00000  0.15594
      18     H     0.42266  0.42266  0.00000  0.15468
      19     H     0.42339  0.42339  0.00000  0.15322
      20     H     0.41917  0.41917  0.00000  0.16165
      21     H     0.41979  0.41979  0.00000  0.16041

   Total alpha = 29.00000, Total beta = 29.00000, Total charge = -0.00000


*** PSI4 exiting successfully. Buy a developer a beer!
