    -----------------------------------------------------------------------
          Psi4: An Open-Source Ab Initio Electronic Structure Package
                              Psi4 (no tag) Driver

                          Git: Rev {detached?}  

    J. M. Turney, A. C. Simmonett, R. M. Parrish, E. G. Hohenstein,
    F. A. Evangelista, J. T. Fermann, B. J. Mintz, L. A. Burns, J. J. Wilke,
    M. L. Abrams, N. J. Russ, M. L. Leininger, C. L. Janssen, E. T. Seidl,
    W. D. Allen, H. F. Schaefer, R. A. King, E. F. Valeev, C. D. Sherrill,
    and T. D. Crawford, WIREs Comput. Mol. Sci. 2, 556-565 (2012)
    (doi: 10.1002/wcms.93)

                         Additional Contributions by
    A. E. DePrince, M. Saitow, U. Bozkaya, A. Yu. Sokolov
    -----------------------------------------------------------------------


    Psi4 started on: Tue Jul  5 16:27:52 2016

    Process ID:  27203
    PSI4DATADIR: /export131/home/mjharvey/miniconda3/share
    Memory level set to 256.000 MB

  ==> Input File <==

--------------------------------------------------------------------------
set {
	reference rhf
	basis 6-31G*
}


set_num_threads( 1 )
memory 2 gb

molecule MOL {
0 1

H	 -0.311682	 0.016649	 -2.349799
C	 0.099024	 0.906151	 -1.856025
C	 0.065331	 0.871482	 -0.349150
O	 0.531254	 1.802965	 -2.504578
C	 -1.339775	 0.583656	 0.198860
H	 0.450809	 1.813609	 0.023296
H	 0.743782	 0.081615	 -0.029813
C	 -1.808407	 -0.848507	 -0.061364
H	 -2.036183	 1.280685	 -0.256307
H	 -1.360094	 0.788874	 1.267089
H	 -1.828843	 -1.063152	 -1.125336
H	 -2.808409	 -1.004529	 0.329750
H	 -1.153967	 -1.577789	 0.406873

	symmetry c1
}
set optking {
	frozen_dihedral = ("
		6 3 2 4
	")
}

ee = energy('scf')
oeprop('DIPOLE', 'QUADRUPOLE', 'MULLIKEN_CHARGES')
f=open( 'psi4out.xyz', 'w' )
f.write( "13  " )
f.write( str(ee) + "\n" )
f.write( MOL.save_string_xyz() )
f.close()
--------------------------------------------------------------------------

  Memory set to   2.000 GiB by Python script.

*** tstart() called on cx1-3-1-3.cx1.hpc.ic.ac.uk
*** at Tue Jul  5 16:27:52 2016


         ---------------------------------------------------------
                                   SCF
            by Justin Turney, Rob Parrish, and Andy Simmonett
                              RHF Reference
                        1 Threads,   2000 MiB Core
         ---------------------------------------------------------

  ==> Geometry <==

    Molecular point group: c1
    Full point group: C1

    Geometry (in Angstrom), charge = 0, multiplicity = 1:

       Center              X                  Y                   Z               Mass       
    ------------   -----------------  -----------------  -----------------  -----------------
           H          0.183452093226    -0.640190834566    -1.425253143528     1.007825032070
           C          0.594158093226     0.249311165434    -0.931479143528    12.000000000000
           C          0.560465093226     0.214642165434     0.575395856472    12.000000000000
           O          1.026388093226     1.146125165434    -1.580032143528    15.994914619560
           C         -0.844640906774    -0.073183834566     1.123405856472    12.000000000000
           H          0.945943093226     1.156769165434     0.947841856472     1.007825032070
           H          1.238916093226    -0.575224834566     0.894732856472     1.007825032070
           C         -1.313272906774    -1.505346834566     0.863181856472    12.000000000000
           H         -1.541048906774     0.623845165434     0.668238856472     1.007825032070
           H         -0.864959906774     0.132034165434     2.191634856472     1.007825032070
           H         -1.333708906774    -1.719991834566    -0.200790143528     1.007825032070
           H         -2.313274906774    -1.661368834566     1.254295856472     1.007825032070
           H         -0.658832906774    -2.234628834566     1.331418856472     1.007825032070

  Running in c1 symmetry.

  Rotational constants: A =      0.43495  B =      0.08727  C =      0.08017 [cm^-1]
  Rotational constants: A =  13039.35253  B =   2616.22087  C =   2403.49473 [MHz]
  Nuclear repulsion =  172.871258641575082

  Charge       = 0
  Multiplicity = 1
  Electrons    = 40
  Nalpha       = 20
  Nbeta        = 20

  ==> Algorithm <==

  SCF Algorithm Type is DF.
  DIIS enabled.
  MOM disabled.
  Fractional occupation disabled.
  Guess Type is CORE.
  Energy threshold   = 1.00e-06
  Density threshold  = 1.00e-06
  Integral threshold = 0.00e+00

  ==> Primary Basis <==

  Basis Set: 6-31G*
    Number of shells: 46
    Number of basis function: 91
    Number of Cartesian functions: 91
    Spherical Harmonics?: false
    Max angular momentum: 2

  ==> Pre-Iterations <==

   -------------------------------------------------------
    Irrep   Nso     Nmo     Nalpha   Nbeta   Ndocc  Nsocc
   -------------------------------------------------------
     A         91      91       0       0       0       0
   -------------------------------------------------------
    Total      91      91      20      20      20       0
   -------------------------------------------------------

 OEINTS: Overlap, kinetic, potential, dipole, and quadrupole integrals
         stored in file 35.

  ==> Integral Setup <==

  ==> DFJK: Density-Fitted J/K Matrices <==

    J tasked:                  Yes
    K tasked:                  Yes
    wK tasked:                  No
    OpenMP threads:              1
    Integrals threads:           1
    Memory (MB):              1430
    Algorithm:                Core
    Integral Cache:           NONE
    Schwarz Cutoff:          1E-12
    Fitting Condition:       1E-12

   => Auxiliary Basis Set <=

  Basis Set: 
    Number of shells: 192
    Number of basis function: 605
    Number of Cartesian functions: 605
    Spherical Harmonics?: false
    Max angular momentum: 3

  Minimum eigenvalue in the overlap matrix is 4.5900587784E-03.
  Using Symmetric Orthogonalization.
  SCF Guess: Core (One-Electron) Hamiltonian.

  ==> Iterations <==

                           Total Energy        Delta E     RMS |[F,P]|

   @DF-RHF iter   1:  -179.81562561893315   -1.79816e+02   8.02673e-02 
   @DF-RHF iter   2:  -129.04260495138334    5.07730e+01   8.68786e-02 DIIS
   @DF-RHF iter   3:  -210.27006574891760   -8.12275e+01   3.51769e-02 DIIS
   @DF-RHF iter   4:  -162.37805314201029    4.78920e+01   7.95190e-02 DIIS
   @DF-RHF iter   5:  -202.49854858213666   -4.01205e+01   5.52621e-02 DIIS
   @DF-RHF iter   6:  -214.92406767629944   -1.24255e+01   5.17081e-02 DIIS
   @DF-RHF iter   7:  -220.15708752554235   -5.23302e+00   3.93248e-02 DIIS
   @DF-RHF iter   8:  -228.25771099842535   -8.10062e+00   1.90649e-02 DIIS
   @DF-RHF iter   9:  -230.23693896880178   -1.97923e+00   1.03355e-02 DIIS
   @DF-RHF iter  10:  -230.88336396476541   -6.46425e-01   4.34970e-03 DIIS
   @DF-RHF iter  11:  -230.96595477486517   -8.25908e-02   1.97023e-03 DIIS
   @DF-RHF iter  12:  -230.98028753655541   -1.43328e-02   5.04801e-04 DIIS
   @DF-RHF iter  13:  -230.98205623779592   -1.76870e-03   2.07861e-04 DIIS
   @DF-RHF iter  14:  -230.98233787831248   -2.81641e-04   5.76832e-05 DIIS
   @DF-RHF iter  15:  -230.98236762537948   -2.97471e-05   1.83437e-05 DIIS
   @DF-RHF iter  16:  -230.98237261506546   -4.98969e-06   7.75888e-06 DIIS
   @DF-RHF iter  17:  -230.98237404810578   -1.43304e-06   3.35052e-06 DIIS
   @DF-RHF iter  18:  -230.98237435652300   -3.08417e-07   1.53252e-06 DIIS
   @DF-RHF iter  19:  -230.98237439857184   -4.20488e-08   4.23837e-07 DIIS

  ==> Post-Iterations <==

    Orbital Energies (a.u.)
    -----------------------

    Doubly Occupied:                                                      

       1A    -20.562844     2A    -11.326603     3A    -11.239287  
       4A    -11.235637     5A    -11.226147     6A     -1.402614  
       7A     -1.088662     8A     -0.973451     9A     -0.853879  
      10A     -0.784545    11A     -0.676228    12A     -0.650053  
      13A     -0.604887    14A     -0.599715    15A     -0.578124  
      16A     -0.530637    17A     -0.507500    18A     -0.495445  
      19A     -0.483742    20A     -0.408241  

    Virtual:                                                              

      21A      0.157422    22A      0.236341    23A      0.251874  
      24A      0.276944    25A      0.297437    26A      0.299685  
      27A      0.318242    28A      0.333400    29A      0.360242  
      30A      0.370782    31A      0.424822    32A      0.461853  
      33A      0.494335    34A      0.701205    35A      0.723558  
      36A      0.733925    37A      0.761692    38A      0.811275  
      39A      0.834187    40A      0.868458    41A      0.911084  
      42A      0.937239    43A      0.981012    44A      1.024074  
      45A      1.080635    46A      1.082414    47A      1.124651  
      48A      1.128806    49A      1.142566    50A      1.179880  
      51A      1.195763    52A      1.203973    53A      1.227538  
      54A      1.253050    55A      1.293586    56A      1.316572  
      57A      1.361095    58A      1.379719    59A      1.646138  
      60A      1.706498    61A      1.725303    62A      1.802153  
      63A      1.831224    64A      1.903784    65A      1.929586  
      66A      2.044642    67A      2.103370    68A      2.121400  
      69A      2.166898    70A      2.208280    71A      2.283792  
      72A      2.330629    73A      2.382041    74A      2.411050  
      75A      2.497807    76A      2.579111    77A      2.654131  
      78A      2.667924    79A      2.726888    80A      2.770475  
      81A      2.896366    82A      2.946079    83A      2.994588  
      84A      3.021595    85A      3.261703    86A      3.369891  
      87A      4.297166    88A      4.516734    89A      4.633192  
      90A      4.790026    91A      4.923951  

    Final Occupation by Irrep:
              A 
    DOCC [    20 ]

  Energy converged.

  @DF-RHF Final Energy:  -230.98237439857184

   => Energetics <=

    Nuclear Repulsion Energy =            172.8712586415750820
    One-Electron Energy =                -655.2508552444036241
    Two-Electron Energy =                 251.3972222042564795
    DFT Exchange-Correlation Energy =       0.0000000000000000
    Empirical Dispersion Energy =           0.0000000000000000
    PCM Polarization Energy =               0.0000000000000000
    EFP Energy =                            0.0000000000000000
    Total Energy =                       -230.9823743985720625

    Alert: EFP and PCM quantities not currently incorporated into SCF psivars.

Properties will be evaluated at   0.000000,   0.000000,   0.000000 Bohr
  ==> Properties <==


Properties computed using the SCF density matrix

  Nuclear Dipole Moment: (a.u.)
     X:    -4.0670      Y:    -4.6057      Z:     5.3005

  Electronic Dipole Moment: (a.u.)
     X:     3.6024      Y:     3.8002      Z:    -4.4658

  Dipole Moment: (a.u.)
     X:    -0.4646      Y:    -0.8054      Z:     0.8346     Total:     1.2495

  Dipole Moment: (Debye)
     X:    -1.1809      Y:    -2.0472      Z:     2.1214     Total:     3.1759


  Saving occupied orbitals to File 180.

*** tstop() called on cx1-3-1-3.cx1.hpc.ic.ac.uk at Tue Jul  5 16:27:57 2016
Module time:
	user time   =       4.29 seconds =       0.07 minutes
	system time =       0.04 seconds =       0.00 minutes
	total time  =          5 seconds =       0.08 minutes
Total time:
	user time   =       4.29 seconds =       0.07 minutes
	system time =       0.04 seconds =       0.00 minutes
	total time  =          5 seconds =       0.08 minutes


Properties will be evaluated at   0.000000,   0.000000,   0.000000 Bohr

Properties computed using the  density matrix

  Nuclear Dipole Moment: (a.u.)
     X:    -4.0670      Y:    -4.6057      Z:     5.3005

  Electronic Dipole Moment: (a.u.)
     X:     3.6024      Y:     3.8002      Z:    -4.4658

  Dipole Moment: (a.u.)
     X:    -0.4646      Y:    -0.8054      Z:     0.8346     Total:     1.2495

  Dipole Moment: (Debye)
     X:    -1.1809      Y:    -2.0472      Z:     2.1214     Total:     3.1759

  Quadrupole Moment: (Debye Ang)
    XX:   -32.6525     YY:   -34.2678     ZZ:   -35.0160
    XY:    -2.5505     XZ:     2.6197     YZ:     3.7908

  Traceless Quadrupole Moment: (Debye Ang)
    XX:     1.3263     YY:    -0.2890     ZZ:    -1.0372
    XY:    -2.5505     XZ:     2.6197     YZ:     3.7908

  Mulliken Charges: (a.u.)
   Center  Symbol    Alpha    Beta     Spin     Total
       1     H     0.43116  0.43116  0.00000  0.13768
       2     C     2.83049  2.83049  0.00000  0.33902
       3     C     3.20887  3.20887  0.00000 -0.41775
       4     O     4.23796  4.23796  0.00000 -0.47592
       5     C     3.16561  3.16561  0.00000 -0.33123
       6     H     0.39767  0.39767  0.00000  0.20466
       7     H     0.40949  0.40949  0.00000  0.18103
       8     C     3.24514  3.24514  0.00000 -0.49029
       9     H     0.41292  0.41292  0.00000  0.17416
      10     H     0.41057  0.41057  0.00000  0.17885
      11     H     0.41930  0.41930  0.00000  0.16139
      12     H     0.41289  0.41289  0.00000  0.17421
      13     H     0.41791  0.41791  0.00000  0.16418

   Total alpha = 20.00000, Total beta = 20.00000, Total charge = -0.00000


*** PSI4 exiting successfully. Buy a developer a beer!
