    -----------------------------------------------------------------------
          Psi4: An Open-Source Ab Initio Electronic Structure Package
                              Psi4 (no tag) Driver

                          Git: Rev {detached?}  

    J. M. Turney, A. C. Simmonett, R. M. Parrish, E. G. Hohenstein,
    F. A. Evangelista, J. T. Fermann, B. J. Mintz, L. A. Burns, J. J. Wilke,
    M. L. Abrams, N. J. Russ, M. L. Leininger, C. L. Janssen, E. T. Seidl,
    W. D. Allen, H. F. Schaefer, R. A. King, E. F. Valeev, C. D. Sherrill,
    and T. D. Crawford, WIREs Comput. Mol. Sci. 2, 556-565 (2012)
    (doi: 10.1002/wcms.93)

                         Additional Contributions by
    A. E. DePrince, M. Saitow, U. Bozkaya, A. Yu. Sokolov
    -----------------------------------------------------------------------


    Psi4 started on: Tue Jul  5 16:53:31 2016

    Process ID:  14733
    PSI4DATADIR: /export131/home/mjharvey/miniconda3/share
    Memory level set to 256.000 MB

  ==> Input File <==

--------------------------------------------------------------------------
set {
	reference rhf
	basis 6-31G*
}


set_num_threads( 1 )
memory 2 gb

molecule MOL {
0 1

H	 -2.646374	 -0.642757	 1.268656
C	 -2.083525	 -0.384536	 0.393091
O	 -0.807605	 -0.127164	 0.768327
F	 -2.118945	 -1.383102	 -0.486752
F	 -2.621877	 0.670592	 -0.209486
C	 0.084052	 0.273579	 -0.209957
C	 1.353033	 -0.546803	 -0.018071
Cl	 0.433844	 2.004619	 -0.074457
H	 -0.288836	 0.092657	 -1.202930
F	 1.977288	 -0.702957	 -1.166139
F	 1.022551	 -1.740181	 0.433669
F	 2.176050	 0.007906	 0.838033

	symmetry c1
}
set optking {
	frozen_dihedral = ("
		9 6 3 2,
		6 3 2 4
	")
}

ee = energy('scf')
oeprop('DIPOLE', 'QUADRUPOLE', 'MULLIKEN_CHARGES')
f=open( 'psi4out.xyz', 'w' )
f.write( "12  " )
f.write( str(ee) + "\n" )
f.write( MOL.save_string_xyz() )
f.close()
--------------------------------------------------------------------------

  Memory set to   2.000 GiB by Python script.

*** tstart() called on cx1-3-4-4.cx1.hpc.ic.ac.uk
*** at Tue Jul  5 16:53:32 2016


         ---------------------------------------------------------
                                   SCF
            by Justin Turney, Rob Parrish, and Andy Simmonett
                              RHF Reference
                        1 Threads,   2000 MiB Core
         ---------------------------------------------------------

  ==> Geometry <==

    Molecular point group: c1
    Full point group: C1

    Geometry (in Angstrom), charge = 0, multiplicity = 1:

       Center              X                  Y                   Z               Mass       
    ------------   -----------------  -----------------  -----------------  -----------------
           H         -2.645306302089    -0.641754957803     1.265879681010     1.007825032070
           C         -2.082457302089    -0.383533957803     0.390314681010    12.000000000000
           O         -0.806537302089    -0.126161957803     0.765550681010    15.994914619560
           F         -2.117877302089    -1.382099957803    -0.489528318990    18.998403224000
           F         -2.620809302089     0.671594042197    -0.212262318990    18.998403224000
           C          0.085119697911     0.274581042197    -0.212733318990    12.000000000000
           C          1.354100697911    -0.545800957803    -0.020847318990    12.000000000000
          CL          0.434911697911     2.005621042197    -0.077233318990    34.968852682000
           H         -0.287768302089     0.093659042197    -1.205706318990     1.007825032070
           F          1.978355697911    -0.701954957803    -1.168915318990    18.998403224000
           F          1.023618697911    -1.739178957803     0.430892681010    18.998403224000
           F          2.177117697911     0.008908042197     0.835256681010    18.998403224000

  Running in c1 symmetry.

  Rotational constants: A =      0.05229  B =      0.03002  C =      0.02225 [cm^-1]
  Rotational constants: A =   1567.67981  B =    900.02183  C =    667.03904 [MHz]
  Nuclear repulsion =  738.642782112196414

  Charge       = 0
  Multiplicity = 1
  Electrons    = 90
  Nalpha       = 45
  Nbeta        = 45

  ==> Algorithm <==

  SCF Algorithm Type is DF.
  DIIS enabled.
  MOM disabled.
  Fractional occupation disabled.
  Guess Type is CORE.
  Energy threshold   = 1.00e-06
  Density threshold  = 1.00e-06
  Integral threshold = 0.00e+00

  ==> Primary Basis <==

  Basis Set: 6-31G*
    Number of shells: 66
    Number of basis function: 158
    Number of Cartesian functions: 158
    Spherical Harmonics?: false
    Max angular momentum: 2

  ==> Pre-Iterations <==

   -------------------------------------------------------
    Irrep   Nso     Nmo     Nalpha   Nbeta   Ndocc  Nsocc
   -------------------------------------------------------
     A        158     158       0       0       0       0
   -------------------------------------------------------
    Total     158     158      45      45      45       0
   -------------------------------------------------------

 OEINTS: Overlap, kinetic, potential, dipole, and quadrupole integrals
         stored in file 35.

  ==> Integral Setup <==

  ==> DFJK: Density-Fitted J/K Matrices <==

    J tasked:                  Yes
    K tasked:                  Yes
    wK tasked:                  No
    OpenMP threads:              1
    Integrals threads:           1
    Memory (MB):              1430
    Algorithm:                Core
    Integral Cache:           NONE
    Schwarz Cutoff:          1E-12
    Fitting Condition:       1E-12

   => Auxiliary Basis Set <=

  Basis Set: 
    Number of shells: 270
    Number of basis function: 909
    Number of Cartesian functions: 909
    Spherical Harmonics?: false
    Max angular momentum: 3

  Minimum eigenvalue in the overlap matrix is 1.6689232901E-03.
  Using Symmetric Orthogonalization.
  SCF Guess: Core (One-Electron) Hamiltonian.

  ==> Iterations <==

                           Total Energy        Delta E     RMS |[F,P]|

   @DF-RHF iter   1: -1049.31596946263653   -1.04932e+03   6.74122e-02 
   @DF-RHF iter   2:  -722.56164280540190    3.26754e+02   8.03084e-02 DIIS
   @DF-RHF iter   3:  -955.13999794562881   -2.32578e+02   7.75548e-02 DIIS
   @DF-RHF iter   4: -1137.17802612184641   -1.82038e+02   2.59100e-02 DIIS
   @DF-RHF iter   5: -1140.23809722150963   -3.06007e+00   2.09223e-02 DIIS
   @DF-RHF iter   6: -1146.10580151457634   -5.86770e+00   4.46187e-03 DIIS
   @DF-RHF iter   7: -1146.27337293886285   -1.67571e-01   2.01885e-03 DIIS
   @DF-RHF iter   8: -1146.30625214354586   -3.28792e-02   4.43896e-04 DIIS
   @DF-RHF iter   9: -1146.30883681607929   -2.58467e-03   1.32097e-04 DIIS
   @DF-RHF iter  10: -1146.30907340693693   -2.36591e-04   3.45011e-05 DIIS
   @DF-RHF iter  11: -1146.30909487198824   -2.14651e-05   9.11698e-06 DIIS
   @DF-RHF iter  12: -1146.30909636809565   -1.49611e-06   3.26703e-06 DIIS
   @DF-RHF iter  13: -1146.30909654231664   -1.74221e-07   1.02429e-06 DIIS
   @DF-RHF iter  14: -1146.30909656094764   -1.86310e-08   2.80066e-07 DIIS

  ==> Post-Iterations <==

    Orbital Energies (a.u.)
    -----------------------

    Doubly Occupied:                                                      

       1A   -104.843530     2A    -26.361506     3A    -26.357361  
       4A    -26.355197     5A    -26.345674     6A    -26.345526  
       7A    -20.646663     8A    -11.527196     9A    -11.488687  
      10A    -11.399601    11A    -10.578239    12A     -8.047591  
      13A     -8.044074    14A     -8.043930    15A     -1.760882  
      16A     -1.717130    17A     -1.658649    18A     -1.654622  
      19A     -1.637846    20A     -1.484094    21A     -1.179538  
      22A     -1.051602    23A     -0.986011    24A     -0.918627  
      25A     -0.860380    26A     -0.851968    27A     -0.844317  
      28A     -0.822122    29A     -0.811157    30A     -0.790313  
      31A     -0.728571    32A     -0.727391    33A     -0.704936  
      34A     -0.699736    35A     -0.678786    36A     -0.675261  
      37A     -0.657443    38A     -0.656541    39A     -0.646006  
      40A     -0.627945    41A     -0.596635    42A     -0.577825  
      43A     -0.523699    44A     -0.476709    45A     -0.468547  

    Virtual:                                                              

      46A      0.172036    47A      0.239950    48A      0.259677  
      49A      0.281517    50A      0.347378    51A      0.360837  
      52A      0.398875    53A      0.427948    54A      0.448368  
      55A      0.473161    56A      0.489447    57A      0.549935  
      58A      0.616612    59A      0.630766    60A      0.640068  
      61A      0.670941    62A      0.706310    63A      0.708947  
      64A      0.744473    65A      0.759782    66A      0.765121  
      67A      0.784524    68A      0.848679    69A      0.934162  
      70A      0.973918    71A      0.981675    72A      1.058059  
      73A      1.072113    74A      1.108430    75A      1.140546  
      76A      1.181897    77A      1.203847    78A      1.243310  
      79A      1.277524    80A      1.293896    81A      1.312559  
      82A      1.327364    83A      1.372280    84A      1.387266  
      85A      1.396195    86A      1.436495    87A      1.459000  
      88A      1.525726    89A      1.573020    90A      1.597297  
      91A      1.606556    92A      1.627918    93A      1.632952  
      94A      1.645921    95A      1.647247    96A      1.657552  
      97A      1.666314    98A      1.672633    99A      1.691878  
     100A      1.740224   101A      1.766006   102A      1.811144  
     103A      1.914031   104A      1.949462   105A      1.960872  
     106A      1.990944   107A      2.004065   108A      2.041018  
     109A      2.079812   110A      2.093234   111A      2.098785  
     112A      2.128810   113A      2.138573   114A      2.143572  
     115A      2.165385   116A      2.251846   117A      2.279626  
     118A      2.289174   119A      2.305562   120A      2.308086  
     121A      2.337939   122A      2.356004   123A      2.396179  
     124A      2.400451   125A      2.407785   126A      2.428169  
     127A      2.463488   128A      2.511331   129A      2.575688  
     130A      2.596023   131A      2.649375   132A      2.699641  
     133A      2.723987   134A      2.809625   135A      2.847460  
     136A      2.881441   137A      2.999134   138A      3.027982  
     139A      3.112157   140A      3.176831   141A      3.201745  
     142A      3.297285   143A      3.302976   144A      3.398647  
     145A      3.417771   146A      3.424984   147A      3.448167  
     148A      3.465726   149A      4.356961   150A      4.525166  
     151A      4.589668   152A      4.714922   153A      4.730020  
     154A      4.881437   155A      4.951755   156A      5.146612  
     157A      5.740411   158A      5.848574  

    Final Occupation by Irrep:
              A 
    DOCC [    45 ]

  Energy converged.

  @DF-RHF Final Energy: -1146.30909656094764

   => Energetics <=

    Nuclear Repulsion Energy =            738.6427821121964143
    One-Electron Energy =               -3060.1835328546999335
    Two-Electron Energy =                1175.2316541815555411
    DFT Exchange-Correlation Energy =       0.0000000000000000
    Empirical Dispersion Energy =           0.0000000000000000
    PCM Polarization Energy =               0.0000000000000000
    EFP Energy =                            0.0000000000000000
    Total Energy =                      -1146.3090965609478644

    Alert: EFP and PCM quantities not currently incorporated into SCF psivars.

Properties will be evaluated at   0.000000,   0.000000,   0.000000 Bohr
  ==> Properties <==


Properties computed using the SCF density matrix

  Nuclear Dipole Moment: (a.u.)
     X:    -3.5671      Y:     0.6143      Z:     0.7011

  Electronic Dipole Moment: (a.u.)
     X:     2.9746      Y:    -0.8152      Z:    -0.6549

  Dipole Moment: (a.u.)
     X:    -0.5925      Y:    -0.2009      Z:     0.0462     Total:     0.6274

  Dipole Moment: (Debye)
     X:    -1.5061      Y:    -0.5106      Z:     0.1174     Total:     1.5946


  Saving occupied orbitals to File 180.

*** tstop() called on cx1-3-4-4.cx1.hpc.ic.ac.uk at Tue Jul  5 16:53:51 2016
Module time:
	user time   =      18.46 seconds =       0.31 minutes
	system time =       0.22 seconds =       0.00 minutes
	total time  =         19 seconds =       0.32 minutes
Total time:
	user time   =      18.46 seconds =       0.31 minutes
	system time =       0.22 seconds =       0.00 minutes
	total time  =         19 seconds =       0.32 minutes


Properties will be evaluated at   0.000000,   0.000000,   0.000000 Bohr

Properties computed using the  density matrix

  Nuclear Dipole Moment: (a.u.)
     X:    -3.5671      Y:     0.6143      Z:     0.7011

  Electronic Dipole Moment: (a.u.)
     X:     2.9746      Y:    -0.8152      Z:    -0.6549

  Dipole Moment: (a.u.)
     X:    -0.5925      Y:    -0.2009      Z:     0.0462     Total:     0.6274

  Dipole Moment: (Debye)
     X:    -1.5061      Y:    -0.5106      Z:     0.1174     Total:     1.5946

  Quadrupole Moment: (Debye Ang)
    XX:   -59.7313     YY:   -63.1749     ZZ:   -58.8158
    XY:     1.7254     XZ:    -3.8263     YZ:    -1.0503

  Traceless Quadrupole Moment: (Debye Ang)
    XX:     0.8427     YY:    -2.6009     ZZ:     1.7582
    XY:     1.7254     XZ:    -3.8263     YZ:    -1.0503

  Mulliken Charges: (a.u.)
   Center  Symbol    Alpha    Beta     Spin     Total
       1     H     0.40134  0.40134  0.00000  0.19733
       2     C     2.56464  2.56464  0.00000  0.87072
       3     O     4.29640  4.29640  0.00000 -0.59280
       4     F     4.68694  4.68694  0.00000 -0.37388
       5     F     4.68474  4.68474  0.00000 -0.36948
       6     C     3.06058  3.06058  0.00000 -0.12116
       7     C     2.42657  2.42657  0.00000  1.14687
       8    CL     8.49674  8.49674  0.00000  0.00653
       9     H     0.36503  0.36503  0.00000  0.26994
      10     F     4.67567  4.67567  0.00000 -0.35135
      11     F     4.67425  4.67425  0.00000 -0.34851
      12     F     4.66710  4.66710  0.00000 -0.33420

   Total alpha = 45.00000, Total beta = 45.00000, Total charge =  0.00000


*** PSI4 exiting successfully. Buy a developer a beer!
