    -----------------------------------------------------------------------
          Psi4: An Open-Source Ab Initio Electronic Structure Package
                              Psi4 (no tag) Driver

                          Git: Rev {detached?}  

    J. M. Turney, A. C. Simmonett, R. M. Parrish, E. G. Hohenstein,
    F. A. Evangelista, J. T. Fermann, B. J. Mintz, L. A. Burns, J. J. Wilke,
    M. L. Abrams, N. J. Russ, M. L. Leininger, C. L. Janssen, E. T. Seidl,
    W. D. Allen, H. F. Schaefer, R. A. King, E. F. Valeev, C. D. Sherrill,
    and T. D. Crawford, WIREs Comput. Mol. Sci. 2, 556-565 (2012)
    (doi: 10.1002/wcms.93)

                         Additional Contributions by
    A. E. DePrince, M. Saitow, U. Bozkaya, A. Yu. Sokolov
    -----------------------------------------------------------------------


    Psi4 started on: Tue Jul  5 16:33:02 2016

    Process ID:  13567
    PSI4DATADIR: /export131/home/mjharvey/miniconda3/share
    Memory level set to 256.000 MB

  ==> Input File <==

--------------------------------------------------------------------------
set {
	reference rhf
	basis 6-31G*
}


set_num_threads( 1 )
memory 2 gb

molecule MOL {
0 1

H	 -2.980170	 2.113834	 0.429556
C	 -2.315563	 2.105074	 1.291161
O	 -0.986816	 1.954949	 0.907455
H	 -2.400737	 3.050695	 1.808548
H	 -2.631394	 1.307490	 1.962382
C	 -0.719715	 0.768384	 0.229244
C	 0.719720	 0.768376	 -0.229267
H	 -0.887256	 -0.087487	 0.884308
H	 -1.371485	 0.661653	 -0.635516
O	 1.392611	 -0.295398	 0.366430
H	 0.750534	 0.687200	 -1.313918
H	 1.185043	 1.714359	 0.050526
C	 2.706965	 -0.449871	 -0.062409
H	 2.756559	 -0.644779	 -1.131878
H	 3.305899	 0.433456	 0.155466
H	 3.125548	 -1.294566	 0.467107

	symmetry c1
}
set optking {
	frozen_dihedral = ("
		7 10 13 14,
		2 3 6 7
	")
}

ee = energy('scf')
oeprop('DIPOLE', 'QUADRUPOLE', 'MULLIKEN_CHARGES')
f=open( 'psi4out.xyz', 'w' )
f.write( "16  " )
f.write( str(ee) + "\n" )
f.write( MOL.save_string_xyz() )
f.close()
--------------------------------------------------------------------------

  Memory set to   2.000 GiB by Python script.

*** tstart() called on cx1-3-2-2.cx1.hpc.ic.ac.uk
*** at Tue Jul  5 16:33:02 2016


         ---------------------------------------------------------
                                   SCF
            by Justin Turney, Rob Parrish, and Andy Simmonett
                              RHF Reference
                        1 Threads,   2000 MiB Core
         ---------------------------------------------------------

  ==> Geometry <==

    Molecular point group: c1
    Full point group: C1

    Geometry (in Angstrom), charge = 0, multiplicity = 1:

       Center              X                  Y                   Z               Mass       
    ------------   -----------------  -----------------  -----------------  -----------------
           H         -3.113921630962     1.304979928969     0.009674113686     1.007825032070
           C         -2.449314630962     1.296219928969     0.871279113686    12.000000000000
           O         -1.120567630962     1.146094928969     0.487573113686    15.994914619560
           H         -2.534488630962     2.241840928969     1.388666113686     1.007825032070
           H         -2.765145630962     0.498635928969     1.542500113686     1.007825032070
           C         -0.853466630962    -0.040470071031    -0.190637886314    12.000000000000
           C          0.585968369038    -0.040478071031    -0.649148886314    12.000000000000
           H         -1.021007630962    -0.896341071031     0.464426113686     1.007825032070
           H         -1.505236630962    -0.147201071031    -1.055397886314     1.007825032070
           O          1.258859369038    -1.104252071031    -0.053451886314    15.994914619560
           H          0.616782369038    -0.121654071031    -1.733799886314     1.007825032070
           H          1.051291369038     0.905504928969    -0.369355886314     1.007825032070
           C          2.573213369038    -1.258725071031    -0.482290886314    12.000000000000
           H          2.622807369038    -1.453633071031    -1.551759886314     1.007825032070
           H          3.172147369038    -0.375398071031    -0.264415886314     1.007825032070
           H          2.991796369038    -2.103420071031     0.047225113686     1.007825032070

  Running in c1 symmetry.

  Rotational constants: A =      0.53877  B =      0.04481  C =      0.04469 [cm^-1]
  Rotational constants: A =  16151.85804  B =   1343.29338  C =   1339.70977 [MHz]
  Nuclear repulsion =  255.890759307853045

  Charge       = 0
  Multiplicity = 1
  Electrons    = 50
  Nalpha       = 25
  Nbeta        = 25

  ==> Algorithm <==

  SCF Algorithm Type is DF.
  DIIS enabled.
  MOM disabled.
  Fractional occupation disabled.
  Guess Type is CORE.
  Energy threshold   = 1.00e-06
  Density threshold  = 1.00e-06
  Integral threshold = 0.00e+00

  ==> Primary Basis <==

  Basis Set: 6-31G*
    Number of shells: 56
    Number of basis function: 110
    Number of Cartesian functions: 110
    Spherical Harmonics?: false
    Max angular momentum: 2

  ==> Pre-Iterations <==

   -------------------------------------------------------
    Irrep   Nso     Nmo     Nalpha   Nbeta   Ndocc  Nsocc
   -------------------------------------------------------
     A        110     110       0       0       0       0
   -------------------------------------------------------
    Total     110     110      25      25      25       0
   -------------------------------------------------------

 OEINTS: Overlap, kinetic, potential, dipole, and quadrupole integrals
         stored in file 35.

  ==> Integral Setup <==

  ==> DFJK: Density-Fitted J/K Matrices <==

    J tasked:                  Yes
    K tasked:                  Yes
    wK tasked:                  No
    OpenMP threads:              1
    Integrals threads:           1
    Memory (MB):              1430
    Algorithm:                Core
    Integral Cache:           NONE
    Schwarz Cutoff:          1E-12
    Fitting Condition:       1E-12

   => Auxiliary Basis Set <=

  Basis Set: 
    Number of shells: 234
    Number of basis function: 736
    Number of Cartesian functions: 736
    Spherical Harmonics?: false
    Max angular momentum: 3

  Minimum eigenvalue in the overlap matrix is 3.7128190439E-03.
  Using Symmetric Orthogonalization.
  SCF Guess: Core (One-Electron) Hamiltonian.

  ==> Iterations <==

                           Total Energy        Delta E     RMS |[F,P]|

   @DF-RHF iter   1:  -243.04507152610580   -2.43045e+02   7.61836e-02 
   @DF-RHF iter   2:  -213.85169393720412    2.91934e+01   6.15593e-02 DIIS
   @DF-RHF iter   3:  -270.90358405577865   -5.70519e+01   5.14622e-02 DIIS
   @DF-RHF iter   4:  -305.57576857984225   -3.46722e+01   1.62244e-02 DIIS
   @DF-RHF iter   5:  -306.66691204736878   -1.09114e+00   7.51017e-03 DIIS
   @DF-RHF iter   6:  -306.95489976140141   -2.87988e-01   1.50941e-03 DIIS
   @DF-RHF iter   7:  -306.97175312968136   -1.68534e-02   4.12659e-04 DIIS
   @DF-RHF iter   8:  -306.97306215671222   -1.30903e-03   1.72511e-04 DIIS
   @DF-RHF iter   9:  -306.97327516728410   -2.13011e-04   6.06431e-05 DIIS
   @DF-RHF iter  10:  -306.97330304300112   -2.78757e-05   1.58511e-05 DIIS
   @DF-RHF iter  11:  -306.97330478528875   -1.74229e-06   4.11327e-06 DIIS
   @DF-RHF iter  12:  -306.97330490827471   -1.22986e-07   1.11658e-06 DIIS
   @DF-RHF iter  13:  -306.97330491868740   -1.04127e-08   3.16786e-07 DIIS

  ==> Post-Iterations <==

    Orbital Energies (a.u.)
    -----------------------

    Doubly Occupied:                                                      

       1A    -20.556428     2A    -20.556424     3A    -11.266199  
       4A    -11.265548     5A    -11.265289     6A    -11.265280  
       7A     -1.388869     8A     -1.375943     9A     -1.030817  
      10A     -0.939482    11A     -0.887452    12A     -0.828582  
      13A     -0.686959    14A     -0.679034    15A     -0.658444  
      16A     -0.641422    17A     -0.629076    18A     -0.598716  
      19A     -0.553448    20A     -0.530421    21A     -0.508645  
      22A     -0.480627    23A     -0.465783    24A     -0.422236  
      25A     -0.408937  

    Virtual:                                                              

      26A      0.237393    27A      0.240895    28A      0.283474  
      29A      0.294796    30A      0.317089    31A      0.318936  
      32A      0.326921    33A      0.331436    34A      0.339999  
      35A      0.349285    36A      0.355667    37A      0.377166  
      38A      0.436755    39A      0.463335    40A      0.490075  
      41A      0.707029    42A      0.750636    43A      0.773809  
      44A      0.775311    45A      0.781656    46A      0.797680  
      47A      0.820826    48A      0.873740    49A      0.875397  
      50A      0.973883    51A      1.001660    52A      1.019871  
      53A      1.074358    54A      1.099488    55A      1.115339  
      56A      1.141683    57A      1.147631    58A      1.153093  
      59A      1.157789    60A      1.189318    61A      1.192586  
      62A      1.220641    63A      1.226488    64A      1.237973  
      65A      1.298686    66A      1.321657    67A      1.337083  
      68A      1.422720    69A      1.493636    70A      1.538517  
      71A      1.642177    72A      1.642874    73A      1.718099  
      74A      1.770557    75A      1.793442    76A      1.797442  
      77A      1.855904    78A      1.989796    79A      2.027568  
      80A      2.117851    81A      2.214546    82A      2.227059  
      83A      2.309685    84A      2.385426    85A      2.407573  
      86A      2.428294    87A      2.444162    88A      2.455809  
      89A      2.469802    90A      2.499416    91A      2.540097  
      92A      2.629243    93A      2.638940    94A      2.650977  
      95A      2.692661    96A      2.744192    97A      2.861060  
      98A      2.931004    99A      2.967962   100A      3.007113  
     101A      3.157602   102A      3.193589   103A      3.343700  
     104A      3.349030   105A      4.358557   106A      4.397104  
     107A      4.620621   108A      4.659430   109A      4.708161  
     110A      4.924941  

    Final Occupation by Irrep:
              A 
    DOCC [    25 ]

  Energy converged.

  @DF-RHF Final Energy:  -306.97330491868740

   => Energetics <=

    Nuclear Repulsion Energy =            255.8907593078530454
    One-Electron Energy =                -925.9479395686357748
    Two-Electron Energy =                 363.0838753420956664
    DFT Exchange-Correlation Energy =       0.0000000000000000
    Empirical Dispersion Energy =           0.0000000000000000
    PCM Polarization Energy =               0.0000000000000000
    EFP Energy =                            0.0000000000000000
    Total Energy =                       -306.9733049186870630

    Alert: EFP and PCM quantities not currently incorporated into SCF psivars.

Properties will be evaluated at   0.000000,   0.000000,   0.000000 Bohr
  ==> Properties <==


Properties computed using the SCF density matrix

  Nuclear Dipole Moment: (a.u.)
     X:    -0.4540      Y:    -0.1373      Z:    -1.4250

  Electronic Dipole Moment: (a.u.)
     X:     0.3094      Y:     0.0936      Z:     0.9711

  Dipole Moment: (a.u.)
     X:    -0.1446      Y:    -0.0438      Z:    -0.4539     Total:     0.4783

  Dipole Moment: (Debye)
     X:    -0.3675      Y:    -0.1112      Z:    -1.1536     Total:     1.2158


  Saving occupied orbitals to File 180.

*** tstop() called on cx1-3-2-2.cx1.hpc.ic.ac.uk at Tue Jul  5 16:33:09 2016
Module time:
	user time   =       6.39 seconds =       0.11 minutes
	system time =       0.05 seconds =       0.00 minutes
	total time  =          7 seconds =       0.12 minutes
Total time:
	user time   =       6.39 seconds =       0.11 minutes
	system time =       0.05 seconds =       0.00 minutes
	total time  =          7 seconds =       0.12 minutes


Properties will be evaluated at   0.000000,   0.000000,   0.000000 Bohr

Properties computed using the  density matrix

  Nuclear Dipole Moment: (a.u.)
     X:    -0.4540      Y:    -0.1373      Z:    -1.4250

  Electronic Dipole Moment: (a.u.)
     X:     0.3094      Y:     0.0936      Z:     0.9711

  Dipole Moment: (a.u.)
     X:    -0.1446      Y:    -0.0438      Z:    -0.4539     Total:     0.4783

  Dipole Moment: (Debye)
     X:    -0.3675      Y:    -0.1112      Z:    -1.1536     Total:     1.2158

  Quadrupole Moment: (Debye Ang)
    XX:   -30.4042     YY:   -40.0732     ZZ:   -37.5302
    XY:    -1.5917     XZ:    -2.3321     YZ:     0.6869

  Traceless Quadrupole Moment: (Debye Ang)
    XX:     5.5984     YY:    -4.0707     ZZ:    -1.5277
    XY:    -1.5917     XZ:    -2.3321     YZ:     0.6869

  Mulliken Charges: (a.u.)
   Center  Symbol    Alpha    Beta     Spin     Total
       1     H     0.43014  0.43014  0.00000  0.13972
       2     C     3.08051  3.08051  0.00000 -0.16102
       3     O     4.30604  4.30604  0.00000 -0.61208
       4     H     0.41158  0.41158  0.00000  0.17684
       5     H     0.42851  0.42851  0.00000  0.14298
       6     C     2.99906  2.99906  0.00000  0.00188
       7     C     2.99906  2.99906  0.00000  0.00188
       8     H     0.41330  0.41330  0.00000  0.17340
       9     H     0.43086  0.43086  0.00000  0.13828
      10     O     4.30604  4.30604  0.00000 -0.61207
      11     H     0.43086  0.43086  0.00000  0.13828
      12     H     0.41330  0.41330  0.00000  0.17340
      13     C     3.08051  3.08051  0.00000 -0.16102
      14     H     0.43014  0.43014  0.00000  0.13972
      15     H     0.42851  0.42851  0.00000  0.14298
      16     H     0.41158  0.41158  0.00000  0.17685

   Total alpha = 25.00000, Total beta = 25.00000, Total charge =  0.00000


*** PSI4 exiting successfully. Buy a developer a beer!
