    -----------------------------------------------------------------------
          Psi4: An Open-Source Ab Initio Electronic Structure Package
                              Psi4 (no tag) Driver

                          Git: Rev {detached?}  

    J. M. Turney, A. C. Simmonett, R. M. Parrish, E. G. Hohenstein,
    F. A. Evangelista, J. T. Fermann, B. J. Mintz, L. A. Burns, J. J. Wilke,
    M. L. Abrams, N. J. Russ, M. L. Leininger, C. L. Janssen, E. T. Seidl,
    W. D. Allen, H. F. Schaefer, R. A. King, E. F. Valeev, C. D. Sherrill,
    and T. D. Crawford, WIREs Comput. Mol. Sci. 2, 556-565 (2012)
    (doi: 10.1002/wcms.93)

                         Additional Contributions by
    A. E. DePrince, M. Saitow, U. Bozkaya, A. Yu. Sokolov
    -----------------------------------------------------------------------


    Psi4 started on: Tue Jul  5 17:52:36 2016

    Process ID:  22721
    PSI4DATADIR: /export131/home/mjharvey/miniconda3/share
    Memory level set to 256.000 MB

  ==> Input File <==

--------------------------------------------------------------------------
set {
	reference rhf
	basis 6-31G*
}


set_num_threads( 1 )
memory 2 gb

molecule MOL {
0 1

O	 -3.853486	 4.767425	 2.367791
C	 -3.589812	 4.457530	 1.246542
C	 -2.652680	 3.307590	 0.923494
C	 -4.178810	 5.198743	 0.063816
C	 -2.933125	 2.035105	 1.717450
H	 -2.717326	 3.115698	 -0.146734
H	 -1.633034	 3.650735	 1.093720
C	 -1.970234	 0.900009	 1.365086
H	 -3.956204	 1.721029	 1.536352
H	 -2.870479	 2.256545	 2.778198
C	 -2.259874	 0.272531	 0.000494
H	 -0.947422	 1.273829	 1.377850
H	 -2.021110	 0.128757	 2.132320
C	 -2.299309	 1.292585	 -1.138781
H	 -3.210635	 -0.255973	 0.042417
H	 -1.503664	 -0.479692	 -0.217000
C	 -3.566352	 2.147124	 -1.131721
H	 -1.427462	 1.940154	 -1.072741
H	 -2.220829	 0.772174	 -2.091079
H	 -3.656394	 2.706940	 -0.205088
H	 -3.564796	 2.860504	 -1.950126
H	 -4.455333	 1.530813	 -1.231810
H	 -4.744894	 4.518640	 -0.565967
H	 -4.826996	 5.989572	 0.414927
H	 -3.388670	 5.622899	 -0.548887

	symmetry c1
}
set optking {
	frozen_dihedral = ("
		9 5 8 12,
		15 11 8 12,
		15 11 14 18,
		9 5 3 6
	")
}

ee = energy('scf')
oeprop('DIPOLE', 'QUADRUPOLE', 'MULLIKEN_CHARGES')
f=open( 'psi4out.xyz', 'w' )
f.write( "25  " )
f.write( str(ee) + "\n" )
f.write( MOL.save_string_xyz() )
f.close()
--------------------------------------------------------------------------

  Memory set to   2.000 GiB by Python script.

*** tstart() called on cx1-1-2-1.cx1.hpc.ic.ac.uk
*** at Tue Jul  5 17:52:36 2016


         ---------------------------------------------------------
                                   SCF
            by Justin Turney, Rob Parrish, and Andy Simmonett
                              RHF Reference
                        1 Threads,   2000 MiB Core
         ---------------------------------------------------------

  ==> Geometry <==

    Molecular point group: c1
    Full point group: C1

    Geometry (in Angstrom), charge = 0, multiplicity = 1:

       Center              X                  Y                   Z               Mass       
    ------------   -----------------  -----------------  -----------------  -----------------
           O         -0.805153642269     2.041591753993     1.776267474978    15.994914619560
           C         -0.541479642269     1.731696753993     0.655018474978    12.000000000000
           C          0.395652357731     0.581756753993     0.331970474978    12.000000000000
           C         -1.130477642269     2.472909753993    -0.527707525022    12.000000000000
           C          0.115207357731    -0.690728246007     1.125926474978    12.000000000000
           H          0.331006357731     0.389864753993    -0.738257525022     1.007825032070
           H          1.415298357731     0.924901753993     0.502196474978     1.007825032070
           C          1.078098357731    -1.825824246007     0.773562474978    12.000000000000
           H         -0.907871642269    -1.004804246007     0.944828474978     1.007825032070
           H          0.177853357731    -0.469288246007     2.186674474978     1.007825032070
           C          0.788458357731    -2.453302246007    -0.591029525022    12.000000000000
           H          2.100910357731    -1.452004246007     0.786326474978     1.007825032070
           H          1.027222357731    -2.597076246007     1.540796474978     1.007825032070
           C          0.749023357731    -1.433248246007    -1.730304525022    12.000000000000
           H         -0.162302642269    -2.981806246007    -0.549106525022     1.007825032070
           H          1.544668357731    -3.205525246007    -0.808523525022     1.007825032070
           C         -0.518019642269    -0.578709246007    -1.723244525022    12.000000000000
           H          1.620870357731    -0.785679246007    -1.664264525022     1.007825032070
           H          0.827503357731    -1.953659246007    -2.682602525022     1.007825032070
           H         -0.608061642269    -0.018893246007    -0.796611525022     1.007825032070
           H         -0.516463642269     0.134670753993    -2.541649525022     1.007825032070
           H         -1.407000642269    -1.195020246007    -1.823333525022     1.007825032070
           H         -1.696561642269     1.792806753993    -1.157490525022     1.007825032070
           H         -1.778663642269     3.263738753993    -0.176596525022     1.007825032070
           H         -0.340337642269     2.897065753993    -1.140410525022     1.007825032070

  Running in c1 symmetry.

  Rotational constants: A =      0.08822  B =      0.03395  C =      0.02637 [cm^-1]
  Rotational constants: A =   2644.69515  B =   1017.77803  C =    790.51128 [MHz]
  Nuclear repulsion =  488.312751946954108

  Charge       = 0
  Multiplicity = 1
  Electrons    = 72
  Nalpha       = 36
  Nbeta        = 36

  ==> Algorithm <==

  SCF Algorithm Type is DF.
  DIIS enabled.
  MOM disabled.
  Fractional occupation disabled.
  Guess Type is CORE.
  Energy threshold   = 1.00e-06
  Density threshold  = 1.00e-06
  Integral threshold = 0.00e+00

  ==> Primary Basis <==

  Basis Set: 6-31G*
    Number of shells: 86
    Number of basis function: 167
    Number of Cartesian functions: 167
    Spherical Harmonics?: false
    Max angular momentum: 2

  ==> Pre-Iterations <==

   -------------------------------------------------------
    Irrep   Nso     Nmo     Nalpha   Nbeta   Ndocc  Nsocc
   -------------------------------------------------------
     A        167     167       0       0       0       0
   -------------------------------------------------------
    Total     167     167      36      36      36       0
   -------------------------------------------------------

 OEINTS: Overlap, kinetic, potential, dipole, and quadrupole integrals
         stored in file 35.

  ==> Integral Setup <==

  ==> DFJK: Density-Fitted J/K Matrices <==

    J tasked:                  Yes
    K tasked:                  Yes
    wK tasked:                  No
    OpenMP threads:              1
    Integrals threads:           1
    Memory (MB):              1430
    Algorithm:                Core
    Integral Cache:           NONE
    Schwarz Cutoff:          1E-12
    Fitting Condition:       1E-12

   => Auxiliary Basis Set <=

  Basis Set: 
    Number of shells: 360
    Number of basis function: 1129
    Number of Cartesian functions: 1129
    Spherical Harmonics?: false
    Max angular momentum: 3

  Minimum eigenvalue in the overlap matrix is 2.7347775406E-03.
  Using Symmetric Orthogonalization.
  SCF Guess: Core (One-Electron) Hamiltonian.

  ==> Iterations <==

                           Total Energy        Delta E     RMS |[F,P]|

   @DF-RHF iter   1:  -299.80005261308065   -2.99800e+02   5.94274e-02 
   @DF-RHF iter   2:  -260.39565726005014    3.94044e+01   4.81872e-02 DIIS
   @DF-RHF iter   3:  -336.91958827789563   -7.65239e+01   4.49698e-02 DIIS
   @DF-RHF iter   4:  -373.13590187116563   -3.62163e+01   2.34483e-02 DIIS
   @DF-RHF iter   5:  -379.05808573312288   -5.92218e+00   1.65414e-02 DIIS
   @DF-RHF iter   6:  -383.46010137798771   -4.40202e+00   1.18031e-02 DIIS
   @DF-RHF iter   7:  -386.84939904062969   -3.38930e+00   3.54013e-03 DIIS
   @DF-RHF iter   8:  -386.98485607263262   -1.35457e-01   1.08423e-03 DIIS
   @DF-RHF iter   9:  -386.99973807303661   -1.48820e-02   3.49688e-04 DIIS
   @DF-RHF iter  10:  -387.00262246372279   -2.88439e-03   1.09857e-04 DIIS
   @DF-RHF iter  11:  -387.00294083024392   -3.18367e-04   3.18202e-05 DIIS
   @DF-RHF iter  12:  -387.00297361957985   -3.27893e-05   1.39534e-05 DIIS
   @DF-RHF iter  13:  -387.00298202053648   -8.40096e-06   4.59585e-06 DIIS
   @DF-RHF iter  14:  -387.00298275273519   -7.32199e-07   1.34355e-06 DIIS
   @DF-RHF iter  15:  -387.00298280369316   -5.09580e-08   4.30246e-07 DIIS

  ==> Post-Iterations <==

    Orbital Energies (a.u.)
    -----------------------

    Doubly Occupied:                                                      

       1A    -20.548149     2A    -11.324844     3A    -11.227507  
       4A    -11.225093     5A    -11.223519     6A    -11.220749  
       7A    -11.219886     8A    -11.209776     9A    -11.202386  
      10A     -1.393577    11A     -1.129073    12A     -1.049365  
      13A     -1.027919    14A     -0.990309    15A     -0.895114  
      16A     -0.845806    17A     -0.783312    18A     -0.747640  
      19A     -0.700990    20A     -0.651766    21A     -0.628066  
      22A     -0.620870    23A     -0.605677    24A     -0.594650  
      25A     -0.577459    26A     -0.567652    27A     -0.558375  
      28A     -0.536135    29A     -0.515117    30A     -0.495333  
      31A     -0.482335    32A     -0.469566    33A     -0.462938  
      34A     -0.452673    35A     -0.414232    36A     -0.392637  

    Virtual:                                                              

      37A      0.161883    38A      0.227130    39A      0.241598  
      40A      0.251737    41A      0.262373    42A      0.289334  
      43A      0.292439    44A      0.305517    45A      0.305884  
      46A      0.311859    47A      0.320226    48A      0.327269  
      49A      0.337759    50A      0.342899    51A      0.355040  
      52A      0.375823    53A      0.386487    54A      0.410011  
      55A      0.428052    56A      0.446253    57A      0.460708  
      58A      0.475788    59A      0.486667    60A      0.501632  
      61A      0.542478    62A      0.692627    63A      0.726813  
      64A      0.733648    65A      0.742374    66A      0.758115  
      67A      0.775360    68A      0.786602    69A      0.833109  
      70A      0.859419    71A      0.887421    72A      0.901050  
      73A      0.910999    74A      0.929445    75A      0.947857  
      76A      0.974391    77A      0.990406    78A      0.999865  
      79A      1.012213    80A      1.050516    81A      1.062990  
      82A      1.088292    83A      1.110644    84A      1.113575  
      85A      1.133734    86A      1.141112    87A      1.149169  
      88A      1.157900    89A      1.166010    90A      1.183733  
      91A      1.189348    92A      1.195215    93A      1.210854  
      94A      1.227189    95A      1.234486    96A      1.243753  
      97A      1.257010    98A      1.266432    99A      1.274287  
     100A      1.298948   101A      1.306085   102A      1.324010  
     103A      1.357849   104A      1.401856   105A      1.443388  
     106A      1.503592   107A      1.559653   108A      1.630573  
     109A      1.668540   110A      1.708442   111A      1.746111  
     112A      1.798209   113A      1.807975   114A      1.822734  
     115A      1.889366   116A      1.950422   117A      1.960487  
     118A      1.994131   119A      2.067669   120A      2.086395  
     121A      2.107098   122A      2.120141   123A      2.140970  
     124A      2.167430   125A      2.207253   126A      2.235558  
     127A      2.246746   128A      2.252248   129A      2.281218  
     130A      2.314097   131A      2.320042   132A      2.349353  
     133A      2.392351   134A      2.412554   135A      2.455757  
     136A      2.474067   137A      2.527223   138A      2.574750  
     139A      2.610511   140A      2.640436   141A      2.673559  
     142A      2.689011   143A      2.724264   144A      2.727342  
     145A      2.749672   146A      2.755601   147A      2.806199  
     148A      2.816037   149A      2.878368   150A      2.939825  
     151A      2.962460   152A      3.006735   153A      3.017065  
     154A      3.058058   155A      3.096714   156A      3.191256  
     157A      3.375084   158A      3.397051   159A      4.443463  
     160A      4.560382   161A      4.615801   162A      4.710905  
     163A      4.776841   164A      4.847811   165A      4.940907  
     166A      4.992904   167A      5.081786  

    Final Occupation by Irrep:
              A 
    DOCC [    36 ]

  Energy converged.

  @DF-RHF Final Energy:  -387.00298280369316

   => Energetics <=

    Nuclear Repulsion Energy =            488.3127519469541085
    One-Electron Energy =               -1492.6505674857664872
    Two-Electron Energy =                 617.3348327351226317
    DFT Exchange-Correlation Energy =       0.0000000000000000
    Empirical Dispersion Energy =           0.0000000000000000
    PCM Polarization Energy =               0.0000000000000000
    EFP Energy =                            0.0000000000000000
    Total Energy =                       -387.0029828036897470

    Alert: EFP and PCM quantities not currently incorporated into SCF psivars.

Properties will be evaluated at   0.000000,   0.000000,   0.000000 Bohr
  ==> Properties <==


Properties computed using the SCF density matrix

  Nuclear Dipole Moment: (a.u.)
     X:     1.5224      Y:    -5.8594      Z:    -7.6019

  Electronic Dipole Moment: (a.u.)
     X:    -1.1917      Y:     5.4043      Z:     6.5075

  Dipole Moment: (a.u.)
     X:     0.3307      Y:    -0.4551      Z:    -1.0944     Total:     1.2305

  Dipole Moment: (Debye)
     X:     0.8406      Y:    -1.1568      Z:    -2.7816     Total:     3.1277


  Saving occupied orbitals to File 180.

*** tstop() called on cx1-1-2-1.cx1.hpc.ic.ac.uk at Tue Jul  5 17:53:01 2016
Module time:
	user time   =      24.25 seconds =       0.40 minutes
	system time =       0.22 seconds =       0.00 minutes
	total time  =         25 seconds =       0.42 minutes
Total time:
	user time   =      24.25 seconds =       0.40 minutes
	system time =       0.22 seconds =       0.00 minutes
	total time  =         25 seconds =       0.42 minutes


Properties will be evaluated at   0.000000,   0.000000,   0.000000 Bohr

Properties computed using the  density matrix

  Nuclear Dipole Moment: (a.u.)
     X:     1.5224      Y:    -5.8594      Z:    -7.6019

  Electronic Dipole Moment: (a.u.)
     X:    -1.1917      Y:     5.4043      Z:     6.5075

  Dipole Moment: (a.u.)
     X:     0.3307      Y:    -0.4551      Z:    -1.0944     Total:     1.2305

  Dipole Moment: (Debye)
     X:     0.8406      Y:    -1.1568      Z:    -2.7816     Total:     3.1277

  Quadrupole Moment: (Debye Ang)
    XX:   -58.6225     YY:   -60.3764     ZZ:   -64.7793
    XY:     1.3663     XZ:     2.4207     YZ:    -7.0414

  Traceless Quadrupole Moment: (Debye Ang)
    XX:     2.6369     YY:     0.8830     ZZ:    -3.5199
    XY:     1.3663     XZ:     2.4207     YZ:    -7.0414

  Mulliken Charges: (a.u.)
   Center  Symbol    Alpha    Beta     Spin     Total
       1     O     4.26221  4.26221  0.00000 -0.52441
       2     C     2.72416  2.72416  0.00000  0.55168
       3     C     3.26328  3.26328  0.00000 -0.52656
       4     C     3.29777  3.29777  0.00000 -0.59553
       5     C     3.16817  3.16817  0.00000 -0.33633
       6     H     0.37966  0.37966  0.00000  0.24069
       7     H     0.39969  0.39969  0.00000  0.20061
       8     C     3.15348  3.15348  0.00000 -0.30697
       9     H     0.41412  0.41412  0.00000  0.17177
      10     H     0.39689  0.39689  0.00000  0.20622
      11     C     3.15087  3.15087  0.00000 -0.30174
      12     H     0.42130  0.42130  0.00000  0.15739
      13     H     0.41619  0.41619  0.00000  0.16763
      14     C     3.17365  3.17365  0.00000 -0.34730
      15     H     0.42108  0.42108  0.00000  0.15785
      16     H     0.41831  0.41831  0.00000  0.16337
      17     C     3.27491  3.27491  0.00000 -0.54982
      18     H     0.41680  0.41680  0.00000  0.16640
      19     H     0.41121  0.41121  0.00000  0.17758
      20     H     0.39957  0.39957  0.00000  0.20085
      21     H     0.41544  0.41544  0.00000  0.16912
      22     H     0.41573  0.41573  0.00000  0.16855
      23     H     0.40215  0.40215  0.00000  0.19569
      24     H     0.39590  0.39590  0.00000  0.20821
      25     H     0.40747  0.40747  0.00000  0.18506

   Total alpha = 36.00000, Total beta = 36.00000, Total charge =  0.00000


*** PSI4 exiting successfully. Buy a developer a beer!
