    -----------------------------------------------------------------------
          Psi4: An Open-Source Ab Initio Electronic Structure Package
                              Psi4 (no tag) Driver

                          Git: Rev {detached?}  

    J. M. Turney, A. C. Simmonett, R. M. Parrish, E. G. Hohenstein,
    F. A. Evangelista, J. T. Fermann, B. J. Mintz, L. A. Burns, J. J. Wilke,
    M. L. Abrams, N. J. Russ, M. L. Leininger, C. L. Janssen, E. T. Seidl,
    W. D. Allen, H. F. Schaefer, R. A. King, E. F. Valeev, C. D. Sherrill,
    and T. D. Crawford, WIREs Comput. Mol. Sci. 2, 556-565 (2012)
    (doi: 10.1002/wcms.93)

                         Additional Contributions by
    A. E. DePrince, M. Saitow, U. Bozkaya, A. Yu. Sokolov
    -----------------------------------------------------------------------


    Psi4 started on: Tue Jul  5 16:26:28 2016

    Process ID:  26974
    PSI4DATADIR: /export131/home/mjharvey/miniconda3/share
    Memory level set to 256.000 MB

  ==> Input File <==

--------------------------------------------------------------------------
set {
	reference rhf
	basis 6-31G*
}


set_num_threads( 1 )
memory 2 gb

molecule MOL {
0 1

H	 0.933974	 1.449722	 1.596762
C	 1.123751	 0.813967	 0.722975
C	 0.065331	 0.871482	 -0.349150
O	 2.107886	 0.150352	 0.669946
C	 -1.339775	 0.583656	 0.198860
H	 0.335280	 0.174248	 -1.133947
H	 0.087514	 1.875654	 -0.770229
C	 -1.808407	 -0.848507	 -0.061364
H	 -2.036183	 1.280685	 -0.256307
H	 -1.360094	 0.788874	 1.267089
H	 -1.828843	 -1.063152	 -1.125336
H	 -2.808409	 -1.004529	 0.329750
H	 -1.153967	 -1.577789	 0.406873

	symmetry c1
}
set optking {
	frozen_dihedral = ("
		6 3 2 4
	")
}

ee = energy('scf')
oeprop('DIPOLE', 'QUADRUPOLE', 'MULLIKEN_CHARGES')
f=open( 'psi4out.xyz', 'w' )
f.write( "13  " )
f.write( str(ee) + "\n" )
f.write( MOL.save_string_xyz() )
f.close()
--------------------------------------------------------------------------

  Memory set to   2.000 GiB by Python script.

*** tstart() called on cx1-3-1-3.cx1.hpc.ic.ac.uk
*** at Tue Jul  5 16:26:29 2016


         ---------------------------------------------------------
                                   SCF
            by Justin Turney, Rob Parrish, and Andy Simmonett
                              RHF Reference
                        1 Threads,   2000 MiB Core
         ---------------------------------------------------------

  ==> Geometry <==

    Molecular point group: c1
    Full point group: C1

    Geometry (in Angstrom), charge = 0, multiplicity = 1:

       Center              X                  Y                   Z               Mass       
    ------------   -----------------  -----------------  -----------------  -----------------
           H          0.901857254037     1.152864558336     1.358498186924     1.007825032070
           C          1.091634254037     0.517109558336     0.484711186924    12.000000000000
           C          0.033214254037     0.574624558336    -0.587413813076    12.000000000000
           O          2.075769254037    -0.146505441664     0.431682186924    15.994914619560
           C         -1.371891745963     0.286798558336    -0.039403813076    12.000000000000
           H          0.303163254037    -0.122609441664    -1.372210813076     1.007825032070
           H          0.055397254037     1.578796558336    -1.008492813076     1.007825032070
           C         -1.840523745963    -1.145364441664    -0.299627813076    12.000000000000
           H         -2.068299745963     0.983827558336    -0.494570813076     1.007825032070
           H         -1.392210745963     0.492016558336     1.028825186924     1.007825032070
           H         -1.860959745963    -1.360009441664    -1.363599813076     1.007825032070
           H         -2.840525745963    -1.301386441664     0.091486186924     1.007825032070
           H         -1.186083745963    -1.874646441664     0.168609186924     1.007825032070

  Running in c1 symmetry.

  Rotational constants: A =      0.38876  B =      0.08796  C =      0.08053 [cm^-1]
  Rotational constants: A =  11654.74325  B =   2636.92258  C =   2414.25892 [MHz]
  Nuclear repulsion =  172.207215870046468

  Charge       = 0
  Multiplicity = 1
  Electrons    = 40
  Nalpha       = 20
  Nbeta        = 20

  ==> Algorithm <==

  SCF Algorithm Type is DF.
  DIIS enabled.
  MOM disabled.
  Fractional occupation disabled.
  Guess Type is CORE.
  Energy threshold   = 1.00e-06
  Density threshold  = 1.00e-06
  Integral threshold = 0.00e+00

  ==> Primary Basis <==

  Basis Set: 6-31G*
    Number of shells: 46
    Number of basis function: 91
    Number of Cartesian functions: 91
    Spherical Harmonics?: false
    Max angular momentum: 2

  ==> Pre-Iterations <==

   -------------------------------------------------------
    Irrep   Nso     Nmo     Nalpha   Nbeta   Ndocc  Nsocc
   -------------------------------------------------------
     A         91      91       0       0       0       0
   -------------------------------------------------------
    Total      91      91      20      20      20       0
   -------------------------------------------------------

 OEINTS: Overlap, kinetic, potential, dipole, and quadrupole integrals
         stored in file 35.

  ==> Integral Setup <==

  ==> DFJK: Density-Fitted J/K Matrices <==

    J tasked:                  Yes
    K tasked:                  Yes
    wK tasked:                  No
    OpenMP threads:              1
    Integrals threads:           1
    Memory (MB):              1430
    Algorithm:                Core
    Integral Cache:           NONE
    Schwarz Cutoff:          1E-12
    Fitting Condition:       1E-12

   => Auxiliary Basis Set <=

  Basis Set: 
    Number of shells: 192
    Number of basis function: 605
    Number of Cartesian functions: 605
    Spherical Harmonics?: false
    Max angular momentum: 3

  Minimum eigenvalue in the overlap matrix is 4.7368298146E-03.
  Using Symmetric Orthogonalization.
  SCF Guess: Core (One-Electron) Hamiltonian.

  ==> Iterations <==

                           Total Energy        Delta E     RMS |[F,P]|

   @DF-RHF iter   1:  -179.48938652121069   -1.79489e+02   8.02269e-02 
   @DF-RHF iter   2:  -127.48218097837497    5.20072e+01   8.94707e-02 DIIS
   @DF-RHF iter   3:  -209.65332811775477   -8.21711e+01   3.36391e-02 DIIS
   @DF-RHF iter   4:  -157.44508215066656    5.22082e+01   7.85127e-02 DIIS
   @DF-RHF iter   5:  -196.93137105543207   -3.94863e+01   6.50527e-02 DIIS
   @DF-RHF iter   6:  -201.55502288093231   -4.62365e+00   5.64886e-02 DIIS
   @DF-RHF iter   7:  -205.95471827917123   -4.39970e+00   5.24317e-02 DIIS
   @DF-RHF iter   8:  -206.23513252805975   -2.80414e-01   5.22937e-02 DIIS
   @DF-RHF iter   9:  -213.53566716203841   -7.30053e+00   4.68315e-02 DIIS
   @DF-RHF iter  10:  -215.04330021515585   -1.50763e+00   4.13565e-02 DIIS
   @DF-RHF iter  11:  -227.78345159515715   -1.27402e+01   2.00133e-02 DIIS
   @DF-RHF iter  12:  -228.76543344681625   -9.81982e-01   1.52651e-02 DIIS
   @DF-RHF iter  13:  -230.78198361662868   -2.01655e+00   6.86442e-03 DIIS
   @DF-RHF iter  14:  -230.96483204525214   -1.82848e-01   1.60036e-03 DIIS
   @DF-RHF iter  15:  -230.98000251939192   -1.51705e-02   3.75013e-04 DIIS
   @DF-RHF iter  16:  -230.98103223639606   -1.02972e-03   1.92439e-04 DIIS
   @DF-RHF iter  17:  -230.98129506739508   -2.62831e-04   7.24804e-05 DIIS
   @DF-RHF iter  18:  -230.98133268017506   -3.76128e-05   3.10977e-05 DIIS
   @DF-RHF iter  19:  -230.98133752822224   -4.84805e-06   1.22676e-05 DIIS
   @DF-RHF iter  20:  -230.98133831233321   -7.84111e-07   3.67888e-06 DIIS
   @DF-RHF iter  21:  -230.98133840506853   -9.27353e-08   9.70771e-07 DIIS

  ==> Post-Iterations <==

    Orbital Energies (a.u.)
    -----------------------

    Doubly Occupied:                                                      

       1A    -20.563050     2A    -11.327300     3A    -11.238160  
       4A    -11.234962     5A    -11.221552     6A     -1.402970  
       7A     -1.086207     8A     -0.974260     9A     -0.842791  
      10A     -0.793729    11A     -0.667986    12A     -0.648452  
      13A     -0.627841    14A     -0.586572    15A     -0.560763  
      16A     -0.537674    17A     -0.500522    18A     -0.496735  
      19A     -0.479333    20A     -0.411083  

    Virtual:                                                              

      21A      0.158036    22A      0.238619    23A      0.263542  
      24A      0.267200    25A      0.292987    26A      0.305943  
      27A      0.318093    28A      0.327370    29A      0.345799  
      30A      0.378481    31A      0.432030    32A      0.454394  
      33A      0.497371    34A      0.705259    35A      0.719829  
      36A      0.736249    37A      0.783134    38A      0.801573  
      39A      0.828261    40A      0.899231    41A      0.904603  
      42A      0.945299    43A      0.984128    44A      1.021541  
      45A      1.040917    46A      1.099415    47A      1.115473  
      48A      1.131788    49A      1.140954    50A      1.172873  
      51A      1.175547    52A      1.205295    53A      1.219876  
      54A      1.248124    55A      1.272457    56A      1.299876  
      57A      1.348177    58A      1.387203    59A      1.635083  
      60A      1.686362    61A      1.715303    62A      1.795864  
      63A      1.849279    64A      1.905773    65A      1.956082  
      66A      2.046225    67A      2.112565    68A      2.135549  
      69A      2.182976    70A      2.207866    71A      2.285583  
      72A      2.311638    73A      2.385153    74A      2.414311  
      75A      2.503626    76A      2.581191    77A      2.634682  
      78A      2.665987    79A      2.743399    80A      2.798425  
      81A      2.904288    82A      2.949900    83A      2.983818  
      84A      3.032144    85A      3.260229    86A      3.360751  
      87A      4.280026    88A      4.515290    89A      4.614031  
      90A      4.812171    91A      4.938276  

    Final Occupation by Irrep:
              A 
    DOCC [    20 ]

  Energy converged.

  @DF-RHF Final Energy:  -230.98133840506853

   => Energetics <=

    Nuclear Repulsion Energy =            172.2072158700464684
    One-Electron Energy =                -653.9730558785062158
    Two-Electron Energy =                 250.7845016033919592
    DFT Exchange-Correlation Energy =       0.0000000000000000
    Empirical Dispersion Energy =           0.0000000000000000
    PCM Polarization Energy =               0.0000000000000000
    EFP Energy =                            0.0000000000000000
    Total Energy =                       -230.9813384050677882

    Alert: EFP and PCM quantities not currently incorporated into SCF psivars.

Properties will be evaluated at   0.000000,   0.000000,   0.000000 Bohr
  ==> Properties <==


Properties computed using the SCF density matrix

  Nuclear Dipole Moment: (a.u.)
     X:    -7.5720      Y:    -0.4236      Z:    -1.4899

  Electronic Dipole Moment: (a.u.)
     X:     6.4900      Y:     0.9820      Z:     1.3829

  Dipole Moment: (a.u.)
     X:    -1.0819      Y:     0.5584      Z:    -0.1070     Total:     1.2222

  Dipole Moment: (Debye)
     X:    -2.7499      Y:     1.4192      Z:    -0.2719     Total:     3.1065


  Saving occupied orbitals to File 180.

*** tstop() called on cx1-3-1-3.cx1.hpc.ic.ac.uk at Tue Jul  5 16:26:34 2016
Module time:
	user time   =       4.92 seconds =       0.08 minutes
	system time =       0.03 seconds =       0.00 minutes
	total time  =          5 seconds =       0.08 minutes
Total time:
	user time   =       4.92 seconds =       0.08 minutes
	system time =       0.03 seconds =       0.00 minutes
	total time  =          5 seconds =       0.08 minutes


Properties will be evaluated at   0.000000,   0.000000,   0.000000 Bohr

Properties computed using the  density matrix

  Nuclear Dipole Moment: (a.u.)
     X:    -7.5720      Y:    -0.4236      Z:    -1.4899

  Electronic Dipole Moment: (a.u.)
     X:     6.4900      Y:     0.9820      Z:     1.3829

  Dipole Moment: (a.u.)
     X:    -1.0819      Y:     0.5584      Z:    -0.1070     Total:     1.2222

  Dipole Moment: (Debye)
     X:    -2.7499      Y:     1.4192      Z:    -0.2719     Total:     3.1065

  Quadrupole Moment: (Debye Ang)
    XX:   -38.8371     YY:   -30.6399     ZZ:   -31.0004
    XY:     1.9099     XZ:    -1.0240     YZ:     0.4366

  Traceless Quadrupole Moment: (Debye Ang)
    XX:    -5.3447     YY:     2.8526     ZZ:     2.4921
    XY:     1.9099     XZ:    -1.0240     YZ:     0.4366

  Mulliken Charges: (a.u.)
   Center  Symbol    Alpha    Beta     Spin     Total
       1     H     0.43164  0.43164  0.00000  0.13672
       2     C     2.83330  2.83330  0.00000  0.33340
       3     C     3.20918  3.20918  0.00000 -0.41837
       4     O     4.23638  4.23638  0.00000 -0.47276
       5     C     3.16673  3.16673  0.00000 -0.33345
       6     H     0.39770  0.39770  0.00000  0.20460
       7     H     0.40627  0.40627  0.00000  0.18746
       8     C     3.24029  3.24029  0.00000 -0.48058
       9     H     0.41311  0.41311  0.00000  0.17379
      10     H     0.41709  0.41709  0.00000  0.16582
      11     H     0.41736  0.41736  0.00000  0.16527
      12     H     0.41619  0.41619  0.00000  0.16763
      13     H     0.41477  0.41477  0.00000  0.17046

   Total alpha = 20.00000, Total beta = 20.00000, Total charge =  0.00000


*** PSI4 exiting successfully. Buy a developer a beer!
