    -----------------------------------------------------------------------
          Psi4: An Open-Source Ab Initio Electronic Structure Package
                              Psi4 (no tag) Driver

                          Git: Rev {detached?}  

    J. M. Turney, A. C. Simmonett, R. M. Parrish, E. G. Hohenstein,
    F. A. Evangelista, J. T. Fermann, B. J. Mintz, L. A. Burns, J. J. Wilke,
    M. L. Abrams, N. J. Russ, M. L. Leininger, C. L. Janssen, E. T. Seidl,
    W. D. Allen, H. F. Schaefer, R. A. King, E. F. Valeev, C. D. Sherrill,
    and T. D. Crawford, WIREs Comput. Mol. Sci. 2, 556-565 (2012)
    (doi: 10.1002/wcms.93)

                         Additional Contributions by
    A. E. DePrince, M. Saitow, U. Bozkaya, A. Yu. Sokolov
    -----------------------------------------------------------------------


    Psi4 started on: Tue Jul  5 17:33:45 2016

    Process ID:  32384
    PSI4DATADIR: /export131/home/mjharvey/miniconda3/share
    Memory level set to 256.000 MB

  ==> Input File <==

--------------------------------------------------------------------------
set {
	reference rhf
	basis 6-31G*
}


set_num_threads( 1 )
memory 2 gb

molecule MOL {
0 1

O	 -0.644987	 -1.652990	 1.664992
C	 -1.514987	 -1.440192	 0.882411
C	 -2.775474	 -2.260464	 0.784449
O	 -1.481751	 -0.454642	 0.000584
H	 -3.283566	 -2.233162	 1.740984
H	 -3.433286	 -1.897333	 0.008654
H	 -2.505502	 -3.290827	 0.586090
C	 -0.334255	 0.388708	 0.000906
C	 0.891947	 -0.504646	 0.000751
H	 -0.365390	 1.025305	 -0.873475
H	 -0.365484	 1.024911	 0.875569
C	 0.838286	 -1.556101	 -1.109219
H	 0.972990	 -0.989855	 0.969484
H	 1.777328	 0.114301	 -0.115286
C	 -0.165550	 -2.674382	 -0.822711
H	 0.580561	 -1.076907	 -2.052106
H	 1.827151	 -1.989778	 -1.247612
C	 0.016377	 -3.885871	 -1.735982
H	 -1.175947	 -2.287068	 -0.932991
H	 -0.069469	 -2.986220	 0.214880
H	 -0.107542	 -3.612262	 -2.779915
H	 -0.709024	 -4.660799	 -1.509014
H	 1.007098	 -4.316867	 -1.623177

	symmetry c1
}
set optking {
	frozen_dihedral = ("
		13 9 8 10,
		2 4 8 10,
		16 12 9 13,
		1 2 4 8
	")
}

ee = energy('scf')
oeprop('DIPOLE', 'QUADRUPOLE', 'MULLIKEN_CHARGES')
f=open( 'psi4out.xyz', 'w' )
f.write( "23  " )
f.write( str(ee) + "\n" )
f.write( MOL.save_string_xyz() )
f.close()
--------------------------------------------------------------------------

  Memory set to   2.000 GiB by Python script.

*** tstart() called on cx1-3-4-2.cx1.hpc.ic.ac.uk
*** at Tue Jul  5 17:33:46 2016


         ---------------------------------------------------------
                                   SCF
            by Justin Turney, Rob Parrish, and Andy Simmonett
                              RHF Reference
                        1 Threads,   2000 MiB Core
         ---------------------------------------------------------

  ==> Geometry <==

    Molecular point group: c1
    Full point group: C1

    Geometry (in Angstrom), charge = 0, multiplicity = 1:

       Center              X                  Y                   Z               Mass       
    ------------   -----------------  -----------------  -----------------  -----------------
           O         -0.057461340841    -0.082682832967     1.696834069490    15.994914619560
           C         -0.927461340841     0.130115167033     0.914253069490    12.000000000000
           C         -2.187948340841    -0.690156832967     0.816291069490    12.000000000000
           O         -0.894225340841     1.115665167033     0.032426069490    15.994914619560
           H         -2.696040340841    -0.662854832967     1.772826069490     1.007825032070
           H         -2.845760340841    -0.327025832967     0.040496069490     1.007825032070
           H         -1.917976340841    -1.720519832967     0.617932069490     1.007825032070
           C          0.253270659159     1.959015167033     0.032748069490    12.000000000000
           C          1.479472659159     1.065661167033     0.032593069490    12.000000000000
           H          0.222135659159     2.595612167033    -0.841632930510     1.007825032070
           H          0.222041659159     2.595218167033     0.907411069490     1.007825032070
           C          1.425811659159     0.014206167033    -1.077376930510    12.000000000000
           H          1.560515659159     0.580452167033     1.001326069490     1.007825032070
           H          2.364853659159     1.684608167033    -0.083443930510     1.007825032070
           C          0.421975659159    -1.104074832967    -0.790868930510    12.000000000000
           H          1.168086659159     0.493400167033    -2.020263930510     1.007825032070
           H          2.414676659159    -0.419470832967    -1.215769930510     1.007825032070
           C          0.603902659159    -2.315563832967    -1.704139930510    12.000000000000
           H         -0.588421340841    -0.716760832967    -0.901148930510     1.007825032070
           H          0.518056659159    -1.415912832967     0.246722069490     1.007825032070
           H          0.479983659159    -2.041954832967    -2.748072930510     1.007825032070
           H         -0.121498340841    -3.090491832967    -1.477171930510     1.007825032070
           H          1.594623659159    -2.746559832967    -1.591334930510     1.007825032070

  Running in c1 symmetry.

  Rotational constants: A =      0.06433  B =      0.05167  C =      0.03555 [cm^-1]
  Rotational constants: A =   1928.53512  B =   1548.89564  C =   1065.70213 [MHz]
  Nuclear repulsion =  513.007529567760798

  Charge       = 0
  Multiplicity = 1
  Electrons    = 72
  Nalpha       = 36
  Nbeta        = 36

  ==> Algorithm <==

  SCF Algorithm Type is DF.
  DIIS enabled.
  MOM disabled.
  Fractional occupation disabled.
  Guess Type is CORE.
  Energy threshold   = 1.00e-06
  Density threshold  = 1.00e-06
  Integral threshold = 0.00e+00

  ==> Primary Basis <==

  Basis Set: 6-31G*
    Number of shells: 82
    Number of basis function: 163
    Number of Cartesian functions: 163
    Spherical Harmonics?: false
    Max angular momentum: 2

  ==> Pre-Iterations <==

   -------------------------------------------------------
    Irrep   Nso     Nmo     Nalpha   Nbeta   Ndocc  Nsocc
   -------------------------------------------------------
     A        163     163       0       0       0       0
   -------------------------------------------------------
    Total     163     163      36      36      36       0
   -------------------------------------------------------

 OEINTS: Overlap, kinetic, potential, dipole, and quadrupole integrals
         stored in file 35.

  ==> Integral Setup <==

  ==> DFJK: Density-Fitted J/K Matrices <==

    J tasked:                  Yes
    K tasked:                  Yes
    wK tasked:                  No
    OpenMP threads:              1
    Integrals threads:           1
    Memory (MB):              1430
    Algorithm:                Core
    Integral Cache:           NONE
    Schwarz Cutoff:          1E-12
    Fitting Condition:       1E-12

   => Auxiliary Basis Set <=

  Basis Set: 
    Number of shells: 342
    Number of basis function: 1079
    Number of Cartesian functions: 1079
    Spherical Harmonics?: false
    Max angular momentum: 3

  Minimum eigenvalue in the overlap matrix is 2.6615722166E-03.
  Using Symmetric Orthogonalization.
  SCF Guess: Core (One-Electron) Hamiltonian.

  ==> Iterations <==

                           Total Energy        Delta E     RMS |[F,P]|

   @DF-RHF iter   1:  -312.23746883760111   -3.12237e+02   6.73808e-02 
   @DF-RHF iter   2:  -194.81229437068487    1.17425e+02   7.10084e-02 DIIS
   @DF-RHF iter   3:  -334.39287215663137   -1.39581e+02   5.43408e-02 DIIS
   @DF-RHF iter   4:  -371.17528755858154   -3.67824e+01   4.47521e-02 DIIS
   @DF-RHF iter   5:  -417.28151151458485   -4.61062e+01   1.70755e-02 DIIS
   @DF-RHF iter   6:  -422.37927473900800   -5.09776e+00   6.57445e-03 DIIS
   @DF-RHF iter   7:  -422.87196183373067   -4.92687e-01   1.95043e-03 DIIS
   @DF-RHF iter   8:  -422.91412845525053   -4.21666e-02   6.92551e-04 DIIS
   @DF-RHF iter   9:  -422.92106853224834   -6.94008e-03   3.24892e-04 DIIS
   @DF-RHF iter  10:  -422.92276446978201   -1.69594e-03   9.55634e-05 DIIS
   @DF-RHF iter  11:  -422.92300513310283   -2.40663e-04   3.86933e-05 DIIS
   @DF-RHF iter  12:  -422.92303448704547   -2.93539e-05   1.18880e-05 DIIS
   @DF-RHF iter  13:  -422.92303979720054   -5.31016e-06   4.24837e-06 DIIS
   @DF-RHF iter  14:  -422.92304025312603   -4.55925e-07   1.28840e-06 DIIS
   @DF-RHF iter  15:  -422.92304031708636   -6.39603e-08   3.66756e-07 DIIS

  ==> Post-Iterations <==

    Orbital Energies (a.u.)
    -----------------------

    Doubly Occupied:                                                      

       1A    -20.602482     2A    -20.539243     3A    -11.381595  
       4A    -11.283120     5A    -11.235006     6A    -11.211545  
       7A    -11.203715     8A    -11.202224     9A    -11.202014  
      10A     -1.477339    11A     -1.368803    12A     -1.082924  
      13A     -1.047654    14A     -0.994437    15A     -0.931849  
      16A     -0.850943    17A     -0.808449    18A     -0.755118  
      19A     -0.706692    20A     -0.691594    21A     -0.667501  
      22A     -0.623890    23A     -0.601700    24A     -0.600602  
      25A     -0.577777    26A     -0.569439    27A     -0.553477  
      28A     -0.538279    29A     -0.528715    30A     -0.512782  
      31A     -0.492429    32A     -0.490032    33A     -0.453224  
      34A     -0.448032    35A     -0.425097    36A     -0.413131  

    Virtual:                                                              

      37A      0.180240    38A      0.236518    39A      0.250078  
      40A      0.271894    41A      0.285755    42A      0.296790  
      43A      0.302079    44A      0.306844    45A      0.324675  
      46A      0.331942    47A      0.332272    48A      0.351582  
      49A      0.361203    50A      0.367004    51A      0.374422  
      52A      0.387149    53A      0.405316    54A      0.433944  
      55A      0.448474    56A      0.457056    57A      0.475742  
      58A      0.540437    59A      0.584107    60A      0.714277  
      61A      0.721999    62A      0.735766    63A      0.742172  
      64A      0.753088    65A      0.775924    66A      0.793585  
      67A      0.813832    68A      0.844184    69A      0.883309  
      70A      0.902944    71A      0.913568    72A      0.930764  
      73A      0.962207    74A      0.967918    75A      0.982258  
      76A      1.009017    77A      1.030098    78A      1.076645  
      79A      1.089748    80A      1.114155    81A      1.129713  
      82A      1.137347    83A      1.154281    84A      1.160922  
      85A      1.175738    86A      1.193118    87A      1.203891  
      88A      1.209713    89A      1.225693    90A      1.227555  
      91A      1.239444    92A      1.251505    93A      1.259248  
      94A      1.273935    95A      1.278206    96A      1.301594  
      97A      1.363122    98A      1.385845    99A      1.443272  
     100A      1.471545   101A      1.479661   102A      1.526599  
     103A      1.608098   104A      1.650631   105A      1.683669  
     106A      1.709436   107A      1.735113   108A      1.761078  
     109A      1.791137   110A      1.831593   111A      1.890557  
     112A      1.926694   113A      2.000003   114A      2.037281  
     115A      2.066515   116A      2.092892   117A      2.132408  
     118A      2.161168   119A      2.175157   120A      2.203515  
     121A      2.219118   122A      2.238530   123A      2.274377  
     124A      2.318123   125A      2.328141   126A      2.340551  
     127A      2.384610   128A      2.395741   129A      2.414783  
     130A      2.436526   131A      2.484566   132A      2.532302  
     133A      2.568891   134A      2.591247   135A      2.602727  
     136A      2.637975   137A      2.670532   138A      2.705143  
     139A      2.730106   140A      2.738264   141A      2.758404  
     142A      2.796294   143A      2.824166   144A      2.842017  
     145A      2.940389   146A      2.969266   147A      3.043675  
     148A      3.082613   149A      3.097590   150A      3.155997  
     151A      3.229535   152A      3.381031   153A      3.421506  
     154A      3.560221   155A      4.528792   156A      4.600343  
     157A      4.631183   158A      4.673718   159A      4.749138  
     160A      4.795962   161A      4.901046   162A      4.972609  
     163A      5.068415  

    Final Occupation by Irrep:
              A 
    DOCC [    36 ]

  Energy converged.

  @DF-RHF Final Energy:  -422.92304031708636

   => Energetics <=

    Nuclear Repulsion Energy =            513.0075295677607983
    One-Electron Energy =               -1593.7155347411035109
    Two-Electron Energy =                 657.7849648562555558
    DFT Exchange-Correlation Energy =       0.0000000000000000
    Empirical Dispersion Energy =           0.0000000000000000
    PCM Polarization Energy =               0.0000000000000000
    EFP Energy =                            0.0000000000000000
    Total Energy =                       -422.9230403170872705

    Alert: EFP and PCM quantities not currently incorporated into SCF psivars.

Properties will be evaluated at   0.000000,   0.000000,   0.000000 Bohr
  ==> Properties <==


Properties computed using the SCF density matrix

  Nuclear Dipole Moment: (a.u.)
     X:     2.2222      Y:    -4.8626      Z:    -5.8904

  Electronic Dipole Moment: (a.u.)
     X:    -2.6188      Y:     5.1215      Z:     5.5157

  Dipole Moment: (a.u.)
     X:    -0.3966      Y:     0.2589      Z:    -0.3747     Total:     0.6039

  Dipole Moment: (Debye)
     X:    -1.0080      Y:     0.6580      Z:    -0.9524     Total:     1.5350


  Saving occupied orbitals to File 180.

*** tstop() called on cx1-3-4-2.cx1.hpc.ic.ac.uk at Tue Jul  5 17:34:10 2016
Module time:
	user time   =      24.17 seconds =       0.40 minutes
	system time =       0.24 seconds =       0.00 minutes
	total time  =         24 seconds =       0.40 minutes
Total time:
	user time   =      24.17 seconds =       0.40 minutes
	system time =       0.24 seconds =       0.00 minutes
	total time  =         24 seconds =       0.40 minutes


Properties will be evaluated at   0.000000,   0.000000,   0.000000 Bohr

Properties computed using the  density matrix

  Nuclear Dipole Moment: (a.u.)
     X:     2.2222      Y:    -4.8626      Z:    -5.8904

  Electronic Dipole Moment: (a.u.)
     X:    -2.6188      Y:     5.1215      Z:     5.5157

  Dipole Moment: (a.u.)
     X:    -0.3966      Y:     0.2589      Z:    -0.3747     Total:     0.6039

  Dipole Moment: (Debye)
     X:    -1.0080      Y:     0.6580      Z:    -0.9524     Total:     1.5350

  Quadrupole Moment: (Debye Ang)
    XX:   -53.9730     YY:   -54.2382     ZZ:   -61.3703
    XY:     2.6544     XZ:    -2.3897     YZ:    -0.1243

  Traceless Quadrupole Moment: (Debye Ang)
    XX:     2.5542     YY:     2.2890     ZZ:    -4.8432
    XY:     2.6544     XZ:    -2.3897     YZ:    -0.1243

  Mulliken Charges: (a.u.)
   Center  Symbol    Alpha    Beta     Spin     Total
       1     O     4.29027  4.29027  0.00000 -0.58054
       2     C     2.61905  2.61905  0.00000  0.76191
       3     C     3.28398  3.28398  0.00000 -0.56796
       4     O     4.31001  4.31001  0.00000 -0.62003
       5     H     0.39563  0.39563  0.00000  0.20874
       6     H     0.39862  0.39862  0.00000  0.20277
       7     H     0.39527  0.39527  0.00000  0.20947
       8     C     3.00388  3.00388  0.00000 -0.00776
       9     C     3.19933  3.19933  0.00000 -0.39866
      10     H     0.40741  0.40741  0.00000  0.18518
      11     H     0.41019  0.41019  0.00000  0.17962
      12     C     3.14714  3.14714  0.00000 -0.29429
      13     H     0.37321  0.37321  0.00000  0.25358
      14     H     0.42247  0.42247  0.00000  0.15506
      15     C     3.18952  3.18952  0.00000 -0.37904
      16     H     0.42519  0.42519  0.00000  0.14962
      17     H     0.41874  0.41874  0.00000  0.16251
      18     C     3.23377  3.23377  0.00000 -0.46754
      19     H     0.41036  0.41036  0.00000  0.17928
      20     H     0.39587  0.39587  0.00000  0.20827
      21     H     0.42418  0.42418  0.00000  0.15164
      22     H     0.42382  0.42382  0.00000  0.15236
      23     H     0.42209  0.42209  0.00000  0.15581

   Total alpha = 36.00000, Total beta = 36.00000, Total charge = -0.00000


*** PSI4 exiting successfully. Buy a developer a beer!
