    -----------------------------------------------------------------------
          Psi4: An Open-Source Ab Initio Electronic Structure Package
                              Psi4 (no tag) Driver

                          Git: Rev {detached?}  

    J. M. Turney, A. C. Simmonett, R. M. Parrish, E. G. Hohenstein,
    F. A. Evangelista, J. T. Fermann, B. J. Mintz, L. A. Burns, J. J. Wilke,
    M. L. Abrams, N. J. Russ, M. L. Leininger, C. L. Janssen, E. T. Seidl,
    W. D. Allen, H. F. Schaefer, R. A. King, E. F. Valeev, C. D. Sherrill,
    and T. D. Crawford, WIREs Comput. Mol. Sci. 2, 556-565 (2012)
    (doi: 10.1002/wcms.93)

                         Additional Contributions by
    A. E. DePrince, M. Saitow, U. Bozkaya, A. Yu. Sokolov
    -----------------------------------------------------------------------


    Psi4 started on: Tue Jul  5 16:25:54 2016

    Process ID:  24948
    PSI4DATADIR: /export131/home/mjharvey/miniconda3/share
    Memory level set to 256.000 MB

  ==> Input File <==

--------------------------------------------------------------------------
set {
	reference rhf
	basis 6-31G*
}


set_num_threads( 1 )
memory 2 gb

molecule MOL {
0 1

H	 1.290306	 0.285604	 0.992127
C	 0.850167	 0.441173	 0.000644
C	 -0.623425	 0.760064	 0.000248
O	 1.525937	 0.357210	 -0.973024
C	 -1.518387	 -0.473136	 -0.000101
H	 -0.818289	 1.390622	 -0.866171
H	 -0.818694	 1.390413	 0.866696
H	 -1.333417	 -1.085530	 -0.874338
H	 -2.563510	 -0.183466	 -0.000351
H	 -1.333864	 -1.085676	 0.874123

	symmetry c1
}
ee = energy('scf')
oeprop('DIPOLE', 'QUADRUPOLE', 'MULLIKEN_CHARGES')
f=open( 'psi4out.xyz', 'w' )
f.write( "10  " )
f.write( str(ee) + "\n" )
f.write( MOL.save_string_xyz() )
f.close()
--------------------------------------------------------------------------

  Memory set to   2.000 GiB by Python script.

*** tstart() called on cx1-3-5-2.cx1.hpc.ic.ac.uk
*** at Tue Jul  5 16:25:54 2016


         ---------------------------------------------------------
                                   SCF
            by Justin Turney, Rob Parrish, and Andy Simmonett
                              RHF Reference
                        1 Threads,   2000 MiB Core
         ---------------------------------------------------------

  ==> Geometry <==

    Molecular point group: c1
    Full point group: C1

    Geometry (in Angstrom), charge = 0, multiplicity = 1:

       Center              X                  Y                   Z               Mass       
    ------------   -----------------  -----------------  -----------------  -----------------
           H          1.233685142374     0.024270328778     1.242878672869     1.007825032070
           C          0.793546142374     0.179839328778     0.251395672869    12.000000000000
           C         -0.680045857626     0.498730328778     0.250999672869    12.000000000000
           O          1.469316142374     0.095876328778    -0.722272327131    15.994914619560
           C         -1.575007857626    -0.734469671222     0.250650672869    12.000000000000
           H         -0.874909857626     1.129288328778    -0.615419327131     1.007825032070
           H         -0.875314857626     1.129079328778     1.117447672869     1.007825032070
           H         -1.390037857626    -1.346863671222    -0.623586327131     1.007825032070
           H         -2.620130857626    -0.444799671222     0.250400672869     1.007825032070
           H         -1.390484857626    -1.347009671222     1.124874672869     1.007825032070

  Running in c1 symmetry.

  Rotational constants: A =      0.73484  B =      0.15537  C =      0.14649 [cm^-1]
  Rotational constants: A =  22030.09411  B =   4657.93178  C =   4391.70084 [MHz]
  Nuclear repulsion =  117.689827861044904

  Charge       = 0
  Multiplicity = 1
  Electrons    = 32
  Nalpha       = 16
  Nbeta        = 16

  ==> Algorithm <==

  SCF Algorithm Type is DF.
  DIIS enabled.
  MOM disabled.
  Fractional occupation disabled.
  Guess Type is CORE.
  Energy threshold   = 1.00e-06
  Density threshold  = 1.00e-06
  Integral threshold = 0.00e+00

  ==> Primary Basis <==

  Basis Set: 6-31G*
    Number of shells: 36
    Number of basis function: 72
    Number of Cartesian functions: 72
    Spherical Harmonics?: false
    Max angular momentum: 2

  ==> Pre-Iterations <==

   -------------------------------------------------------
    Irrep   Nso     Nmo     Nalpha   Nbeta   Ndocc  Nsocc
   -------------------------------------------------------
     A         72      72       0       0       0       0
   -------------------------------------------------------
    Total      72      72      16      16      16       0
   -------------------------------------------------------

 OEINTS: Overlap, kinetic, potential, dipole, and quadrupole integrals
         stored in file 35.

  ==> Integral Setup <==

  ==> DFJK: Density-Fitted J/K Matrices <==

    J tasked:                  Yes
    K tasked:                  Yes
    wK tasked:                  No
    OpenMP threads:              1
    Integrals threads:           1
    Memory (MB):              1430
    Algorithm:                Core
    Integral Cache:           NONE
    Schwarz Cutoff:          1E-12
    Fitting Condition:       1E-12

   => Auxiliary Basis Set <=

  Basis Set: 
    Number of shells: 150
    Number of basis function: 474
    Number of Cartesian functions: 474
    Spherical Harmonics?: false
    Max angular momentum: 3

  Minimum eigenvalue in the overlap matrix is 5.1564109949E-03.
  Using Symmetric Orthogonalization.
  SCF Guess: Core (One-Electron) Hamiltonian.

  ==> Iterations <==

                           Total Energy        Delta E     RMS |[F,P]|

   @DF-RHF iter   1:  -151.72922906785439   -1.51729e+02   9.25925e-02 
   @DF-RHF iter   2:  -117.20472590892049    3.45245e+01   8.56111e-02 DIIS
   @DF-RHF iter   3:  -174.13260561580549   -5.69279e+01   5.04258e-02 DIIS
   @DF-RHF iter   4:  -184.91247570933447   -1.07799e+01   4.48559e-02 DIIS
   @DF-RHF iter   5:  -191.68031139807189   -6.76784e+00   1.09534e-02 DIIS
   @DF-RHF iter   6:  -191.86757712680165   -1.87266e-01   6.41622e-03 DIIS
   @DF-RHF iter   7:  -191.94723556643609   -7.96584e-02   5.52135e-04 DIIS
   @DF-RHF iter   8:  -191.94844017467366   -1.20461e-03   1.46115e-04 DIIS
   @DF-RHF iter   9:  -191.94855012623086   -1.09952e-04   4.65381e-05 DIIS
   @DF-RHF iter  10:  -191.94856603468534   -1.59085e-05   1.92651e-05 DIIS
   @DF-RHF iter  11:  -191.94856941287142   -3.37819e-06   8.02146e-06 DIIS
   @DF-RHF iter  12:  -191.94856994648811   -5.33617e-07   2.82348e-06 DIIS
   @DF-RHF iter  13:  -191.94857002242546   -7.59374e-08   1.11465e-06 DIIS
   @DF-RHF iter  14:  -191.94857004074461   -1.83192e-08   4.92165e-07 DIIS

  ==> Post-Iterations <==

    Orbital Energies (a.u.)
    -----------------------

    Doubly Occupied:                                                      

       1A    -20.564759     2A    -11.327962     3A    -11.238391  
       4A    -11.233294     5A     -1.404309     6A     -1.066000  
       7A     -0.908215     8A     -0.788376     9A     -0.678986  
      10A     -0.640432    11A     -0.603969    12A     -0.578422  
      13A     -0.544092    14A     -0.505439    15A     -0.498783  
      16A     -0.412102  

    Virtual:                                                              

      17A      0.154630    18A      0.245192    19A      0.273186  
      20A      0.289624    21A      0.309469    22A      0.315061  
      23A      0.326024    24A      0.387228    25A      0.443565  
      26A      0.472567    27A      0.702507    28A      0.735719  
      29A      0.740439    30A      0.788525    31A      0.853672  
      32A      0.879952    33A      0.946630    34A      0.972662  
      35A      1.013118    36A      1.075445    37A      1.104624  
      38A      1.116872    39A      1.146922    40A      1.161640  
      41A      1.197021    42A      1.234318    43A      1.256545  
      44A      1.306735    45A      1.351284    46A      1.448532  
      47A      1.598147    48A      1.686334    49A      1.815296  
      50A      1.839798    51A      1.916128    52A      1.972817  
      53A      2.102493    54A      2.144453    55A      2.198268  
      56A      2.250001    57A      2.262987    58A      2.428701  
      59A      2.466879    60A      2.579119    61A      2.633384  
      62A      2.665477    63A      2.746286    64A      2.892067  
      65A      2.969086    66A      3.020090    67A      3.242432  
      68A      3.358056    69A      4.283970    70A      4.516258  
      71A      4.663755    72A      4.886269  

    Final Occupation by Irrep:
              A 
    DOCC [    16 ]

  Energy converged.

  @DF-RHF Final Energy:  -191.94857004074461

   => Energetics <=

    Nuclear Repulsion Energy =            117.6898278610449040
    One-Electron Energy =                -493.2897336354837989
    Two-Electron Energy =                 183.6513357336943102
    DFT Exchange-Correlation Energy =       0.0000000000000000
    Empirical Dispersion Energy =           0.0000000000000000
    PCM Polarization Energy =               0.0000000000000000
    EFP Energy =                            0.0000000000000000
    Total Energy =                       -191.9485700407445563

    Alert: EFP and PCM quantities not currently incorporated into SCF psivars.

Properties will be evaluated at   0.000000,   0.000000,   0.000000 Bohr
  ==> Properties <==


Properties computed using the SCF density matrix

  Nuclear Dipole Moment: (a.u.)
     X:    -5.5401      Y:    -0.8020      Z:     2.3370

  Electronic Dipole Moment: (a.u.)
     X:     4.6968      Y:     0.8662      Z:    -1.5170

  Dipole Moment: (a.u.)
     X:    -0.8433      Y:     0.0641      Z:     0.8200     Total:     1.1780

  Dipole Moment: (Debye)
     X:    -2.1435      Y:     0.1630      Z:     2.0841     Total:     2.9941


  Saving occupied orbitals to File 180.

*** tstop() called on cx1-3-5-2.cx1.hpc.ic.ac.uk at Tue Jul  5 16:25:58 2016
Module time:
	user time   =       3.28 seconds =       0.05 minutes
	system time =       0.04 seconds =       0.00 minutes
	total time  =          4 seconds =       0.07 minutes
Total time:
	user time   =       3.28 seconds =       0.05 minutes
	system time =       0.04 seconds =       0.00 minutes
	total time  =          4 seconds =       0.07 minutes


Properties will be evaluated at   0.000000,   0.000000,   0.000000 Bohr

Properties computed using the  density matrix

  Nuclear Dipole Moment: (a.u.)
     X:    -5.5401      Y:    -0.8020      Z:     2.3370

  Electronic Dipole Moment: (a.u.)
     X:     4.6968      Y:     0.8662      Z:    -1.5170

  Dipole Moment: (a.u.)
     X:    -0.8433      Y:     0.0641      Z:     0.8200     Total:     1.1780

  Dipole Moment: (Debye)
     X:    -2.1435      Y:     0.1630      Z:     2.0841     Total:     2.9941

  Quadrupole Moment: (Debye Ang)
    XX:   -28.0795     YY:   -24.3676     ZZ:   -25.7103
    XY:    -0.0203     XZ:     3.0218     YZ:     0.2493

  Traceless Quadrupole Moment: (Debye Ang)
    XX:    -2.0270     YY:     1.6849     ZZ:     0.3421
    XY:    -0.0203     XZ:     3.0218     YZ:     0.2493

  Mulliken Charges: (a.u.)
   Center  Symbol    Alpha    Beta     Spin     Total
       1     H     0.43118  0.43118  0.00000  0.13764
       2     C     2.83752  2.83752  0.00000  0.32496
       3     C     3.20226  3.20226  0.00000 -0.40452
       4     O     4.23415  4.23415  0.00000 -0.46829
       5     C     3.24662  3.24662  0.00000 -0.49325
       6     H     0.40059  0.40059  0.00000  0.19881
       7     H     0.41515  0.41515  0.00000  0.16970
       8     H     0.40656  0.40656  0.00000  0.18687
       9     H     0.40976  0.40976  0.00000  0.18049
      10     H     0.41621  0.41621  0.00000  0.16759

   Total alpha = 16.00000, Total beta = 16.00000, Total charge =  0.00000


*** PSI4 exiting successfully. Buy a developer a beer!
