    -----------------------------------------------------------------------
          Psi4: An Open-Source Ab Initio Electronic Structure Package
                              Psi4 (no tag) Driver

                          Git: Rev {detached?}  

    J. M. Turney, A. C. Simmonett, R. M. Parrish, E. G. Hohenstein,
    F. A. Evangelista, J. T. Fermann, B. J. Mintz, L. A. Burns, J. J. Wilke,
    M. L. Abrams, N. J. Russ, M. L. Leininger, C. L. Janssen, E. T. Seidl,
    W. D. Allen, H. F. Schaefer, R. A. King, E. F. Valeev, C. D. Sherrill,
    and T. D. Crawford, WIREs Comput. Mol. Sci. 2, 556-565 (2012)
    (doi: 10.1002/wcms.93)

                         Additional Contributions by
    A. E. DePrince, M. Saitow, U. Bozkaya, A. Yu. Sokolov
    -----------------------------------------------------------------------


    Psi4 started on: Tue Jul  5 16:33:09 2016

    Process ID:  14929
    PSI4DATADIR: /export131/home/mjharvey/miniconda3/share
    Memory level set to 256.000 MB

  ==> Input File <==

--------------------------------------------------------------------------
set {
	reference rhf
	basis 6-31G*
}


set_num_threads( 1 )
memory 2 gb

molecule MOL {
0 1

H	 -2.738620	 -0.185063	 0.935518
O	 -2.347518	 -0.290803	 0.079804
C	 -1.184022	 0.487508	 -0.006784
C	 0.062599	 -0.378592	 0.031606
H	 -1.176523	 1.099369	 -0.904519
H	 -1.187323	 1.153111	 0.844927
O	 -0.043959	 -1.331029	 -0.978982
H	 0.152937	 -0.862108	 1.006301
H	 0.944499	 0.244194	 -0.106143
C	 1.051901	 -2.183439	 -1.086827
H	 1.203606	 -2.754072	 -0.172501
H	 0.853769	 -2.869137	 -1.898901
H	 1.964096	 -1.631937	 -1.304857

	symmetry c1
}
set optking {
	frozen_dihedral = ("
		8 4 3 5,
		10 7 4 8,
		4 7 10 13
	")
}

ee = energy('scf')
oeprop('DIPOLE', 'QUADRUPOLE', 'MULLIKEN_CHARGES')
f=open( 'psi4out.xyz', 'w' )
f.write( "13  " )
f.write( str(ee) + "\n" )
f.write( MOL.save_string_xyz() )
f.close()
--------------------------------------------------------------------------

  Memory set to   2.000 GiB by Python script.

*** tstart() called on cx1-49-4-2.cx1.hpc.ic.ac.uk
*** at Tue Jul  5 16:33:10 2016


         ---------------------------------------------------------
                                   SCF
            by Justin Turney, Rob Parrish, and Andy Simmonett
                              RHF Reference
                        1 Threads,   2000 MiB Core
         ---------------------------------------------------------

  ==> Geometry <==

    Molecular point group: c1
    Full point group: C1

    Geometry (in Angstrom), charge = 0, multiplicity = 1:

       Center              X                  Y                   Z               Mass       
    ------------   -----------------  -----------------  -----------------  -----------------
           H         -2.224906433749     0.560296656303     1.313402466664     1.007825032070
           O         -1.833804433749     0.454556656303     0.457688466664    15.994914619560
           C         -0.670308433749     1.232867656303     0.371100466664    12.000000000000
           C          0.576312566251     0.366767656303     0.409490466664    12.000000000000
           H         -0.662809433749     1.844728656303    -0.526634533336     1.007825032070
           H         -0.673609433749     1.898470656303     1.222811466664     1.007825032070
           O          0.469754566251    -0.585669343697    -0.601097533336    15.994914619560
           H          0.666650566251    -0.116748343697     1.384185466664     1.007825032070
           H          1.458212566251     0.989553656303     0.271741466664     1.007825032070
           C          1.565614566251    -1.438079343697    -0.708942533336    12.000000000000
           H          1.717319566251    -2.008712343697     0.205383466664     1.007825032070
           H          1.367482566251    -2.123777343697    -1.521016533336     1.007825032070
           H          2.477809566251    -0.886577343697    -0.926972533336     1.007825032070

  Running in c1 symmetry.

  Rotational constants: A =      0.45514  B =      0.09063  C =      0.08187 [cm^-1]
  Rotational constants: A =  13644.87202  B =   2717.14535  C =   2454.29626 [MHz]
  Nuclear repulsion =  193.635805155079453

  Charge       = 0
  Multiplicity = 1
  Electrons    = 42
  Nalpha       = 21
  Nbeta        = 21

  ==> Algorithm <==

  SCF Algorithm Type is DF.
  DIIS enabled.
  MOM disabled.
  Fractional occupation disabled.
  Guess Type is CORE.
  Energy threshold   = 1.00e-06
  Density threshold  = 1.00e-06
  Integral threshold = 0.00e+00

  ==> Primary Basis <==

  Basis Set: 6-31G*
    Number of shells: 46
    Number of basis function: 91
    Number of Cartesian functions: 91
    Spherical Harmonics?: false
    Max angular momentum: 2

  ==> Pre-Iterations <==

   -------------------------------------------------------
    Irrep   Nso     Nmo     Nalpha   Nbeta   Ndocc  Nsocc
   -------------------------------------------------------
     A         91      91       0       0       0       0
   -------------------------------------------------------
    Total      91      91      21      21      21       0
   -------------------------------------------------------

 OEINTS: Overlap, kinetic, potential, dipole, and quadrupole integrals
         stored in file 35.

  ==> Integral Setup <==

  ==> DFJK: Density-Fitted J/K Matrices <==

    J tasked:                  Yes
    K tasked:                  Yes
    wK tasked:                  No
    OpenMP threads:              1
    Integrals threads:           1
    Memory (MB):              1430
    Algorithm:                Core
    Integral Cache:           NONE
    Schwarz Cutoff:          1E-12
    Fitting Condition:       1E-12

   => Auxiliary Basis Set <=

  Basis Set: 
    Number of shells: 192
    Number of basis function: 605
    Number of Cartesian functions: 605
    Spherical Harmonics?: false
    Max angular momentum: 3

  Minimum eigenvalue in the overlap matrix is 4.5426595336E-03.
  Using Symmetric Orthogonalization.
  SCF Guess: Core (One-Electron) Hamiltonian.

  ==> Iterations <==

                           Total Energy        Delta E     RMS |[F,P]|

   @DF-RHF iter   1:  -223.50471997575133   -2.23505e+02   7.94589e-02 
   @DF-RHF iter   2:  -168.66700236278692    5.48377e+01   6.76882e-02 DIIS
   @DF-RHF iter   3:  -228.19897449340621   -5.95320e+01   6.83099e-02 DIIS
   @DF-RHF iter   4:  -256.64048440107103   -2.84415e+01   3.88650e-02 DIIS
   @DF-RHF iter   5:  -267.50398294351419   -1.08635e+01   1.00232e-02 DIIS
   @DF-RHF iter   6:  -267.88394077620706   -3.79958e-01   3.83190e-03 DIIS
   @DF-RHF iter   7:  -267.93738657352696   -5.34458e-02   1.16209e-03 DIIS
   @DF-RHF iter   8:  -267.94248751406894   -5.10094e-03   4.49863e-04 DIIS
   @DF-RHF iter   9:  -267.94346997276614   -9.82459e-04   1.59144e-04 DIIS
   @DF-RHF iter  10:  -267.94360356914774   -1.33596e-04   4.88350e-05 DIIS
   @DF-RHF iter  11:  -267.94361933496111   -1.57658e-05   1.70315e-05 DIIS
   @DF-RHF iter  12:  -267.94362098198599   -1.64702e-06   4.32608e-06 DIIS
   @DF-RHF iter  13:  -267.94362110582802   -1.23842e-07   8.06888e-07 DIIS

  ==> Post-Iterations <==

    Orbital Energies (a.u.)
    -----------------------

    Doubly Occupied:                                                      

       1A    -20.552773     2A    -20.550344     3A    -11.271420  
       4A    -11.269053     5A    -11.263337     6A     -1.382483  
       7A     -1.354153     8A     -1.016631     9A     -0.912844  
      10A     -0.831026    11A     -0.704204    12A     -0.676936  
      13A     -0.643970    14A     -0.635640    15A     -0.609063  
      16A     -0.549228    17A     -0.534777    18A     -0.491374  
      19A     -0.474738    20A     -0.432239    21A     -0.413914  

    Virtual:                                                              

      22A      0.215800    23A      0.248754    24A      0.280124  
      25A      0.304864    26A      0.319114    27A      0.327788  
      28A      0.336228    29A      0.339783    30A      0.354870  
      31A      0.422825    32A      0.437045    33A      0.453667  
      34A      0.728242    35A      0.760819    36A      0.775019  
      37A      0.813870    38A      0.821318    39A      0.838700  
      40A      0.889558    41A      0.948196    42A      0.985120  
      43A      1.060884    44A      1.099873    45A      1.108065  
      46A      1.150415    47A      1.155472    48A      1.172571  
      49A      1.181744    50A      1.206334    51A      1.235440  
      52A      1.259290    53A      1.296456    54A      1.321525  
      55A      1.397612    56A      1.411424    57A      1.464359  
      58A      1.571700    59A      1.654582    60A      1.698921  
      61A      1.729402    62A      1.794129    63A      1.828248  
      64A      1.954264    65A      1.973201    66A      2.057354  
      67A      2.115646    68A      2.226074    69A      2.260085  
      70A      2.392759    71A      2.407418    72A      2.442735  
      73A      2.481462    74A      2.494246    75A      2.523333  
      76A      2.626732    77A      2.653832    78A      2.668925  
      79A      2.760072    80A      2.830328    81A      2.884859  
      82A      2.929842    83A      3.062144    84A      3.172180  
      85A      3.210709    86A      3.350422    87A      4.170847  
      88A      4.372829    89A      4.641884    90A      4.683921  
      91A      4.873119  

    Final Occupation by Irrep:
              A 
    DOCC [    21 ]

  Energy converged.

  @DF-RHF Final Energy:  -267.94362110582802

   => Energetics <=

    Nuclear Repulsion Energy =            193.6358051550794528
    One-Electron Energy =                -750.0185142842213963
    Two-Electron Energy =                 288.4390880233133885
    DFT Exchange-Correlation Energy =       0.0000000000000000
    Empirical Dispersion Energy =           0.0000000000000000
    PCM Polarization Energy =               0.0000000000000000
    EFP Energy =                            0.0000000000000000
    Total Energy =                       -267.9436211058285835

    Alert: EFP and PCM quantities not currently incorporated into SCF psivars.

Properties will be evaluated at   0.000000,   0.000000,   0.000000 Bohr
  ==> Properties <==


Properties computed using the SCF density matrix

  Nuclear Dipole Moment: (a.u.)
     X:     3.8616      Y:     0.1468      Z:     1.3332

  Electronic Dipole Moment: (a.u.)
     X:    -3.2063      Y:     0.2667      Z:    -0.4771

  Dipole Moment: (a.u.)
     X:     0.6552      Y:     0.4135      Z:     0.8561     Total:     1.1546

  Dipole Moment: (Debye)
     X:     1.6655      Y:     1.0509      Z:     2.1760     Total:     2.9348


  Saving occupied orbitals to File 180.

*** tstop() called on cx1-49-4-2.cx1.hpc.ic.ac.uk at Tue Jul  5 16:33:14 2016
Module time:
	user time   =       4.14 seconds =       0.07 minutes
	system time =       0.03 seconds =       0.00 minutes
	total time  =          4 seconds =       0.07 minutes
Total time:
	user time   =       4.14 seconds =       0.07 minutes
	system time =       0.03 seconds =       0.00 minutes
	total time  =          4 seconds =       0.07 minutes


Properties will be evaluated at   0.000000,   0.000000,   0.000000 Bohr

Properties computed using the  density matrix

  Nuclear Dipole Moment: (a.u.)
     X:     3.8616      Y:     0.1468      Z:     1.3332

  Electronic Dipole Moment: (a.u.)
     X:    -3.2063      Y:     0.2667      Z:    -0.4771

  Dipole Moment: (a.u.)
     X:     0.6552      Y:     0.4135      Z:     0.8561     Total:     1.1546

  Dipole Moment: (Debye)
     X:     1.6655      Y:     1.0509      Z:     2.1760     Total:     2.9348

  Quadrupole Moment: (Debye Ang)
    XX:   -30.6450     YY:   -28.6486     ZZ:   -28.7056
    XY:    -2.5905     XZ:    -4.1550     YZ:     1.7521

  Traceless Quadrupole Moment: (Debye Ang)
    XX:    -1.3119     YY:     0.6844     ZZ:     0.6275
    XY:    -2.5905     XZ:    -4.1550     YZ:     1.7521

  Mulliken Charges: (a.u.)
   Center  Symbol    Alpha    Beta     Spin     Total
       1     H     0.28025  0.28025  0.00000  0.43951
       2     O     4.36354  4.36354  0.00000 -0.72707
       3     C     3.00353  3.00353  0.00000 -0.00707
       4     C     2.99052  2.99052  0.00000  0.01896
       5     H     0.41432  0.41432  0.00000  0.17136
       6     H     0.43263  0.43263  0.00000  0.13473
       7     O     4.29640  4.29640  0.00000 -0.59279
       8     H     0.43405  0.43405  0.00000  0.13190
       9     H     0.43379  0.43379  0.00000  0.13242
      10     C     3.07858  3.07858  0.00000 -0.15716
      11     H     0.43027  0.43027  0.00000  0.13946
      12     H     0.41041  0.41041  0.00000  0.17918
      13     H     0.43172  0.43172  0.00000  0.13656

   Total alpha = 21.00000, Total beta = 21.00000, Total charge =  0.00000


*** PSI4 exiting successfully. Buy a developer a beer!
