    -----------------------------------------------------------------------
          Psi4: An Open-Source Ab Initio Electronic Structure Package
                              Psi4 (no tag) Driver

                          Git: Rev {detached?}  

    J. M. Turney, A. C. Simmonett, R. M. Parrish, E. G. Hohenstein,
    F. A. Evangelista, J. T. Fermann, B. J. Mintz, L. A. Burns, J. J. Wilke,
    M. L. Abrams, N. J. Russ, M. L. Leininger, C. L. Janssen, E. T. Seidl,
    W. D. Allen, H. F. Schaefer, R. A. King, E. F. Valeev, C. D. Sherrill,
    and T. D. Crawford, WIREs Comput. Mol. Sci. 2, 556-565 (2012)
    (doi: 10.1002/wcms.93)

                         Additional Contributions by
    A. E. DePrince, M. Saitow, U. Bozkaya, A. Yu. Sokolov
    -----------------------------------------------------------------------


    Psi4 started on: Tue Jul  5 16:20:10 2016

    Process ID:  18721
    PSI4DATADIR: /export131/home/mjharvey/miniconda3/share
    Memory level set to 256.000 MB

  ==> Input File <==

--------------------------------------------------------------------------
set {
	reference rhf
	basis 6-31G*
}


set_num_threads( 1 )
memory 2 gb

molecule MOL {
0 1

H	 -0.977475	 -0.162409	 -1.048267
N	 -0.712432	 0.000013	 -0.096310
C	 0.734192	 -0.000004	 0.040609
H	 -1.119138	 -0.735555	 0.448106
H	 1.139899	 -0.873598	 -0.456463
H	 1.139939	 0.873831	 -0.456100
H	 1.096456	 -0.000300	 1.069655

	symmetry c1
}
ee = energy('scf')
oeprop('DIPOLE', 'QUADRUPOLE', 'MULLIKEN_CHARGES')
f=open( 'psi4out.xyz', 'w' )
f.write( "7  " )
f.write( str(ee) + "\n" )
f.write( MOL.save_string_xyz() )
f.close()
--------------------------------------------------------------------------

  Memory set to   2.000 GiB by Python script.

*** tstart() called on cx1-3-15-2.cx1.hpc.ic.ac.uk
*** at Tue Jul  5 16:20:11 2016


         ---------------------------------------------------------
                                   SCF
            by Justin Turney, Rob Parrish, and Andy Simmonett
                              RHF Reference
                        1 Threads,   2000 MiB Core
         ---------------------------------------------------------

  ==> Geometry <==

    Molecular point group: c1
    Full point group: C1

    Geometry (in Angstrom), charge = 0, multiplicity = 1:

       Center              X                  Y                   Z               Mass       
    ------------   -----------------  -----------------  -----------------  -----------------
           H         -0.981461847866    -0.133257583356    -1.006135188411     1.007825032070
           N         -0.716418847866     0.029164416644    -0.054178188411    14.003074004780
           C          0.730205152134     0.029147416644     0.082740811589    12.000000000000
           H         -1.123124847866    -0.706403583356     0.490237811589     1.007825032070
           H          1.135912152134    -0.844446583356    -0.414331188411     1.007825032070
           H          1.135952152134     0.902982416644    -0.413968188411     1.007825032070
           H          1.092469152134     0.028851416644     1.111786811589     1.007825032070

  Running in c1 symmetry.

  Rotational constants: A =      3.52960  B =      0.77220  C =      0.74007 [cm^-1]
  Rotational constants: A = 105814.79307  B =  23149.86311  C =  22186.61452 [MHz]
  Nuclear repulsion =   42.342221727081416

  Charge       = 0
  Multiplicity = 1
  Electrons    = 18
  Nalpha       = 9
  Nbeta        = 9

  ==> Algorithm <==

  SCF Algorithm Type is DF.
  DIIS enabled.
  MOM disabled.
  Fractional occupation disabled.
  Guess Type is CORE.
  Energy threshold   = 1.00e-06
  Density threshold  = 1.00e-06
  Integral threshold = 0.00e+00

  ==> Primary Basis <==

  Basis Set: 6-31G*
    Number of shells: 22
    Number of basis function: 40
    Number of Cartesian functions: 40
    Spherical Harmonics?: false
    Max angular momentum: 2

  ==> Pre-Iterations <==

   -------------------------------------------------------
    Irrep   Nso     Nmo     Nalpha   Nbeta   Ndocc  Nsocc
   -------------------------------------------------------
     A         40      40       0       0       0       0
   -------------------------------------------------------
    Total      40      40       9       9       9       0
   -------------------------------------------------------

 OEINTS: Overlap, kinetic, potential, dipole, and quadrupole integrals
         stored in file 35.

  ==> Integral Setup <==

  ==> DFJK: Density-Fitted J/K Matrices <==

    J tasked:                  Yes
    K tasked:                  Yes
    wK tasked:                  No
    OpenMP threads:              1
    Integrals threads:           1
    Memory (MB):              1430
    Algorithm:                Core
    Integral Cache:           NONE
    Schwarz Cutoff:          1E-12
    Fitting Condition:       1E-12

   => Auxiliary Basis Set <=

  Basis Set: 
    Number of shells: 93
    Number of basis function: 287
    Number of Cartesian functions: 287
    Spherical Harmonics?: false
    Max angular momentum: 3

  Minimum eigenvalue in the overlap matrix is 8.9491149807E-03.
  Using Symmetric Orthogonalization.
  SCF Guess: Core (One-Electron) Hamiltonian.

  ==> Iterations <==

                           Total Energy        Delta E     RMS |[F,P]|

   @DF-RHF iter   1:   -79.81685808006876   -7.98169e+01   1.10399e-01 
   @DF-RHF iter   2:   -82.98280362499307   -3.16595e+00   7.32746e-02 DIIS
   @DF-RHF iter   3:   -93.88576461129233   -1.09030e+01   4.23296e-02 DIIS
   @DF-RHF iter   4:   -94.99393058692854   -1.10817e+00   1.57866e-02 DIIS
   @DF-RHF iter   5:   -95.17795640398984   -1.84026e-01   5.99751e-03 DIIS
   @DF-RHF iter   6:   -95.20671697290567   -2.87606e-02   6.32356e-04 DIIS
   @DF-RHF iter   7:   -95.20732581859764   -6.08846e-04   2.54306e-04 DIIS
   @DF-RHF iter   8:   -95.20740329955484   -7.74810e-05   3.12982e-05 DIIS
   @DF-RHF iter   9:   -95.20740491195167   -1.61240e-06   6.91339e-06 DIIS
   @DF-RHF iter  10:   -95.20740498585886   -7.39072e-08   1.52774e-06 DIIS
   @DF-RHF iter  11:   -95.20740499000868   -4.14983e-09   3.24813e-07 DIIS

  ==> Post-Iterations <==

    Orbital Energies (a.u.)
    -----------------------

    Doubly Occupied:                                                      

       1A    -15.533125     2A    -11.237929     3A     -1.170563  
       4A     -0.896293     5A     -0.663167     6A     -0.599274  
       7A     -0.564415     8A     -0.518465     9A     -0.379509  

    Virtual:                                                              

      10A      0.228222    11A      0.287306    12A      0.303950  
      13A      0.330743    14A      0.345203    15A      0.420807  
      16A      0.767742    17A      0.779729    18A      0.783818  
      19A      0.988417    20A      0.997744    21A      1.042336  
      22A      1.151189    23A      1.195901    24A      1.214404  
      25A      1.235957    26A      1.259439    27A      1.289519  
      28A      1.608278    29A      1.808601    30A      1.829928  
      31A      2.251794    32A      2.328363    33A      2.376088  
      34A      2.555208    35A      2.678223    36A      2.684792  
      37A      2.838750    38A      3.018346    39A      4.193435  
      40A      4.675487  

    Final Occupation by Irrep:
              A 
    DOCC [     9 ]

  Energy converged.

  @DF-RHF Final Energy:   -95.20740499000868

   => Energetics <=

    Nuclear Repulsion Energy =             42.3422217270814158
    One-Electron Energy =                -211.9737337338305565
    Two-Electron Energy =                  74.4241070167405070
    DFT Exchange-Correlation Energy =       0.0000000000000000
    Empirical Dispersion Energy =           0.0000000000000000
    PCM Polarization Energy =               0.0000000000000000
    EFP Energy =                            0.0000000000000000
    Total Energy =                        -95.2074049900086408

    Alert: EFP and PCM quantities not currently incorporated into SCF psivars.

Properties will be evaluated at   0.000000,   0.000000,   0.000000 Bohr
  ==> Properties <==


Properties computed using the SCF density matrix

  Nuclear Dipole Moment: (a.u.)
     X:     1.1831      Y:    -0.7053      Z:    -0.2177

  Electronic Dipole Moment: (a.u.)
     X:    -0.9878      Y:     0.1502      Z:     0.0289

  Dipole Moment: (a.u.)
     X:     0.1952      Y:    -0.5551      Z:    -0.1889     Total:     0.6180

  Dipole Moment: (Debye)
     X:     0.4962      Y:    -1.4109      Z:    -0.4800     Total:     1.5708


  Saving occupied orbitals to File 180.

*** tstop() called on cx1-3-15-2.cx1.hpc.ic.ac.uk at Tue Jul  5 16:20:12 2016
Module time:
	user time   =       1.08 seconds =       0.02 minutes
	system time =       0.01 seconds =       0.00 minutes
	total time  =          1 seconds =       0.02 minutes
Total time:
	user time   =       1.08 seconds =       0.02 minutes
	system time =       0.01 seconds =       0.00 minutes
	total time  =          1 seconds =       0.02 minutes


Properties will be evaluated at   0.000000,   0.000000,   0.000000 Bohr

Properties computed using the  density matrix

  Nuclear Dipole Moment: (a.u.)
     X:     1.1831      Y:    -0.7053      Z:    -0.2177

  Electronic Dipole Moment: (a.u.)
     X:    -0.9878      Y:     0.1502      Z:     0.0289

  Dipole Moment: (a.u.)
     X:     0.1952      Y:    -0.5551      Z:    -0.1889     Total:     0.6180

  Dipole Moment: (Debye)
     X:     0.4962      Y:    -1.4109      Z:    -0.4800     Total:     1.5708

  Quadrupole Moment: (Debye Ang)
    XX:   -14.2519     YY:   -14.5193     ZZ:   -12.6030
    XY:     2.1787     XZ:     0.8248     YZ:    -0.5952

  Traceless Quadrupole Moment: (Debye Ang)
    XX:    -0.4605     YY:    -0.7279     ZZ:     1.1884
    XY:     2.1787     XZ:     0.8248     YZ:    -0.5952

  Mulliken Charges: (a.u.)
   Center  Symbol    Alpha    Beta     Spin     Total
       1     H     0.33299  0.33299  0.00000  0.33403
       2     N     3.91759  3.91759  0.00000 -0.83518
       3     C     3.14822  3.14822  0.00000 -0.29645
       4     H     0.33426  0.33426  0.00000  0.33148
       5     H     0.43326  0.43326  0.00000  0.13349
       6     H     0.41664  0.41664  0.00000  0.16672
       7     H     0.41704  0.41704  0.00000  0.16592

   Total alpha =  9.00000, Total beta =  9.00000, Total charge = -0.00000


*** PSI4 exiting successfully. Buy a developer a beer!
