    -----------------------------------------------------------------------
          Psi4: An Open-Source Ab Initio Electronic Structure Package
                              Psi4 (no tag) Driver

                          Git: Rev {detached?}  

    J. M. Turney, A. C. Simmonett, R. M. Parrish, E. G. Hohenstein,
    F. A. Evangelista, J. T. Fermann, B. J. Mintz, L. A. Burns, J. J. Wilke,
    M. L. Abrams, N. J. Russ, M. L. Leininger, C. L. Janssen, E. T. Seidl,
    W. D. Allen, H. F. Schaefer, R. A. King, E. F. Valeev, C. D. Sherrill,
    and T. D. Crawford, WIREs Comput. Mol. Sci. 2, 556-565 (2012)
    (doi: 10.1002/wcms.93)

                         Additional Contributions by
    A. E. DePrince, M. Saitow, U. Bozkaya, A. Yu. Sokolov
    -----------------------------------------------------------------------


    Psi4 started on: Tue Jul  5 16:44:24 2016

    Process ID:  24626
    PSI4DATADIR: /export131/home/mjharvey/miniconda3/share
    Memory level set to 256.000 MB

  ==> Input File <==

--------------------------------------------------------------------------
set {
	reference rhf
	basis 6-31G*
}


set_num_threads( 1 )
memory 2 gb

molecule MOL {
0 1

O	 1.347563	 0.832741	 -0.950009
C	 0.861134	 0.272526	 -0.014869
C	 -0.623889	 -0.118271	 -0.003699
C	 1.719417	 -0.058783	 1.193265
C	 -0.895332	 -1.256461	 -1.002431
C	 -1.473649	 1.103340	 -0.370799
C	 -0.983900	 -0.581483	 1.422328
H	 -0.615301	 -0.972064	 -2.012700
H	 -1.954261	 -1.493213	 -1.010207
H	 -0.360539	 -2.164946	 -0.747760
H	 -1.227476	 1.468527	 -1.361691
H	 -2.526716	 0.838935	 -0.358521
H	 -1.314819	 1.915855	 0.325860
H	 -2.039679	 -0.828001	 1.472951
H	 -0.427637	 -1.464071	 1.720694
H	 -0.789023	 0.202493	 2.147048
H	 2.002717	 -1.106656	 1.159134
H	 2.617846	 0.541633	 1.155282
H	 1.205196	 0.109261	 2.131646

	symmetry c1
}
ee = energy('scf')
oeprop('DIPOLE', 'QUADRUPOLE', 'MULLIKEN_CHARGES')
f=open( 'psi4out.xyz', 'w' )
f.write( "19  " )
f.write( str(ee) + "\n" )
f.write( MOL.save_string_xyz() )
f.close()
--------------------------------------------------------------------------

  Memory set to   2.000 GiB by Python script.

*** tstart() called on cx1-3-15-2.cx1.hpc.ic.ac.uk
*** at Tue Jul  5 16:44:26 2016


         ---------------------------------------------------------
                                   SCF
            by Justin Turney, Rob Parrish, and Andy Simmonett
                              RHF Reference
                        1 Threads,   2000 MiB Core
         ---------------------------------------------------------

  ==> Geometry <==

    Molecular point group: c1
    Full point group: C1

    Geometry (in Angstrom), charge = 0, multiplicity = 1:

       Center              X                  Y                   Z               Mass       
    ------------   -----------------  -----------------  -----------------  -----------------
           O          1.354283554984     0.806017846492    -0.991453474984    15.994914619560
           C          0.867854554984     0.245802846492    -0.056313474984    12.000000000000
           C         -0.617168445016    -0.144994153508    -0.045143474984    12.000000000000
           C          1.726137554984    -0.085506153508     1.151820525016    12.000000000000
           C         -0.888611445016    -1.283184153508    -1.043875474984    12.000000000000
           C         -1.466928445016     1.076616846492    -0.412243474984    12.000000000000
           C         -0.977179445016    -0.608206153508     1.380883525016    12.000000000000
           H         -0.608580445016    -0.998787153508    -2.054144474984     1.007825032070
           H         -1.947540445016    -1.519936153508    -1.051651474984     1.007825032070
           H         -0.353818445016    -2.191669153508    -0.789204474984     1.007825032070
           H         -1.220755445016     1.441803846492    -1.403135474984     1.007825032070
           H         -2.519995445016     0.812211846492    -0.399965474984     1.007825032070
           H         -1.308098445016     1.889131846492     0.284415525016     1.007825032070
           H         -2.032958445016    -0.854724153508     1.431506525016     1.007825032070
           H         -0.420916445016    -1.490794153508     1.679249525016     1.007825032070
           H         -0.782302445016     0.175769846492     2.105603525016     1.007825032070
           H          2.009437554984    -1.133379153508     1.117689525016     1.007825032070
           H          2.624566554984     0.514909846492     1.113837525016     1.007825032070
           H          1.211916554984     0.082537846492     2.090201525016     1.007825032070

  Running in c1 symmetry.

  Rotational constants: A =      0.10742  B =      0.07672  C =      0.06414 [cm^-1]
  Rotational constants: A =   3220.47425  B =   2299.88759  C =   1922.95785 [MHz]
  Nuclear repulsion =  326.468611012988447

  Charge       = 0
  Multiplicity = 1
  Electrons    = 56
  Nalpha       = 28
  Nbeta        = 28

  ==> Algorithm <==

  SCF Algorithm Type is DF.
  DIIS enabled.
  MOM disabled.
  Fractional occupation disabled.
  Guess Type is CORE.
  Energy threshold   = 1.00e-06
  Density threshold  = 1.00e-06
  Integral threshold = 0.00e+00

  ==> Primary Basis <==

  Basis Set: 6-31G*
    Number of shells: 66
    Number of basis function: 129
    Number of Cartesian functions: 129
    Spherical Harmonics?: false
    Max angular momentum: 2

  ==> Pre-Iterations <==

   -------------------------------------------------------
    Irrep   Nso     Nmo     Nalpha   Nbeta   Ndocc  Nsocc
   -------------------------------------------------------
     A        129     129       0       0       0       0
   -------------------------------------------------------
    Total     129     129      28      28      28       0
   -------------------------------------------------------

 OEINTS: Overlap, kinetic, potential, dipole, and quadrupole integrals
         stored in file 35.

  ==> Integral Setup <==

  ==> DFJK: Density-Fitted J/K Matrices <==

    J tasked:                  Yes
    K tasked:                  Yes
    wK tasked:                  No
    OpenMP threads:              1
    Integrals threads:           1
    Memory (MB):              1430
    Algorithm:                Core
    Integral Cache:           NONE
    Schwarz Cutoff:          1E-12
    Fitting Condition:       1E-12

   => Auxiliary Basis Set <=

  Basis Set: 
    Number of shells: 276
    Number of basis function: 867
    Number of Cartesian functions: 867
    Spherical Harmonics?: false
    Max angular momentum: 3

  Minimum eigenvalue in the overlap matrix is 2.9186805098E-03.
  Using Symmetric Orthogonalization.
  SCF Guess: Core (One-Electron) Hamiltonian.

  ==> Iterations <==

                           Total Energy        Delta E     RMS |[F,P]|

   @DF-RHF iter   1:  -209.10620420172489   -2.09106e+02   9.10470e-02 
   @DF-RHF iter   2:  -249.12830951205621   -4.00221e+01   4.19442e-02 DIIS
   @DF-RHF iter   3:  -241.67881607332419    7.44949e+00   6.63844e-02 DIIS
   @DF-RHF iter   4:  -290.00450560253631   -4.83257e+01   4.12173e-02 DIIS
   @DF-RHF iter   5:  -297.77031564273915   -7.76581e+00   3.14553e-02 DIIS
   @DF-RHF iter   6:  -305.55441009374675   -7.78409e+00   1.83480e-02 DIIS
   @DF-RHF iter   7:  -308.22729251440097   -2.67288e+00   8.73240e-03 DIIS
   @DF-RHF iter   8:  -308.93617734909077   -7.08885e-01   3.33306e-03 DIIS
   @DF-RHF iter   9:  -309.04150872619510   -1.05331e-01   1.39514e-03 DIIS
   @DF-RHF iter  10:  -309.05521863574694   -1.37099e-02   2.51057e-04 DIIS
   @DF-RHF iter  11:  -309.05649290364005   -1.27427e-03   1.28531e-04 DIIS
   @DF-RHF iter  12:  -309.05674342967399   -2.50526e-04   4.86852e-05 DIIS
   @DF-RHF iter  13:  -309.05679464710528   -5.12174e-05   1.36465e-05 DIIS
   @DF-RHF iter  14:  -309.05679887506977   -4.22796e-06   3.40797e-06 DIIS
   @DF-RHF iter  15:  -309.05679911195199   -2.36882e-07   9.15459e-07 DIIS

  ==> Post-Iterations <==

    Orbital Energies (a.u.)
    -----------------------

    Doubly Occupied:                                                      

       1A    -20.547503     2A    -11.322729     3A    -11.246879  
       4A    -11.224710     5A    -11.221563     6A    -11.221177  
       7A    -11.215749     8A     -1.393756     9A     -1.111044  
      10A     -1.003505    11A     -0.942308    12A     -0.938689  
      13A     -0.836157    14A     -0.703104    15A     -0.667465  
      16A     -0.631300    17A     -0.625574    18A     -0.589033  
      19A     -0.582772    20A     -0.574709    21A     -0.552210  
      22A     -0.539550    23A     -0.523946    24A     -0.516126  
      25A     -0.501942    26A     -0.470246    27A     -0.462402  
      28A     -0.391460  

    Virtual:                                                              

      29A      0.164988    30A      0.209464    31A      0.261839  
      32A      0.270272    33A      0.286205    34A      0.300164  
      35A      0.306167    36A      0.313781    37A      0.326189  
      38A      0.344234    39A      0.357477    40A      0.368525  
      41A      0.375870    42A      0.377930    43A      0.394912  
      44A      0.438049    45A      0.445279    46A      0.486884  
      47A      0.530283    48A      0.693624    49A      0.700133  
      50A      0.718252    51A      0.755871    52A      0.775272  
      53A      0.778579    54A      0.849606    55A      0.863778  
      56A      0.895645    57A      0.909548    58A      0.949050  
      59A      0.983515    60A      0.994326    61A      1.006572  
      62A      1.049369    63A      1.075685    64A      1.081762  
      65A      1.104971    66A      1.113605    67A      1.139722  
      68A      1.160363    69A      1.170932    70A      1.180230  
      71A      1.184065    72A      1.192113    73A      1.212435  
      74A      1.220284    75A      1.232177    76A      1.252142  
      77A      1.267324    78A      1.291750    79A      1.320493  
      80A      1.363835    81A      1.403846    82A      1.433219  
      83A      1.552726    84A      1.601549    85A      1.671009  
      86A      1.731385    87A      1.830721    88A      1.862552  
      89A      1.872081    90A      1.945977    91A      2.005081  
      92A      2.034252    93A      2.089081    94A      2.118672  
      95A      2.131935    96A      2.172841    97A      2.192962  
      98A      2.257371    99A      2.284148   100A      2.297612  
     101A      2.334121   102A      2.395302   103A      2.403891  
     104A      2.432378   105A      2.501822   106A      2.503671  
     107A      2.589782   108A      2.601411   109A      2.606705  
     110A      2.610814   111A      2.621107   112A      2.670540  
     113A      2.745851   114A      2.817921   115A      2.898221  
     116A      2.921560   117A      2.954738   118A      3.031016  
     119A      3.098558   120A      3.166359   121A      3.398195  
     122A      3.404835   123A      4.503870   124A      4.555368  
     125A      4.668246   126A      4.737083   127A      4.774327  
     128A      4.862348   129A      5.181095  

    Final Occupation by Irrep:
              A 
    DOCC [    28 ]

  Energy converged.

  @DF-RHF Final Energy:  -309.05679911195199

   => Energetics <=

    Nuclear Repulsion Energy =            326.4686110129884469
    One-Electron Energy =               -1065.9351908158221249
    Two-Electron Energy =                 430.4097806908818029
    DFT Exchange-Correlation Energy =       0.0000000000000000
    Empirical Dispersion Energy =           0.0000000000000000
    PCM Polarization Energy =               0.0000000000000000
    EFP Energy =                            0.0000000000000000
    Total Energy =                       -309.0567991119518183

    Alert: EFP and PCM quantities not currently incorporated into SCF psivars.

Properties will be evaluated at   0.000000,   0.000000,   0.000000 Bohr
  ==> Properties <==


Properties computed using the SCF density matrix

  Nuclear Dipole Moment: (a.u.)
     X:    -5.0081      Y:    -3.0644      Z:     3.8617

  Electronic Dipole Moment: (a.u.)
     X:     4.4683      Y:     2.4998      Z:    -3.0202

  Dipole Moment: (a.u.)
     X:    -0.5398      Y:    -0.5646      Z:     0.8415     Total:     1.1482

  Dipole Moment: (Debye)
     X:    -1.3720      Y:    -1.4350      Z:     2.1389     Total:     2.9183


  Saving occupied orbitals to File 180.

*** tstop() called on cx1-3-15-2.cx1.hpc.ic.ac.uk at Tue Jul  5 16:44:39 2016
Module time:
	user time   =      12.51 seconds =       0.21 minutes
	system time =       0.20 seconds =       0.00 minutes
	total time  =         13 seconds =       0.22 minutes
Total time:
	user time   =      12.51 seconds =       0.21 minutes
	system time =       0.20 seconds =       0.00 minutes
	total time  =         13 seconds =       0.22 minutes


Properties will be evaluated at   0.000000,   0.000000,   0.000000 Bohr

Properties computed using the  density matrix

  Nuclear Dipole Moment: (a.u.)
     X:    -5.0081      Y:    -3.0644      Z:     3.8617

  Electronic Dipole Moment: (a.u.)
     X:     4.4683      Y:     2.4998      Z:    -3.0202

  Dipole Moment: (a.u.)
     X:    -0.5398      Y:    -0.5646      Z:     0.8415     Total:     1.1482

  Dipole Moment: (Debye)
     X:    -1.3720      Y:    -1.4350      Z:     2.1389     Total:     2.9183

  Quadrupole Moment: (Debye Ang)
    XX:   -46.4738     YY:   -45.6613     ZZ:   -46.6528
    XY:    -2.3097     XZ:     3.9629     YZ:     2.1348

  Traceless Quadrupole Moment: (Debye Ang)
    XX:    -0.2111     YY:     0.6013     ZZ:    -0.3902
    XY:    -2.3097     XZ:     3.9629     YZ:     2.1348

  Mulliken Charges: (a.u.)
   Center  Symbol    Alpha    Beta     Spin     Total
       1     O     4.26685  4.26685  0.00000 -0.53369
       2     C     2.72941  2.72941  0.00000  0.54118
       3     C     3.05805  3.05805  0.00000 -0.11611
       4     C     3.29153  3.29153  0.00000 -0.58306
       5     C     3.23592  3.23592  0.00000 -0.47183
       6     C     3.23364  3.23364  0.00000 -0.46729
       7     C     3.24824  3.24824  0.00000 -0.49648
       8     H     0.40498  0.40498  0.00000  0.19004
       9     H     0.41611  0.41611  0.00000  0.16778
      10     H     0.41909  0.41909  0.00000  0.16182
      11     H     0.40282  0.40282  0.00000  0.19436
      12     H     0.41877  0.41877  0.00000  0.16246
      13     H     0.41867  0.41867  0.00000  0.16266
      14     H     0.41439  0.41439  0.00000  0.17123
      15     H     0.41610  0.41610  0.00000  0.16781
      16     H     0.41716  0.41716  0.00000  0.16569
      17     H     0.40492  0.40492  0.00000  0.19016
      18     H     0.39607  0.39607  0.00000  0.20786
      19     H     0.40729  0.40729  0.00000  0.18541

   Total alpha = 28.00000, Total beta = 28.00000, Total charge =  0.00000


*** PSI4 exiting successfully. Buy a developer a beer!
