    -----------------------------------------------------------------------
          Psi4: An Open-Source Ab Initio Electronic Structure Package
                              Psi4 (no tag) Driver

                          Git: Rev {detached?}  

    J. M. Turney, A. C. Simmonett, R. M. Parrish, E. G. Hohenstein,
    F. A. Evangelista, J. T. Fermann, B. J. Mintz, L. A. Burns, J. J. Wilke,
    M. L. Abrams, N. J. Russ, M. L. Leininger, C. L. Janssen, E. T. Seidl,
    W. D. Allen, H. F. Schaefer, R. A. King, E. F. Valeev, C. D. Sherrill,
    and T. D. Crawford, WIREs Comput. Mol. Sci. 2, 556-565 (2012)
    (doi: 10.1002/wcms.93)

                         Additional Contributions by
    A. E. DePrince, M. Saitow, U. Bozkaya, A. Yu. Sokolov
    -----------------------------------------------------------------------


    Psi4 started on: Tue Jul  5 16:33:31 2016

    Process ID:   2801
    PSI4DATADIR: /export131/home/mjharvey/miniconda3/share
    Memory level set to 256.000 MB

  ==> Input File <==

--------------------------------------------------------------------------
set {
	reference rhf
	basis 6-31G*
}


set_num_threads( 1 )
memory 2 gb

molecule MOL {
0 1

O	 -2.439739	 -0.935931	 -0.423848
C	 -1.921153	 0.064240	 -0.045697
C	 -2.624470	 1.379923	 0.150949
O	 -0.632575	 0.154573	 0.251549
H	 -2.168117	 2.136577	 -0.476876
H	 -3.669540	 1.273223	 -0.098610
H	 -2.519365	 1.700893	 1.180846
C	 0.160891	 -1.019931	 0.106212
C	 1.589627	 -0.672828	 0.480843
H	 0.089836	 -1.367806	 -0.916050
H	 -0.238459	 -1.792301	 0.749618
C	 2.246377	 0.346236	 -0.452210
H	 2.163194	 -1.597435	 0.473358
H	 1.604769	 -0.303424	 1.502885
C	 2.863237	 1.521646	 0.304688
H	 3.016465	 -0.149862	 -1.039536
H	 1.508687	 0.714725	 -1.157468
H	 3.321244	 2.229959	 -0.378360
H	 3.630678	 1.185708	 0.996395
H	 2.111656	 2.055486	 0.879334

	symmetry c1
}
set optking {
	frozen_dihedral = ("
		2 4 8 10,
		12 9 8 10,
		1 2 4 8
	")
}

ee = energy('scf')
oeprop('DIPOLE', 'QUADRUPOLE', 'MULLIKEN_CHARGES')
f=open( 'psi4out.xyz', 'w' )
f.write( "20  " )
f.write( str(ee) + "\n" )
f.write( MOL.save_string_xyz() )
f.close()
--------------------------------------------------------------------------

  Memory set to   2.000 GiB by Python script.

*** tstart() called on cx1-1-1-1.cx1.hpc.ic.ac.uk
*** at Tue Jul  5 16:33:31 2016


         ---------------------------------------------------------
                                   SCF
            by Justin Turney, Rob Parrish, and Andy Simmonett
                              RHF Reference
                        1 Threads,   2000 MiB Core
         ---------------------------------------------------------

  ==> Geometry <==

    Molecular point group: c1
    Full point group: C1

    Geometry (in Angstrom), charge = 0, multiplicity = 1:

       Center              X                  Y                   Z               Mass       
    ------------   -----------------  -----------------  -----------------  -----------------
           O         -2.332514805702    -1.048496659969    -0.471317807767    15.994914619560
           C         -1.813928805702    -0.048325659969    -0.093166807767    12.000000000000
           C         -2.517245805702     1.267357340031     0.103479192233    12.000000000000
           O         -0.525350805702     0.042007340031     0.204079192233    15.994914619560
           H         -2.060892805702     2.024011340031    -0.524345807767     1.007825032070
           H         -3.562315805702     1.160657340031    -0.146079807767     1.007825032070
           H         -2.412140805702     1.588327340031     1.133376192233     1.007825032070
           C          0.268115194298    -1.132496659969     0.058742192233    12.000000000000
           C          1.696851194298    -0.785393659969     0.433373192233    12.000000000000
           H          0.197060194298    -1.480371659969    -0.963519807767     1.007825032070
           H         -0.131234805702    -1.904866659969     0.702148192233     1.007825032070
           C          2.353601194298     0.233670340031    -0.499679807767    12.000000000000
           H          2.270418194298    -1.710000659969     0.425888192233     1.007825032070
           H          1.711993194298    -0.415989659969     1.455415192233     1.007825032070
           C          2.970461194298     1.409080340031     0.257218192233    12.000000000000
           H          3.123689194298    -0.262427659969    -1.087005807767     1.007825032070
           H          1.615911194298     0.602159340031    -1.204937807767     1.007825032070
           H          3.428468194298     2.117393340031    -0.425829807767     1.007825032070
           H          3.737902194298     1.073142340031     0.948925192233     1.007825032070
           H          2.218880194298     1.942920340031     0.831864192233     1.007825032070

  Running in c1 symmetry.

  Rotational constants: A =      0.13288  B =      0.03287  C =      0.02802 [cm^-1]
  Rotational constants: A =   3983.61725  B =    985.52407  C =    839.95664 [MHz]
  Nuclear repulsion =  388.878220134451738

  Charge       = 0
  Multiplicity = 1
  Electrons    = 64
  Nalpha       = 32
  Nbeta        = 32

  ==> Algorithm <==

  SCF Algorithm Type is DF.
  DIIS enabled.
  MOM disabled.
  Fractional occupation disabled.
  Guess Type is CORE.
  Energy threshold   = 1.00e-06
  Density threshold  = 1.00e-06
  Integral threshold = 0.00e+00

  ==> Primary Basis <==

  Basis Set: 6-31G*
    Number of shells: 72
    Number of basis function: 144
    Number of Cartesian functions: 144
    Spherical Harmonics?: false
    Max angular momentum: 2

  ==> Pre-Iterations <==

   -------------------------------------------------------
    Irrep   Nso     Nmo     Nalpha   Nbeta   Ndocc  Nsocc
   -------------------------------------------------------
     A        144     144       0       0       0       0
   -------------------------------------------------------
    Total     144     144      32      32      32       0
   -------------------------------------------------------

 OEINTS: Overlap, kinetic, potential, dipole, and quadrupole integrals
         stored in file 35.

  ==> Integral Setup <==

  ==> DFJK: Density-Fitted J/K Matrices <==

    J tasked:                  Yes
    K tasked:                  Yes
    wK tasked:                  No
    OpenMP threads:              1
    Integrals threads:           1
    Memory (MB):              1430
    Algorithm:                Core
    Integral Cache:           NONE
    Schwarz Cutoff:          1E-12
    Fitting Condition:       1E-12

   => Auxiliary Basis Set <=

  Basis Set: 
    Number of shells: 300
    Number of basis function: 948
    Number of Cartesian functions: 948
    Spherical Harmonics?: false
    Max angular momentum: 3

  Minimum eigenvalue in the overlap matrix is 3.7729779641E-03.
  Using Symmetric Orthogonalization.
  SCF Guess: Core (One-Electron) Hamiltonian.

  ==> Iterations <==

                           Total Energy        Delta E     RMS |[F,P]|

   @DF-RHF iter   1:  -251.49117887083372   -2.51491e+02   7.36815e-02 
   @DF-RHF iter   2:  -160.37357856097498    9.11176e+01   7.87965e-02 DIIS
   @DF-RHF iter   3:  -299.53647189542932   -1.39163e+02   5.70261e-02 DIIS
   @DF-RHF iter   4:  -299.96874507911735   -4.32273e-01   5.22416e-02 DIIS
   @DF-RHF iter   5:  -362.67371316393434   -6.27050e+01   3.57333e-02 DIIS
   @DF-RHF iter   6:  -383.55261577500045   -2.08789e+01   6.43433e-03 DIIS
   @DF-RHF iter   7:  -383.77366982592201   -2.21054e-01   4.61018e-03 DIIS
   @DF-RHF iter   8:  -383.92974253261383   -1.56073e-01   8.83672e-04 DIIS
   @DF-RHF iter   9:  -383.93831568043794   -8.57315e-03   3.96669e-04 DIIS
   @DF-RHF iter  10:  -383.94019548270666   -1.87980e-03   1.31499e-04 DIIS
   @DF-RHF iter  11:  -383.94046647757608   -2.70995e-04   3.55736e-05 DIIS
   @DF-RHF iter  12:  -383.94048708569431   -2.06081e-05   1.25659e-05 DIIS
   @DF-RHF iter  13:  -383.94048923402153   -2.14833e-06   3.10174e-06 DIIS
   @DF-RHF iter  14:  -383.94048945741889   -2.23397e-07   8.21525e-07 DIIS

  ==> Post-Iterations <==

    Orbital Energies (a.u.)
    -----------------------

    Doubly Occupied:                                                      

       1A    -20.602337     2A    -20.544449     3A    -11.374892  
       4A    -11.282382     5A    -11.233687     6A    -11.224013  
       7A    -11.219671     8A    -11.211880     9A     -1.468393  
      10A     -1.362604    11A     -1.086012    12A     -1.027775  
      13A     -0.980579    14A     -0.881498    15A     -0.809172  
      16A     -0.776570    17A     -0.690758    18A     -0.683717  
      19A     -0.667226    20A     -0.623812    21A     -0.604901  
      22A     -0.594970    23A     -0.574677    24A     -0.553031  
      25A     -0.537277    26A     -0.533084    27A     -0.513643  
      28A     -0.481176    29A     -0.473633    30A     -0.468775  
      31A     -0.449675    32A     -0.438706  

    Virtual:                                                              

      33A      0.198642    34A      0.233576    35A      0.254612  
      36A      0.261016    37A      0.280689    38A      0.285473  
      39A      0.303549    40A      0.317166    41A      0.322086  
      42A      0.325403    43A      0.334119    44A      0.349956  
      45A      0.352760    46A      0.367988    47A      0.408031  
      48A      0.411870    49A      0.448993    50A      0.463049  
      51A      0.510276    52A      0.550521    53A      0.710634  
      54A      0.729162    55A      0.736608    56A      0.738923  
      57A      0.756256    58A      0.786060    59A      0.808313  
      60A      0.809886    61A      0.813378    62A      0.839428  
      63A      0.897268    64A      0.916141    65A      0.928591  
      66A      0.948761    67A      0.984205    68A      1.003732  
      69A      1.049125    70A      1.082633    71A      1.104432  
      72A      1.111151    73A      1.128174    74A      1.138533  
      75A      1.149510    76A      1.158679    77A      1.174479  
      78A      1.192112    79A      1.194460    80A      1.204268  
      81A      1.224472    82A      1.226784    83A      1.238168  
      84A      1.246260    85A      1.259216    86A      1.307457  
      87A      1.343047    88A      1.390681    89A      1.415624  
      90A      1.481745    91A      1.512123    92A      1.634199  
      93A      1.646247    94A      1.690436    95A      1.750620  
      96A      1.763895    97A      1.799743    98A      1.894604  
      99A      1.896486   100A      1.959610   101A      1.980776  
     102A      2.014142   103A      2.057438   104A      2.095382  
     105A      2.104201   106A      2.174773   107A      2.195293  
     108A      2.229653   109A      2.234448   110A      2.252080  
     111A      2.293896   112A      2.337556   113A      2.371908  
     114A      2.387830   115A      2.439936   116A      2.462768  
     117A      2.519706   118A      2.529582   119A      2.563011  
     120A      2.610751   121A      2.662253   122A      2.696677  
     123A      2.719647   124A      2.732235   125A      2.746536  
     126A      2.754424   127A      2.848409   128A      2.909125  
     129A      2.996411   130A      3.044438   131A      3.062493  
     132A      3.081620   133A      3.174667   134A      3.351711  
     135A      3.425336   136A      3.567259   137A      4.431601  
     138A      4.532207   139A      4.572232   140A      4.611626  
     141A      4.702807   142A      4.840588   143A      4.886246  
     144A      4.977441  

    Final Occupation by Irrep:
              A 
    DOCC [    32 ]

  Energy converged.

  @DF-RHF Final Energy:  -383.94048945741889

   => Energetics <=

    Nuclear Repulsion Energy =            388.8782201344517375
    One-Electron Energy =               -1293.6876277568558180
    Two-Electron Energy =                 520.8689181649854163
    DFT Exchange-Correlation Energy =       0.0000000000000000
    Empirical Dispersion Energy =           0.0000000000000000
    PCM Polarization Energy =               0.0000000000000000
    EFP Energy =                            0.0000000000000000
    Total Energy =                       -383.9404894574186073

    Alert: EFP and PCM quantities not currently incorporated into SCF psivars.

Properties will be evaluated at   0.000000,   0.000000,   0.000000 Bohr
  ==> Properties <==


Properties computed using the SCF density matrix

  Nuclear Dipole Moment: (a.u.)
     X:     9.4901      Y:     4.4340      Z:     1.0730

  Electronic Dipole Moment: (a.u.)
     X:    -8.8810      Y:    -3.8987      Z:    -0.8183

  Dipole Moment: (a.u.)
     X:     0.6091      Y:     0.5353      Z:     0.2546     Total:     0.8499

  Dipole Moment: (Debye)
     X:     1.5481      Y:     1.3606      Z:     0.6472     Total:     2.1602


  Saving occupied orbitals to File 180.

*** tstop() called on cx1-1-1-1.cx1.hpc.ic.ac.uk at Tue Jul  5 16:33:47 2016
Module time:
	user time   =      15.37 seconds =       0.26 minutes
	system time =       0.16 seconds =       0.00 minutes
	total time  =         16 seconds =       0.27 minutes
Total time:
	user time   =      15.37 seconds =       0.26 minutes
	system time =       0.16 seconds =       0.00 minutes
	total time  =         16 seconds =       0.27 minutes


Properties will be evaluated at   0.000000,   0.000000,   0.000000 Bohr

Properties computed using the  density matrix

  Nuclear Dipole Moment: (a.u.)
     X:     9.4901      Y:     4.4340      Z:     1.0730

  Electronic Dipole Moment: (a.u.)
     X:    -8.8810      Y:    -3.8987      Z:    -0.8183

  Dipole Moment: (a.u.)
     X:     0.6091      Y:     0.5353      Z:     0.2546     Total:     0.8499

  Dipole Moment: (Debye)
     X:     1.5481      Y:     1.3606      Z:     0.6472     Total:     2.1602

  Quadrupole Moment: (Debye Ang)
    XX:   -52.6362     YY:   -50.3450     ZZ:   -49.6545
    XY:    -7.9497     XZ:    -2.5004     YZ:    -1.6015

  Traceless Quadrupole Moment: (Debye Ang)
    XX:    -1.7576     YY:     0.5336     ZZ:     1.2241
    XY:    -7.9497     XZ:    -2.5004     YZ:    -1.6015

  Mulliken Charges: (a.u.)
   Center  Symbol    Alpha    Beta     Spin     Total
       1     O     4.28303  4.28303  0.00000 -0.56605
       2     C     2.61952  2.61952  0.00000  0.76095
       3     C     3.28169  3.28169  0.00000 -0.56339
       4     O     4.30822  4.30822  0.00000 -0.61643
       5     H     0.40067  0.40067  0.00000  0.19866
       6     H     0.39680  0.39680  0.00000  0.20641
       7     H     0.40060  0.40060  0.00000  0.19880
       8     C     3.00593  3.00593  0.00000 -0.01186
       9     C     3.16684  3.16684  0.00000 -0.33367
      10     H     0.41043  0.41043  0.00000  0.17914
      11     H     0.40900  0.40900  0.00000  0.18200
      12     C     3.15517  3.15517  0.00000 -0.31034
      13     H     0.41554  0.41554  0.00000  0.16891
      14     H     0.41183  0.41183  0.00000  0.17633
      15     C     3.24191  3.24191  0.00000 -0.48382
      16     H     0.41986  0.41986  0.00000  0.16027
      17     H     0.41402  0.41402  0.00000  0.17195
      18     H     0.41976  0.41976  0.00000  0.16047
      19     H     0.42168  0.42168  0.00000  0.15664
      20     H     0.41749  0.41749  0.00000  0.16502

   Total alpha = 32.00000, Total beta = 32.00000, Total charge =  0.00000


*** PSI4 exiting successfully. Buy a developer a beer!
