    -----------------------------------------------------------------------
          Psi4: An Open-Source Ab Initio Electronic Structure Package
                              Psi4 (no tag) Driver

                          Git: Rev {detached?}  

    J. M. Turney, A. C. Simmonett, R. M. Parrish, E. G. Hohenstein,
    F. A. Evangelista, J. T. Fermann, B. J. Mintz, L. A. Burns, J. J. Wilke,
    M. L. Abrams, N. J. Russ, M. L. Leininger, C. L. Janssen, E. T. Seidl,
    W. D. Allen, H. F. Schaefer, R. A. King, E. F. Valeev, C. D. Sherrill,
    and T. D. Crawford, WIREs Comput. Mol. Sci. 2, 556-565 (2012)
    (doi: 10.1002/wcms.93)

                         Additional Contributions by
    A. E. DePrince, M. Saitow, U. Bozkaya, A. Yu. Sokolov
    -----------------------------------------------------------------------


    Psi4 started on: Tue Jul  5 17:56:57 2016

    Process ID:  25452
    PSI4DATADIR: /export131/home/mjharvey/miniconda3/share
    Memory level set to 256.000 MB

  ==> Input File <==

--------------------------------------------------------------------------
set {
	reference rhf
	basis 6-31G*
}


set_num_threads( 1 )
memory 2 gb

molecule MOL {
0 1

O	 3.225979	 0.970355	 -0.599647
C	 2.701189	 0.057885	 -0.047330
C	 1.245376	 -0.013843	 0.345420
O	 3.347903	 -1.046386	 0.304773
C	 0.455112	 1.231400	 -0.050772
H	 0.838542	 -0.913825	 -0.103701
H	 1.208210	 -0.175333	 1.419774
C	 -0.998893	 1.219485	 0.433193
H	 0.482531	 1.345121	 -1.130325
H	 0.957290	 2.103070	 0.354729
C	 -1.883438	 0.145884	 -0.207175
H	 -1.431207	 2.195402	 0.224832
H	 -1.019646	 1.105716	 1.516076
C	 -3.116127	 -0.189393	 0.634886
H	 -2.202043	 0.485361	 -1.191586
H	 -1.310425	 -0.764374	 -0.368607
C	 -2.779147	 -0.902819	 1.945458
H	 -3.791987	 -0.812118	 0.051223
H	 -3.661542	 0.726860	 0.855573
C	 -1.653159	 -0.222746	 2.723500
H	 -3.669868	 -0.950876	 2.568314
H	 -2.499689	 -1.932738	 1.733440
H	 -1.437454	 -0.751378	 3.646878
H	 -1.916482	 0.799201	 2.981338
H	 -0.737525	 -0.189728	 2.139721
C	 4.728119	 -1.109107	 -0.004993
H	 4.882018	 -1.033965	 -1.071845
H	 5.068212	 -2.067527	 0.355250
H	 5.265056	 -0.311663	 0.488280

	symmetry c1
}
set optking {
	frozen_dihedral = ("
		21 17 14 11,
		17 14 11 15,
		6 3 5 9,
		11 8 5 9,
		2 4 26 27,
		1 2 4 26,
		6 3 2 1
	")
}

ee = energy('scf')
oeprop('DIPOLE', 'QUADRUPOLE', 'MULLIKEN_CHARGES')
f=open( 'psi4out.xyz', 'w' )
f.write( "29  " )
f.write( str(ee) + "\n" )
f.write( MOL.save_string_xyz() )
f.close()
--------------------------------------------------------------------------

  Memory set to   2.000 GiB by Python script.

*** tstart() called on cx1-3-14-1.cx1.hpc.ic.ac.uk
*** at Tue Jul  5 17:56:57 2016


         ---------------------------------------------------------
                                   SCF
            by Justin Turney, Rob Parrish, and Andy Simmonett
                              RHF Reference
                        1 Threads,   2000 MiB Core
         ---------------------------------------------------------

  ==> Geometry <==

    Molecular point group: c1
    Full point group: C1

    Geometry (in Angstrom), charge = 0, multiplicity = 1:

       Center              X                  Y                   Z               Mass       
    ------------   -----------------  -----------------  -----------------  -----------------
           O          2.691470965397     0.968880863247    -1.100070743676    15.994914619560
           C          2.166680965397     0.056410863247    -0.547753743676    12.000000000000
           C          0.710867965397    -0.015317136753    -0.155003743676    12.000000000000
           O          2.813394965397    -1.047860136753    -0.195650743676    15.994914619560
           C         -0.079396034603     1.229925863247    -0.551195743676    12.000000000000
           H          0.304033965397    -0.915299136753    -0.604124743676     1.007825032070
           H          0.673701965397    -0.176807136753     0.919350256324     1.007825032070
           C         -1.533401034603     1.218010863247    -0.067230743676    12.000000000000
           H         -0.051977034603     1.343646863247    -1.630748743676     1.007825032070
           H          0.422781965397     2.101595863247    -0.145694743676     1.007825032070
           C         -2.417946034603     0.144409863247    -0.707598743676    12.000000000000
           H         -1.965715034603     2.193927863247    -0.275591743676     1.007825032070
           H         -1.554154034603     1.104241863247     1.015652256324     1.007825032070
           C         -3.650635034603    -0.190867136753     0.134462256324    12.000000000000
           H         -2.736551034603     0.483886863247    -1.692009743676     1.007825032070
           H         -1.844933034603    -0.765848136753    -0.869030743676     1.007825032070
           C         -3.313655034603    -0.904293136753     1.445034256324    12.000000000000
           H         -4.326495034603    -0.813592136753    -0.449200743676     1.007825032070
           H         -4.196050034603     0.725385863247     0.355149256324     1.007825032070
           C         -2.187667034603    -0.224220136753     2.223076256324    12.000000000000
           H         -4.204376034603    -0.952350136753     2.067890256324     1.007825032070
           H         -3.034197034603    -1.934212136753     1.233016256324     1.007825032070
           H         -1.971962034603    -0.752852136753     3.146454256324     1.007825032070
           H         -2.450990034603     0.797726863247     2.480914256324     1.007825032070
           H         -1.272033034603    -0.191202136753     1.639297256324     1.007825032070
           C          4.193610965397    -1.110581136753    -0.505416743676    12.000000000000
           H          4.347509965397    -1.035439136753    -1.572268743676     1.007825032070
           H          4.533703965397    -2.069001136753    -0.145173743676     1.007825032070
           H          4.730547965397    -0.313137136753    -0.012143743676     1.007825032070

  Running in c1 symmetry.

  Rotational constants: A =      0.07419  B =      0.01370  C =      0.01260 [cm^-1]
  Rotational constants: A =   2224.30546  B =    410.74206  C =    377.73667 [MHz]
  Nuclear repulsion =  644.458286198174164

  Charge       = 0
  Multiplicity = 1
  Electrons    = 88
  Nalpha       = 44
  Nbeta        = 44

  ==> Algorithm <==

  SCF Algorithm Type is DF.
  DIIS enabled.
  MOM disabled.
  Fractional occupation disabled.
  Guess Type is CORE.
  Energy threshold   = 1.00e-06
  Density threshold  = 1.00e-06
  Integral threshold = 0.00e+00

  ==> Primary Basis <==

  Basis Set: 6-31G*
    Number of shells: 102
    Number of basis function: 201
    Number of Cartesian functions: 201
    Spherical Harmonics?: false
    Max angular momentum: 2

  ==> Pre-Iterations <==

   -------------------------------------------------------
    Irrep   Nso     Nmo     Nalpha   Nbeta   Ndocc  Nsocc
   -------------------------------------------------------
     A        201     201       0       0       0       0
   -------------------------------------------------------
    Total     201     201      44      44      44       0
   -------------------------------------------------------

 OEINTS: Overlap, kinetic, potential, dipole, and quadrupole integrals
         stored in file 35.

  ==> Integral Setup <==

  ==> DFJK: Density-Fitted J/K Matrices <==

    J tasked:                  Yes
    K tasked:                  Yes
    wK tasked:                  No
    OpenMP threads:              1
    Integrals threads:           1
    Memory (MB):              1430
    Algorithm:                Core
    Integral Cache:           NONE
    Schwarz Cutoff:          1E-12
    Fitting Condition:       1E-12

   => Auxiliary Basis Set <=

  Basis Set: 
    Number of shells: 426
    Number of basis function: 1341
    Number of Cartesian functions: 1341
    Spherical Harmonics?: false
    Max angular momentum: 3

  Minimum eigenvalue in the overlap matrix is 2.5246797974E-03.
  Using Symmetric Orthogonalization.
  SCF Guess: Core (One-Electron) Hamiltonian.

  ==> Iterations <==

                           Total Energy        Delta E     RMS |[F,P]|

   @DF-RHF iter   1:  -337.01168483096944   -3.37012e+02   5.91014e-02 
   @DF-RHF iter   2:   -86.82310009094374    2.50189e+02   7.16514e-02 DIIS
   @DF-RHF iter   3:  -261.14242942724172   -1.74319e+02   6.15548e-02 DIIS
   @DF-RHF iter   4:  -342.55376326642920   -8.14113e+01   4.92910e-02 DIIS
   @DF-RHF iter   5:  -381.94984453813731   -3.93961e+01   4.96256e-02 DIIS
   @DF-RHF iter   6:  -497.40111826810153   -1.15451e+02   9.30774e-03 DIIS
   @DF-RHF iter   7:  -497.74869512910118   -3.47577e-01   9.08695e-03 DIIS
   @DF-RHF iter   8:  -500.93429202969696   -3.18560e+00   1.78040e-03 DIIS
   @DF-RHF iter   9:  -500.99694481689744   -6.26528e-02   4.26966e-04 DIIS
   @DF-RHF iter  10:  -501.00110750045451   -4.16268e-03   1.81814e-04 DIIS
   @DF-RHF iter  11:  -501.00206139818170   -9.53898e-04   6.82892e-05 DIIS
   @DF-RHF iter  12:  -501.00217471396672   -1.13316e-04   3.16131e-05 DIIS
   @DF-RHF iter  13:  -501.00220403162621   -2.93177e-05   9.25046e-06 DIIS
   @DF-RHF iter  14:  -501.00220711480438   -3.08318e-06   2.93326e-06 DIIS
   @DF-RHF iter  15:  -501.00220746825926   -3.53455e-07   6.10214e-07 DIIS

  ==> Post-Iterations <==

    Orbital Energies (a.u.)
    -----------------------

    Doubly Occupied:                                                      

       1A    -20.603378     2A    -20.545010     3A    -11.372001  
       4A    -11.280602     5A    -11.234808     6A    -11.218914  
       7A    -11.216742     8A    -11.215133     9A    -11.213975  
      10A    -11.210112    11A    -11.203295    12A     -1.468990  
      13A     -1.362353    14A     -1.105167    15A     -1.066913  
      16A     -1.012018    17A     -0.977906    18A     -0.940103  
      19A     -0.874241    20A     -0.797967    21A     -0.782630  
      22A     -0.764019    23A     -0.703171    24A     -0.682326  
      25A     -0.673025    26A     -0.654133    27A     -0.626961  
      28A     -0.618008    29A     -0.599684    30A     -0.580921  
      31A     -0.558832    32A     -0.553056    33A     -0.545548  
      34A     -0.530127    35A     -0.519250    36A     -0.511947  
      37A     -0.504486    38A     -0.479063    39A     -0.472376  
      40A     -0.456719    41A     -0.453792    42A     -0.445115  
      43A     -0.437058    44A     -0.419423  

    Virtual:                                                              

      45A      0.196993    46A      0.226384    47A      0.239185  
      48A      0.258589    49A      0.263791    50A      0.271673  
      51A      0.294693    52A      0.299938    53A      0.306177  
      54A      0.312598    55A      0.317324    56A      0.319420  
      57A      0.322908    58A      0.329175    59A      0.339443  
      60A      0.344440    61A      0.359998    62A      0.365125  
      63A      0.382049    64A      0.399723    65A      0.406252  
      66A      0.413655    67A      0.450055    68A      0.455355  
      69A      0.464657    70A      0.482465    71A      0.496509  
      72A      0.570408    73A      0.588885    74A      0.713309  
      75A      0.717500    76A      0.726956    77A      0.733109  
      78A      0.736345    79A      0.751725    80A      0.764594  
      81A      0.776439    82A      0.795870    83A      0.803317  
      84A      0.827842    85A      0.856588    86A      0.869688  
      87A      0.909223    88A      0.918567    89A      0.942715  
      90A      0.958472    91A      0.965499    92A      0.978157  
      93A      0.984419    94A      0.999261    95A      1.017377  
      96A      1.037844    97A      1.094907    98A      1.106377  
      99A      1.120315   100A      1.129807   101A      1.136361  
     102A      1.141582   103A      1.147761   104A      1.157063  
     105A      1.159987   106A      1.161330   107A      1.180922  
     108A      1.193142   109A      1.203938   110A      1.207698  
     111A      1.218162   112A      1.224248   113A      1.229036  
     114A      1.245467   115A      1.247090   116A      1.258695  
     117A      1.271881   118A      1.286554   119A      1.311859  
     120A      1.323042   121A      1.349704   122A      1.352484  
     123A      1.372460   124A      1.414061   125A      1.426409  
     126A      1.504375   127A      1.560079   128A      1.618856  
     129A      1.654474   130A      1.666620   131A      1.696407  
     132A      1.755487   133A      1.759419   134A      1.799512  
     135A      1.810710   136A      1.873484   137A      1.883272  
     138A      1.894915   139A      1.935812   140A      1.966994  
     141A      1.985308   142A      1.994857   143A      2.027270  
     144A      2.070052   145A      2.095736   146A      2.133457  
     147A      2.163245   148A      2.171058   149A      2.202911  
     150A      2.220163   151A      2.233648   152A      2.243477  
     153A      2.295314   154A      2.307700   155A      2.312628  
     156A      2.339633   157A      2.358144   158A      2.364609  
     159A      2.400347   160A      2.404048   161A      2.423357  
     162A      2.443273   163A      2.456500   164A      2.496369  
     165A      2.520868   166A      2.601424   167A      2.611190  
     168A      2.665169   169A      2.668297   170A      2.688574  
     171A      2.700345   172A      2.717348   173A      2.728710  
     174A      2.740543   175A      2.765680   176A      2.810914  
     177A      2.842714   178A      2.847473   179A      2.913543  
     180A      2.936295   181A      2.975566   182A      3.027483  
     183A      3.051020   184A      3.067926   185A      3.094858  
     186A      3.161624   187A      3.168263   188A      3.350244  
     189A      3.451305   190A      3.584052   191A      4.418965  
     192A      4.556330   193A      4.596717   194A      4.630119  
     195A      4.698085   196A      4.754580   197A      4.800975  
     198A      4.846277   199A      4.953342   200A      4.972635  
     201A      5.047829  

    Final Occupation by Irrep:
              A 
    DOCC [    44 ]

  Energy converged.

  @DF-RHF Final Energy:  -501.00220746825926

   => Energetics <=

    Nuclear Repulsion Energy =            644.4582861981741644
    One-Electron Energy =               -1959.9379460138916329
    Two-Electron Energy =                 814.4774523474583248
    DFT Exchange-Correlation Energy =       0.0000000000000000
    Empirical Dispersion Energy =           0.0000000000000000
    PCM Polarization Energy =               0.0000000000000000
    EFP Energy =                            0.0000000000000000
    Total Energy =                       -501.0022074682591438

    Alert: EFP and PCM quantities not currently incorporated into SCF psivars.

Properties will be evaluated at   0.000000,   0.000000,   0.000000 Bohr
  ==> Properties <==


Properties computed using the SCF density matrix

  Nuclear Dipole Moment: (a.u.)
     X:   -13.6579      Y:    -1.0966      Z:     5.1140

  Electronic Dipole Moment: (a.u.)
     X:    13.4575      Y:     0.4537      Z:    -4.7386

  Dipole Moment: (a.u.)
     X:    -0.2005      Y:    -0.6429      Z:     0.3754     Total:     0.7710

  Dipole Moment: (Debye)
     X:    -0.5096      Y:    -1.6340      Z:     0.9541     Total:     1.9596


  Saving occupied orbitals to File 180.

*** tstop() called on cx1-3-14-1.cx1.hpc.ic.ac.uk at Tue Jul  5 17:57:50 2016
Module time:
	user time   =      52.25 seconds =       0.87 minutes
	system time =       0.39 seconds =       0.01 minutes
	total time  =         53 seconds =       0.88 minutes
Total time:
	user time   =      52.25 seconds =       0.87 minutes
	system time =       0.39 seconds =       0.01 minutes
	total time  =         53 seconds =       0.88 minutes


Properties will be evaluated at   0.000000,   0.000000,   0.000000 Bohr

Properties computed using the  density matrix

  Nuclear Dipole Moment: (a.u.)
     X:   -13.6579      Y:    -1.0966      Z:     5.1140

  Electronic Dipole Moment: (a.u.)
     X:    13.4575      Y:     0.4537      Z:    -4.7386

  Dipole Moment: (a.u.)
     X:    -0.2005      Y:    -0.6429      Z:     0.3754     Total:     0.7710

  Dipole Moment: (Debye)
     X:    -0.5096      Y:    -1.6340      Z:     0.9541     Total:     1.9596

  Quadrupole Moment: (Debye Ang)
    XX:   -65.7551     YY:   -72.7676     ZZ:   -71.3422
    XY:    -6.8952     XZ:     2.1265     YZ:     3.6109

  Traceless Quadrupole Moment: (Debye Ang)
    XX:     4.1998     YY:    -2.8126     ZZ:    -1.3872
    XY:    -6.8952     XZ:     2.1265     YZ:     3.6109

  Mulliken Charges: (a.u.)
   Center  Symbol    Alpha    Beta     Spin     Total
       1     O     4.28546  4.28546  0.00000 -0.57091
       2     C     2.60262  2.60262  0.00000  0.79476
       3     C     3.21686  3.21686  0.00000 -0.43373
       4     O     4.30732  4.30732  0.00000 -0.61465
       5     C     3.14918  3.14918  0.00000 -0.29836
       6     H     0.39899  0.39899  0.00000  0.20201
       7     H     0.40007  0.40007  0.00000  0.19985
       8     C     3.17082  3.17082  0.00000 -0.34163
       9     H     0.41398  0.41398  0.00000  0.17203
      10     H     0.40971  0.40971  0.00000  0.18059
      11     C     3.15933  3.15933  0.00000 -0.31866
      12     H     0.41982  0.41982  0.00000  0.16037
      13     H     0.41185  0.41185  0.00000  0.17629
      14     C     3.15601  3.15601  0.00000 -0.31202
      15     H     0.41727  0.41727  0.00000  0.16546
      16     H     0.42514  0.42514  0.00000  0.14971
      17     C     3.14706  3.14706  0.00000 -0.29411
      18     H     0.41936  0.41936  0.00000  0.16127
      19     H     0.42321  0.42321  0.00000  0.15358
      20     C     3.25984  3.25984  0.00000 -0.51967
      21     H     0.41923  0.41923  0.00000  0.16153
      22     H     0.42194  0.42194  0.00000  0.15612
      23     H     0.41749  0.41749  0.00000  0.16502
      24     H     0.41490  0.41490  0.00000  0.17019
      25     H     0.41348  0.41348  0.00000  0.17304
      26     C     3.09242  3.09242  0.00000 -0.18484
      27     H     0.40901  0.40901  0.00000  0.18199
      28     H     0.40851  0.40851  0.00000  0.18298
      29     H     0.40910  0.40910  0.00000  0.18180

   Total alpha = 44.00000, Total beta = 44.00000, Total charge =  0.00000


*** PSI4 exiting successfully. Buy a developer a beer!
