    -----------------------------------------------------------------------
          Psi4: An Open-Source Ab Initio Electronic Structure Package
                              Psi4 (no tag) Driver

                          Git: Rev {detached?}  

    J. M. Turney, A. C. Simmonett, R. M. Parrish, E. G. Hohenstein,
    F. A. Evangelista, J. T. Fermann, B. J. Mintz, L. A. Burns, J. J. Wilke,
    M. L. Abrams, N. J. Russ, M. L. Leininger, C. L. Janssen, E. T. Seidl,
    W. D. Allen, H. F. Schaefer, R. A. King, E. F. Valeev, C. D. Sherrill,
    and T. D. Crawford, WIREs Comput. Mol. Sci. 2, 556-565 (2012)
    (doi: 10.1002/wcms.93)

                         Additional Contributions by
    A. E. DePrince, M. Saitow, U. Bozkaya, A. Yu. Sokolov
    -----------------------------------------------------------------------


    Psi4 started on: Tue Jul  5 16:33:07 2016

    Process ID:  16349
    PSI4DATADIR: /export131/home/mjharvey/miniconda3/share
    Memory level set to 256.000 MB

  ==> Input File <==

--------------------------------------------------------------------------
set {
	reference rhf
	basis 6-31G*
}


set_num_threads( 1 )
memory 2 gb

molecule MOL {
0 1

H	 1.630934	 0.033333	 -1.254840
O	 1.631499	 0.886023	 -1.665460
C	 0.933123	 1.800208	 -0.858179
C	 0.031547	 1.023609	 0.088541
H	 0.323809	 2.461624	 -1.471493
H	 1.627426	 2.424882	 -0.300660
C	 -1.134819	 0.293262	 -0.585751
H	 -0.364656	 1.721166	 0.821156
H	 0.648061	 0.310390	 0.633012
C	 -1.917817	 -0.639439	 0.339494
H	 -0.758119	 -0.268455	 -1.433105
H	 -1.813832	 1.041889	 -0.986690
H	 -2.777680	 -1.057197	 -0.174994
H	 -1.310268	 -1.471279	 0.680599
H	 -2.283753	 -0.111424	 1.216626

	symmetry c1
}
set optking {
	frozen_dihedral = ("
		8 4 7 11,
		2 3 4 8
	")
}

ee = energy('scf')
oeprop('DIPOLE', 'QUADRUPOLE', 'MULLIKEN_CHARGES')
f=open( 'psi4out.xyz', 'w' )
f.write( "15  " )
f.write( str(ee) + "\n" )
f.write( MOL.save_string_xyz() )
f.close()
--------------------------------------------------------------------------

  Memory set to   2.000 GiB by Python script.

*** tstart() called on cx1-1-3-3.cx1.hpc.ic.ac.uk
*** at Tue Jul  5 16:33:07 2016


         ---------------------------------------------------------
                                   SCF
            by Justin Turney, Rob Parrish, and Andy Simmonett
                              RHF Reference
                        1 Threads,   2000 MiB Core
         ---------------------------------------------------------

  ==> Geometry <==

    Molecular point group: c1
    Full point group: C1

    Geometry (in Angstrom), charge = 0, multiplicity = 1:

       Center              X                  Y                   Z               Mass       
    ------------   -----------------  -----------------  -----------------  -----------------
           H          1.685983881014    -0.628556646649    -0.699743084644     1.007825032070
           O          1.686548881014     0.224133353351    -1.110363084644    15.994914619560
           C          0.988172881014     1.138318353351    -0.303082084644    12.000000000000
           C          0.086596881014     0.361719353351     0.643637915356    12.000000000000
           H          0.378858881014     1.799734353351    -0.916396084644     1.007825032070
           H          1.682475881014     1.762992353351     0.254436915356     1.007825032070
           C         -1.079769118986    -0.368627646649    -0.030654084644    12.000000000000
           H         -0.309606118986     1.059276353351     1.376252915356     1.007825032070
           H          0.703110881014    -0.351499646649     1.188108915356     1.007825032070
           C         -1.862767118986    -1.301328646649     0.894590915356    12.000000000000
           H         -0.703069118986    -0.930344646649    -0.878008084644     1.007825032070
           H         -1.758782118986     0.379999353351    -0.431593084644     1.007825032070
           H         -2.722630118986    -1.719086646649     0.380102915356     1.007825032070
           H         -1.255218118986    -2.133168646649     1.235695915356     1.007825032070
           H         -2.228703118986    -0.773313646649     1.771722915356     1.007825032070

  Running in c1 symmetry.

  Rotational constants: A =      0.40685  B =      0.07967  C =      0.07418 [cm^-1]
  Rotational constants: A =  12197.03026  B =   2388.55717  C =   2223.77691 [MHz]
  Nuclear repulsion =  189.169161611317975

  Charge       = 0
  Multiplicity = 1
  Electrons    = 42
  Nalpha       = 21
  Nbeta        = 21

  ==> Algorithm <==

  SCF Algorithm Type is DF.
  DIIS enabled.
  MOM disabled.
  Fractional occupation disabled.
  Guess Type is CORE.
  Energy threshold   = 1.00e-06
  Density threshold  = 1.00e-06
  Integral threshold = 0.00e+00

  ==> Primary Basis <==

  Basis Set: 6-31G*
    Number of shells: 50
    Number of basis function: 95
    Number of Cartesian functions: 95
    Spherical Harmonics?: false
    Max angular momentum: 2

  ==> Pre-Iterations <==

   -------------------------------------------------------
    Irrep   Nso     Nmo     Nalpha   Nbeta   Ndocc  Nsocc
   -------------------------------------------------------
     A         95      95       0       0       0       0
   -------------------------------------------------------
    Total      95      95      21      21      21       0
   -------------------------------------------------------

 OEINTS: Overlap, kinetic, potential, dipole, and quadrupole integrals
         stored in file 35.

  ==> Integral Setup <==

  ==> DFJK: Density-Fitted J/K Matrices <==

    J tasked:                  Yes
    K tasked:                  Yes
    wK tasked:                  No
    OpenMP threads:              1
    Integrals threads:           1
    Memory (MB):              1430
    Algorithm:                Core
    Integral Cache:           NONE
    Schwarz Cutoff:          1E-12
    Fitting Condition:       1E-12

   => Auxiliary Basis Set <=

  Basis Set: 
    Number of shells: 210
    Number of basis function: 655
    Number of Cartesian functions: 655
    Spherical Harmonics?: false
    Max angular momentum: 3

  Minimum eigenvalue in the overlap matrix is 4.2920230420E-03.
  Using Symmetric Orthogonalization.
  SCF Guess: Core (One-Electron) Hamiltonian.

  ==> Iterations <==

                           Total Energy        Delta E     RMS |[F,P]|

   @DF-RHF iter   1:  -180.46519327454251   -1.80465e+02   8.15998e-02 
   @DF-RHF iter   2:   -97.73963229679651    8.27256e+01   9.45288e-02 DIIS
   @DF-RHF iter   3:  -200.74973934848407   -1.03010e+02   4.51445e-02 DIIS
   @DF-RHF iter   4:  -165.86544332708144    3.48843e+01   7.63802e-02 DIIS
   @DF-RHF iter   5:  -227.60865174842843   -6.17432e+01   2.51133e-02 DIIS
   @DF-RHF iter   6:  -231.95625519123143   -4.34760e+00   6.37065e-03 DIIS
   @DF-RHF iter   7:  -232.10099174575510   -1.44737e-01   3.07756e-03 DIIS
   @DF-RHF iter   8:  -232.13781669454528   -3.68249e-02   5.20517e-04 DIIS
   @DF-RHF iter   9:  -232.13986629551471   -2.04960e-03   2.21248e-04 DIIS
   @DF-RHF iter  10:  -232.14019227118837   -3.25976e-04   7.63667e-05 DIIS
   @DF-RHF iter  11:  -232.14023629655992   -4.40254e-05   2.49123e-05 DIIS
   @DF-RHF iter  12:  -232.14024073453248   -4.43797e-06   5.41330e-06 DIIS
   @DF-RHF iter  13:  -232.14024097102237   -2.36490e-07   8.27260e-07 DIIS

  ==> Post-Iterations <==

    Orbital Energies (a.u.)
    -----------------------

    Doubly Occupied:                                                      

       1A    -20.549819     2A    -11.268889     3A    -11.223327  
       4A    -11.222338     5A    -11.215639     6A     -1.359454  
       7A     -1.072934     8A     -0.979624     9A     -0.871415  
      10A     -0.804321    11A     -0.663847    12A     -0.652597  
      13A     -0.633955    14A     -0.598244    15A     -0.574181  
      16A     -0.533451    17A     -0.513151    18A     -0.485174  
      19A     -0.476353    20A     -0.458363    21A     -0.430578  

    Virtual:                                                              

      22A      0.218658    23A      0.253911    24A      0.260937  
      25A      0.287118    26A      0.301043    27A      0.319627  
      28A      0.326185    29A      0.336381    30A      0.342429  
      31A      0.354228    32A      0.389559    33A      0.419955  
      34A      0.448363    35A      0.456334    36A      0.695005  
      37A      0.712255    38A      0.746909    39A      0.757584  
      40A      0.820975    41A      0.845976    42A      0.871733  
      43A      0.915588    44A      0.954960    45A      1.004029  
      46A      1.041256    47A      1.093087    48A      1.117669  
      49A      1.141683    50A      1.145007    51A      1.171579  
      52A      1.173416    53A      1.187053    54A      1.200985  
      55A      1.212503    56A      1.225562    57A      1.253115  
      58A      1.268796    59A      1.312299    60A      1.354652  
      61A      1.457471    62A      1.527602    63A      1.635693  
      64A      1.665553    65A      1.700414    66A      1.828598  
      67A      1.897754    68A      1.937823    69A      2.025689  
      70A      2.101715    71A      2.150641    72A      2.199322  
      73A      2.224426    74A      2.275979    75A      2.298987  
      76A      2.362705    77A      2.419886    78A      2.445558  
      79A      2.573550    80A      2.586382    81A      2.648453  
      82A      2.701887    83A      2.720961    84A      2.786065  
      85A      2.816514    86A      2.828870    87A      2.947875  
      88A      3.069139    89A      3.079862    90A      3.222501  
      91A      4.191766    92A      4.564106    93A      4.700578  
      94A      4.811967    95A      4.951289  

    Final Occupation by Irrep:
              A 
    DOCC [    21 ]

  Energy converged.

  @DF-RHF Final Energy:  -232.14024097102237

   => Energetics <=

    Nuclear Repulsion Energy =            189.1691616113179748
    One-Electron Energy =                -689.4434552503678333
    Two-Electron Energy =                 268.1340526680277208
    DFT Exchange-Correlation Energy =       0.0000000000000000
    Empirical Dispersion Energy =           0.0000000000000000
    PCM Polarization Energy =               0.0000000000000000
    EFP Energy =                            0.0000000000000000
    Total Energy =                       -232.1402409710221377

    Alert: EFP and PCM quantities not currently incorporated into SCF psivars.

Properties will be evaluated at   0.000000,   0.000000,   0.000000 Bohr
  ==> Properties <==


Properties computed using the SCF density matrix

  Nuclear Dipole Moment: (a.u.)
     X:    -4.2364      Y:    -1.4370      Z:     3.0701

  Electronic Dipole Moment: (a.u.)
     X:     3.8377      Y:     1.2650      Z:    -2.4357

  Dipole Moment: (a.u.)
     X:    -0.3986      Y:    -0.1720      Z:     0.6344     Total:     0.7687

  Dipole Moment: (Debye)
     X:    -1.0132      Y:    -0.4372      Z:     1.6125     Total:     1.9539


  Saving occupied orbitals to File 180.

*** tstop() called on cx1-1-3-3.cx1.hpc.ic.ac.uk at Tue Jul  5 16:33:13 2016
Module time:
	user time   =       5.08 seconds =       0.08 minutes
	system time =       0.04 seconds =       0.00 minutes
	total time  =          6 seconds =       0.10 minutes
Total time:
	user time   =       5.08 seconds =       0.08 minutes
	system time =       0.04 seconds =       0.00 minutes
	total time  =          6 seconds =       0.10 minutes


Properties will be evaluated at   0.000000,   0.000000,   0.000000 Bohr

Properties computed using the  density matrix

  Nuclear Dipole Moment: (a.u.)
     X:    -4.2364      Y:    -1.4370      Z:     3.0701

  Electronic Dipole Moment: (a.u.)
     X:     3.8377      Y:     1.2650      Z:    -2.4357

  Dipole Moment: (a.u.)
     X:    -0.3986      Y:    -0.1720      Z:     0.6344     Total:     0.7687

  Dipole Moment: (Debye)
     X:    -1.0132      Y:    -0.4372      Z:     1.6125     Total:     1.9539

  Quadrupole Moment: (Debye Ang)
    XX:   -35.9431     YY:   -30.9524     ZZ:   -36.8194
    XY:    -2.0451     XZ:     3.5201     YZ:     1.0560

  Traceless Quadrupole Moment: (Debye Ang)
    XX:    -1.3715     YY:     3.6192     ZZ:    -2.2477
    XY:    -2.0451     XZ:     3.5201     YZ:     1.0560

  Mulliken Charges: (a.u.)
   Center  Symbol    Alpha    Beta     Spin     Total
       1     H     0.27927  0.27927  0.00000  0.44146
       2     O     4.37463  4.37463  0.00000 -0.74927
       3     C     2.97829  2.97829  0.00000  0.04342
       4     C     3.18683  3.18683  0.00000 -0.37367
       5     H     0.42200  0.42200  0.00000  0.15600
       6     H     0.42463  0.42463  0.00000  0.15074
       7     C     3.15352  3.15352  0.00000 -0.30703
       8     H     0.41906  0.41906  0.00000  0.16189
       9     H     0.42609  0.42609  0.00000  0.14782
      10     C     3.23940  3.23940  0.00000 -0.47881
      11     H     0.41680  0.41680  0.00000  0.16641
      12     H     0.41986  0.41986  0.00000  0.16028
      13     H     0.41677  0.41677  0.00000  0.16646
      14     H     0.42201  0.42201  0.00000  0.15599
      15     H     0.42085  0.42085  0.00000  0.15830

   Total alpha = 21.00000, Total beta = 21.00000, Total charge = -0.00000


*** PSI4 exiting successfully. Buy a developer a beer!
