    -----------------------------------------------------------------------
          Psi4: An Open-Source Ab Initio Electronic Structure Package
                              Psi4 (no tag) Driver

                          Git: Rev {detached?}  

    J. M. Turney, A. C. Simmonett, R. M. Parrish, E. G. Hohenstein,
    F. A. Evangelista, J. T. Fermann, B. J. Mintz, L. A. Burns, J. J. Wilke,
    M. L. Abrams, N. J. Russ, M. L. Leininger, C. L. Janssen, E. T. Seidl,
    W. D. Allen, H. F. Schaefer, R. A. King, E. F. Valeev, C. D. Sherrill,
    and T. D. Crawford, WIREs Comput. Mol. Sci. 2, 556-565 (2012)
    (doi: 10.1002/wcms.93)

                         Additional Contributions by
    A. E. DePrince, M. Saitow, U. Bozkaya, A. Yu. Sokolov
    -----------------------------------------------------------------------


    Psi4 started on: Tue Jul  5 16:46:00 2016

    Process ID:  18866
    PSI4DATADIR: /export131/home/mjharvey/miniconda3/share
    Memory level set to 256.000 MB

  ==> Input File <==

--------------------------------------------------------------------------
set {
	reference rhf
	basis 6-31G*
}


set_num_threads( 1 )
memory 2 gb

molecule MOL {
0 1

O	 -1.743222	 1.056285	 0.500149
C	 -1.083277	 0.139568	 0.115197
C	 0.323299	 -0.082943	 0.642902
C	 -1.597905	 -0.826797	 -0.928415
C	 1.355627	 -0.005344	 -0.493127
H	 0.396251	 -1.044647	 1.143147
H	 0.528637	 0.693580	 1.371677
C	 1.155333	 1.223865	 -1.377534
H	 2.360126	 0.010252	 -0.075980
H	 1.280057	 -0.907677	 -1.090809
H	 1.891536	 1.252673	 -2.174319
H	 1.250670	 2.141594	 -0.804378
H	 0.170717	 1.219102	 -1.835306
H	 -0.884345	 -0.932944	 -1.740347
H	 -2.546612	 -0.482269	 -1.315702
H	 -1.725666	 -1.810182	 -0.483628

	symmetry c1
}
set optking {
	frozen_dihedral = ("
		9 5 3 2
	")
}

ee = energy('scf')
oeprop('DIPOLE', 'QUADRUPOLE', 'MULLIKEN_CHARGES')
f=open( 'psi4out.xyz', 'w' )
f.write( "16  " )
f.write( str(ee) + "\n" )
f.write( MOL.save_string_xyz() )
f.close()
--------------------------------------------------------------------------

  Memory set to   2.000 GiB by Python script.

*** tstart() called on cx1-3-15-3.cx1.hpc.ic.ac.uk
*** at Tue Jul  5 16:46:00 2016


         ---------------------------------------------------------
                                   SCF
            by Justin Turney, Rob Parrish, and Andy Simmonett
                              RHF Reference
                        1 Threads,   2000 MiB Core
         ---------------------------------------------------------

  ==> Geometry <==

    Molecular point group: c1
    Full point group: C1

    Geometry (in Angstrom), charge = 0, multiplicity = 1:

       Center              X                  Y                   Z               Mass       
    ------------   -----------------  -----------------  -----------------  -----------------
           O         -1.472486083019     0.795855981785     0.773780716239    15.994914619560
           C         -0.812541083019    -0.120861018215     0.388828716239    12.000000000000
           C          0.594034916981    -0.343372018215     0.916533716239    12.000000000000
           C         -1.327169083019    -1.087226018215    -0.654783283761    12.000000000000
           C          1.626362916981    -0.265773018215    -0.219495283761    12.000000000000
           H          0.666986916981    -1.305076018215     1.416778716239     1.007825032070
           H          0.799372916981     0.433150981785     1.645308716239     1.007825032070
           C          1.426068916981     0.963435981785    -1.103902283761    12.000000000000
           H          2.630861916981    -0.250177018215     0.197651716239     1.007825032070
           H          1.550792916981    -1.168106018215    -0.817177283761     1.007825032070
           H          2.162271916981     0.992243981785    -1.900687283761     1.007825032070
           H          1.521405916981     1.881164981785    -0.530746283761     1.007825032070
           H          0.441452916981     0.958672981785    -1.561674283761     1.007825032070
           H         -0.613609083019    -1.193373018215    -1.466715283761     1.007825032070
           H         -2.275876083019    -0.742698018215    -1.042070283761     1.007825032070
           H         -1.454930083019    -2.070611018215    -0.209996283761     1.007825032070

  Running in c1 symmetry.

  Rotational constants: A =      0.16948  B =      0.08225  C =      0.07850 [cm^-1]
  Rotational constants: A =   5080.94039  B =   2465.67110  C =   2353.38574 [MHz]
  Nuclear repulsion =  244.919369294405783

  Charge       = 0
  Multiplicity = 1
  Electrons    = 48
  Nalpha       = 24
  Nbeta        = 24

  ==> Algorithm <==

  SCF Algorithm Type is DF.
  DIIS enabled.
  MOM disabled.
  Fractional occupation disabled.
  Guess Type is CORE.
  Energy threshold   = 1.00e-06
  Density threshold  = 1.00e-06
  Integral threshold = 0.00e+00

  ==> Primary Basis <==

  Basis Set: 6-31G*
    Number of shells: 56
    Number of basis function: 110
    Number of Cartesian functions: 110
    Spherical Harmonics?: false
    Max angular momentum: 2

  ==> Pre-Iterations <==

   -------------------------------------------------------
    Irrep   Nso     Nmo     Nalpha   Nbeta   Ndocc  Nsocc
   -------------------------------------------------------
     A        110     110       0       0       0       0
   -------------------------------------------------------
    Total     110     110      24      24      24       0
   -------------------------------------------------------

 OEINTS: Overlap, kinetic, potential, dipole, and quadrupole integrals
         stored in file 35.

  ==> Integral Setup <==

  ==> DFJK: Density-Fitted J/K Matrices <==

    J tasked:                  Yes
    K tasked:                  Yes
    wK tasked:                  No
    OpenMP threads:              1
    Integrals threads:           1
    Memory (MB):              1430
    Algorithm:                Core
    Integral Cache:           NONE
    Schwarz Cutoff:          1E-12
    Fitting Condition:       1E-12

   => Auxiliary Basis Set <=

  Basis Set: 
    Number of shells: 234
    Number of basis function: 736
    Number of Cartesian functions: 736
    Spherical Harmonics?: false
    Max angular momentum: 3

  Minimum eigenvalue in the overlap matrix is 3.5494934446E-03.
  Using Symmetric Orthogonalization.
  SCF Guess: Core (One-Electron) Hamiltonian.

  ==> Iterations <==

                           Total Energy        Delta E     RMS |[F,P]|

   @DF-RHF iter   1:  -209.78615548886000   -2.09786e+02   7.38628e-02 
   @DF-RHF iter   2:  -196.25778904266883    1.35284e+01   5.71936e-02 DIIS
   @DF-RHF iter   3:  -231.01243745677596   -3.47546e+01   5.81342e-02 DIIS
   @DF-RHF iter   4:  -266.71389877874333   -3.57015e+01   1.69582e-02 DIIS
   @DF-RHF iter   5:  -269.63295058772621   -2.91905e+00   7.85627e-03 DIIS
   @DF-RHF iter   6:  -269.99313122488513   -3.60181e-01   2.19462e-03 DIIS
   @DF-RHF iter   7:  -270.01866940021557   -2.55382e-02   1.03547e-03 DIIS
   @DF-RHF iter   8:  -270.02454922332265   -5.87982e-03   4.81096e-04 DIIS
   @DF-RHF iter   9:  -270.02631886418658   -1.76964e-03   1.60665e-04 DIIS
   @DF-RHF iter  10:  -270.02662578512980   -3.06921e-04   3.78560e-05 DIIS
   @DF-RHF iter  11:  -270.02664667442514   -2.08893e-05   1.48731e-05 DIIS
   @DF-RHF iter  12:  -270.02664943863749   -2.76421e-06   6.47295e-06 DIIS
   @DF-RHF iter  13:  -270.02665006891868   -6.30281e-07   1.98630e-06 DIIS
   @DF-RHF iter  14:  -270.02665015310163   -8.41829e-08   7.16861e-07 DIIS

  ==> Post-Iterations <==

    Orbital Energies (a.u.)
    -----------------------

    Doubly Occupied:                                                      

       1A    -20.548611     2A    -11.324644     3A    -11.234371  
       4A    -11.229473     5A    -11.228466     6A    -11.218722  
       7A     -1.393886     8A     -1.088243     9A     -1.007127  
      10A     -0.951731    11A     -0.835478    12A     -0.729699  
      13A     -0.659744    14A     -0.645038    15A     -0.628542  
      16A     -0.606259    17A     -0.574208    18A     -0.559393  
      19A     -0.538005    20A     -0.508765    21A     -0.506723  
      22A     -0.485247    23A     -0.474226    24A     -0.398712  

    Virtual:                                                              

      25A      0.168963    26A      0.216286    27A      0.266942  
      28A      0.279131    29A      0.282592    30A      0.294470  
      31A      0.315370    32A      0.327057    33A      0.340322  
      34A      0.354231    35A      0.367389    36A      0.380402  
      37A      0.401508    38A      0.419507    39A      0.487021  
      40A      0.520465    41A      0.700263    42A      0.714543  
      43A      0.733953    44A      0.748761    45A      0.802583  
      46A      0.816154    47A      0.861974    48A      0.877492  
      49A      0.907198    50A      0.943858    51A      0.965583  
      52A      0.978195    53A      0.997344    54A      1.035672  
      55A      1.105790    56A      1.115307    57A      1.133447  
      58A      1.149259    59A      1.150648    60A      1.185363  
      61A      1.191158    62A      1.206707    63A      1.209573  
      64A      1.235721    65A      1.251983    66A      1.261271  
      67A      1.289530    68A      1.344657    69A      1.377702  
      70A      1.444688    71A      1.507427    72A      1.652210  
      73A      1.668680    74A      1.736682    75A      1.824875  
      76A      1.913079    77A      1.940614    78A      1.971283  
      79A      2.041563    80A      2.094342    81A      2.102438  
      82A      2.124522    83A      2.210166    84A      2.240987  
      85A      2.273853    86A      2.310429    87A      2.340224  
      88A      2.398737    89A      2.421474    90A      2.471933  
      91A      2.513764    92A      2.575437    93A      2.661741  
      94A      2.686284    95A      2.713755    96A      2.735223  
      97A      2.741400    98A      2.857362    99A      2.919190  
     100A      2.984343   101A      3.049703   102A      3.123245  
     103A      3.376169   104A      3.383810   105A      4.472295  
     106A      4.541830   107A      4.631813   108A      4.783883  
     109A      4.858607   110A      4.963824  

    Final Occupation by Irrep:
              A 
    DOCC [    24 ]

  Energy converged.

  @DF-RHF Final Energy:  -270.02665015310163

   => Energetics <=

    Nuclear Repulsion Energy =            244.9193692944057830
    One-Electron Energy =                -851.1415213135240947
    Two-Electron Energy =                 336.1955018660169117
    DFT Exchange-Correlation Energy =       0.0000000000000000
    Empirical Dispersion Energy =           0.0000000000000000
    PCM Polarization Energy =               0.0000000000000000
    EFP Energy =                            0.0000000000000000
    Total Energy =                       -270.0266501531014001

    Alert: EFP and PCM quantities not currently incorporated into SCF psivars.

Properties will be evaluated at   0.000000,   0.000000,   0.000000 Bohr
  ==> Properties <==


Properties computed using the SCF density matrix

  Nuclear Dipole Moment: (a.u.)
     X:     5.0822      Y:    -2.3069      Z:    -3.9986

  Electronic Dipole Moment: (a.u.)
     X:    -4.3256      Y:     1.4101      Z:     3.5785

  Dipole Moment: (a.u.)
     X:     0.7566      Y:    -0.8967      Z:    -0.4201     Total:     1.2462

  Dipole Moment: (Debye)
     X:     1.9230      Y:    -2.2793      Z:    -1.0678     Total:     3.1675


  Saving occupied orbitals to File 180.

*** tstop() called on cx1-3-15-3.cx1.hpc.ic.ac.uk at Tue Jul  5 16:46:07 2016
Module time:
	user time   =       6.63 seconds =       0.11 minutes
	system time =       0.04 seconds =       0.00 minutes
	total time  =          7 seconds =       0.12 minutes
Total time:
	user time   =       6.63 seconds =       0.11 minutes
	system time =       0.04 seconds =       0.00 minutes
	total time  =          7 seconds =       0.12 minutes


Properties will be evaluated at   0.000000,   0.000000,   0.000000 Bohr

Properties computed using the  density matrix

  Nuclear Dipole Moment: (a.u.)
     X:     5.0822      Y:    -2.3069      Z:    -3.9986

  Electronic Dipole Moment: (a.u.)
     X:    -4.3256      Y:     1.4101      Z:     3.5785

  Dipole Moment: (a.u.)
     X:     0.7566      Y:    -0.8967      Z:    -0.4201     Total:     1.2462

  Dipole Moment: (Debye)
     X:     1.9230      Y:    -2.2793      Z:    -1.0678     Total:     3.1675

  Quadrupole Moment: (Debye Ang)
    XX:   -40.7152     YY:   -39.0350     ZZ:   -38.7134
    XY:     3.7129     XZ:     2.5493     YZ:    -1.5681

  Traceless Quadrupole Moment: (Debye Ang)
    XX:    -1.2273     YY:     0.4529     ZZ:     0.7745
    XY:     3.7129     XZ:     2.5493     YZ:    -1.5681

  Mulliken Charges: (a.u.)
   Center  Symbol    Alpha    Beta     Spin     Total
       1     O     4.26118  4.26118  0.00000 -0.52237
       2     C     2.73795  2.73795  0.00000  0.52409
       3     C     3.20032  3.20032  0.00000 -0.40064
       4     C     3.29010  3.29010  0.00000 -0.58020
       5     C     3.16717  3.16717  0.00000 -0.33433
       6     H     0.41003  0.41003  0.00000  0.17994
       7     H     0.40004  0.40004  0.00000  0.19992
       8     C     3.24650  3.24650  0.00000 -0.49300
       9     H     0.41154  0.41154  0.00000  0.17691
      10     H     0.41950  0.41950  0.00000  0.16100
      11     H     0.41557  0.41557  0.00000  0.16886
      12     H     0.41208  0.41208  0.00000  0.17584
      13     H     0.41702  0.41702  0.00000  0.16595
      14     H     0.40769  0.40769  0.00000  0.18461
      15     H     0.39597  0.39597  0.00000  0.20806
      16     H     0.40732  0.40732  0.00000  0.18535

   Total alpha = 24.00000, Total beta = 24.00000, Total charge =  0.00000


*** PSI4 exiting successfully. Buy a developer a beer!
