    -----------------------------------------------------------------------
          Psi4: An Open-Source Ab Initio Electronic Structure Package
                              Psi4 (no tag) Driver

                          Git: Rev {detached?}  

    J. M. Turney, A. C. Simmonett, R. M. Parrish, E. G. Hohenstein,
    F. A. Evangelista, J. T. Fermann, B. J. Mintz, L. A. Burns, J. J. Wilke,
    M. L. Abrams, N. J. Russ, M. L. Leininger, C. L. Janssen, E. T. Seidl,
    W. D. Allen, H. F. Schaefer, R. A. King, E. F. Valeev, C. D. Sherrill,
    and T. D. Crawford, WIREs Comput. Mol. Sci. 2, 556-565 (2012)
    (doi: 10.1002/wcms.93)

                         Additional Contributions by
    A. E. DePrince, M. Saitow, U. Bozkaya, A. Yu. Sokolov
    -----------------------------------------------------------------------


    Psi4 started on: Tue Jul  5 18:00:32 2016

    Process ID:  29595
    PSI4DATADIR: /export131/home/mjharvey/miniconda3/share
    Memory level set to 256.000 MB

  ==> Input File <==

--------------------------------------------------------------------------
set {
	reference rhf
	basis 6-31G*
}


set_num_threads( 1 )
memory 2 gb

molecule MOL {
0 1

O	 3.225979	 0.970355	 -0.599647
C	 2.701189	 0.057885	 -0.047330
C	 1.245376	 -0.013843	 0.345420
O	 3.347903	 -1.046386	 0.304773
C	 0.455112	 1.231400	 -0.050772
H	 0.838542	 -0.913825	 -0.103701
H	 1.208210	 -0.175333	 1.419774
C	 -0.998893	 1.219485	 0.433193
H	 0.482531	 1.345121	 -1.130325
H	 0.957290	 2.103070	 0.354729
C	 -1.883438	 0.145884	 -0.207175
H	 -1.431207	 2.195402	 0.224832
H	 -1.019646	 1.105716	 1.516076
C	 -3.377717	 0.435444	 -0.051339
H	 -1.640976	 0.067415	 -1.265889
H	 -1.667040	 -0.826826	 0.228691
C	 -3.869160	 0.324721	 1.393083
H	 -3.944552	 -0.252299	 -0.676593
H	 -3.591995	 1.434697	 -0.427207
C	 -2.978134	 1.070147	 2.386115
H	 -4.883975	 0.711390	 1.458519
H	 -3.924115	 -0.724572	 1.675474
H	 -3.352162	 0.973027	 3.400648
H	 -2.930518	 2.129764	 2.151295
H	 -1.963159	 0.683081	 2.369399
C	 4.728119	 -1.109107	 -0.004993
H	 4.882018	 -1.033965	 -1.071845
H	 5.068212	 -2.067527	 0.355250
H	 5.265056	 -0.311663	 0.488280

	symmetry c1
}
set optking {
	frozen_dihedral = ("
		21 17 14 11,
		17 14 11 15,
		6 3 5 9,
		11 8 5 9,
		2 4 26 27,
		1 2 4 26,
		6 3 2 1
	")
}

ee = energy('scf')
oeprop('DIPOLE', 'QUADRUPOLE', 'MULLIKEN_CHARGES')
f=open( 'psi4out.xyz', 'w' )
f.write( "29  " )
f.write( str(ee) + "\n" )
f.write( MOL.save_string_xyz() )
f.close()
--------------------------------------------------------------------------

  Memory set to   2.000 GiB by Python script.

*** tstart() called on cx1-3-14-1.cx1.hpc.ic.ac.uk
*** at Tue Jul  5 18:00:33 2016


         ---------------------------------------------------------
                                   SCF
            by Justin Turney, Rob Parrish, and Andy Simmonett
                              RHF Reference
                        1 Threads,   2000 MiB Core
         ---------------------------------------------------------

  ==> Geometry <==

    Molecular point group: c1
    Full point group: C1

    Geometry (in Angstrom), charge = 0, multiplicity = 1:

       Center              X                  Y                   Z               Mass       
    ------------   -----------------  -----------------  -----------------  -----------------
           O          2.937107154191     0.681852036360    -0.958155335788    15.994914619560
           C          2.412317154191    -0.230617963640    -0.405838335788    12.000000000000
           C          0.956504154191    -0.302345963640    -0.013088335788    12.000000000000
           O          3.059031154191    -1.334888963640    -0.053735335788    15.994914619560
           C          0.166240154191     0.942897036360    -0.409280335788    12.000000000000
           H          0.549670154191    -1.202327963640    -0.462209335788     1.007825032070
           H          0.919338154191    -0.463835963640     1.061265664212     1.007825032070
           C         -1.287764845809     0.930982036360     0.074684664212    12.000000000000
           H          0.193659154191     1.056618036360    -1.488833335788     1.007825032070
           H          0.668418154191     1.814567036360    -0.003779335788     1.007825032070
           C         -2.172309845809    -0.142618963640    -0.565683335788    12.000000000000
           H         -1.720078845809     1.906899036360    -0.133676335788     1.007825032070
           H         -1.308517845809     0.817213036360     1.157567664212     1.007825032070
           C         -3.666588845809     0.146941036360    -0.409847335788    12.000000000000
           H         -1.929847845809    -0.221087963640    -1.624397335788     1.007825032070
           H         -1.955911845809    -1.115328963640    -0.129817335788     1.007825032070
           C         -4.158031845809     0.036218036360     1.034574664212    12.000000000000
           H         -4.233423845809    -0.540801963640    -1.035101335788     1.007825032070
           H         -3.880866845809     1.146194036360    -0.785715335788     1.007825032070
           C         -3.267005845809     0.781644036360     2.027606664212    12.000000000000
           H         -5.172846845809     0.422887036360     1.100010664212     1.007825032070
           H         -4.212986845809    -1.013074963640     1.316965664212     1.007825032070
           H         -3.641033845809     0.684524036360     3.042139664212     1.007825032070
           H         -3.219389845809     1.841261036360     1.792786664212     1.007825032070
           H         -2.252030845809     0.394578036360     2.010890664212     1.007825032070
           C          4.439247154191    -1.397609963640    -0.363501335788    12.000000000000
           H          4.593146154191    -1.322467963640    -1.430353335788     1.007825032070
           H          4.779340154191    -2.356029963640    -0.003258335788     1.007825032070
           H          4.976184154191    -0.600165963640     0.129771664212     1.007825032070

  Running in c1 symmetry.

  Rotational constants: A =      0.09778  B =      0.01118  C =      0.01102 [cm^-1]
  Rotational constants: A =   2931.48598  B =    335.29810  C =    330.36019 [MHz]
  Nuclear repulsion =  632.022532106964263

  Charge       = 0
  Multiplicity = 1
  Electrons    = 88
  Nalpha       = 44
  Nbeta        = 44

  ==> Algorithm <==

  SCF Algorithm Type is DF.
  DIIS enabled.
  MOM disabled.
  Fractional occupation disabled.
  Guess Type is CORE.
  Energy threshold   = 1.00e-06
  Density threshold  = 1.00e-06
  Integral threshold = 0.00e+00

  ==> Primary Basis <==

  Basis Set: 6-31G*
    Number of shells: 102
    Number of basis function: 201
    Number of Cartesian functions: 201
    Spherical Harmonics?: false
    Max angular momentum: 2

  ==> Pre-Iterations <==

   -------------------------------------------------------
    Irrep   Nso     Nmo     Nalpha   Nbeta   Ndocc  Nsocc
   -------------------------------------------------------
     A        201     201       0       0       0       0
   -------------------------------------------------------
    Total     201     201      44      44      44       0
   -------------------------------------------------------

 OEINTS: Overlap, kinetic, potential, dipole, and quadrupole integrals
         stored in file 35.

  ==> Integral Setup <==

  ==> DFJK: Density-Fitted J/K Matrices <==

    J tasked:                  Yes
    K tasked:                  Yes
    wK tasked:                  No
    OpenMP threads:              1
    Integrals threads:           1
    Memory (MB):              1430
    Algorithm:                Core
    Integral Cache:           NONE
    Schwarz Cutoff:          1E-12
    Fitting Condition:       1E-12

   => Auxiliary Basis Set <=

  Basis Set: 
    Number of shells: 426
    Number of basis function: 1341
    Number of Cartesian functions: 1341
    Spherical Harmonics?: false
    Max angular momentum: 3

  Minimum eigenvalue in the overlap matrix is 2.5025269184E-03.
  Using Symmetric Orthogonalization.
  SCF Guess: Core (One-Electron) Hamiltonian.

  ==> Iterations <==

                           Total Energy        Delta E     RMS |[F,P]|

   @DF-RHF iter   1:  -331.68598559010604   -3.31686e+02   5.91251e-02 
   @DF-RHF iter   2:   -14.82516556707071    3.16861e+02   7.80099e-02 DIIS
   @DF-RHF iter   3:  -193.41725613525307   -1.78592e+02   6.54545e-02 DIIS
   @DF-RHF iter   4:  -328.53308922711051   -1.35116e+02   4.94666e-02 DIIS
   @DF-RHF iter   5:  -326.20145057571438    2.33164e+00   5.69658e-02 DIIS
   @DF-RHF iter   6:  -492.94287618546059   -1.66741e+02   1.07898e-02 DIIS
   @DF-RHF iter   7:  -449.01503505673577    4.39278e+01   2.86874e-02 DIIS
   @DF-RHF iter   8:  -500.66170129048464   -5.16467e+01   4.44070e-03 DIIS
   @DF-RHF iter   9:  -500.97674510318802   -3.15044e-01   1.11014e-03 DIIS
   @DF-RHF iter  10:  -501.00329962490491   -2.65545e-02   4.66349e-04 DIIS
   @DF-RHF iter  11:  -501.00845905545066   -5.15943e-03   1.83875e-04 DIIS
   @DF-RHF iter  12:  -501.00940651136807   -9.47456e-04   7.84999e-05 DIIS
   @DF-RHF iter  13:  -501.00958339316276   -1.76882e-04   3.42087e-05 DIIS
   @DF-RHF iter  14:  -501.00961536690511   -3.19737e-05   1.06244e-05 DIIS
   @DF-RHF iter  15:  -501.00961903366306   -3.66676e-06   2.78434e-06 DIIS
   @DF-RHF iter  16:  -501.00961923508453   -2.01421e-07   9.10678e-07 DIIS

  ==> Post-Iterations <==

    Orbital Energies (a.u.)
    -----------------------

    Doubly Occupied:                                                      

       1A    -20.602893     2A    -20.544629     3A    -11.371335  
       4A    -11.280338     5A    -11.234048     6A    -11.216346  
       7A    -11.216152     8A    -11.215953     9A    -11.214639  
      10A    -11.209718    11A    -11.205147    12A     -1.468554  
      13A     -1.361948    14A     -1.103309    15A     -1.066677  
      16A     -1.011616    17A     -0.975129    18A     -0.939580  
      19A     -0.872648    20A     -0.798871    21A     -0.780200  
      22A     -0.763690    23A     -0.699490    24A     -0.682281  
      25A     -0.672696    26A     -0.659915    27A     -0.620541  
      28A     -0.615599    29A     -0.600545    30A     -0.582562  
      31A     -0.562941    32A     -0.548967    33A     -0.542964  
      34A     -0.527085    35A     -0.518955    36A     -0.510661  
      37A     -0.505363    38A     -0.478224    39A     -0.463485  
      40A     -0.458565    41A     -0.456277    42A     -0.446483  
      43A     -0.436306    44A     -0.424564  

    Virtual:                                                              

      45A      0.199513    46A      0.220699    47A      0.239374  
      48A      0.256253    49A      0.261761    50A      0.269399  
      51A      0.292183    52A      0.300065    53A      0.306711  
      54A      0.307815    55A      0.315184    56A      0.321464  
      57A      0.326140    58A      0.329770    59A      0.339141  
      60A      0.344230    61A      0.352829    62A      0.363605  
      63A      0.371731    64A      0.395163    65A      0.418130  
      66A      0.419455    67A      0.429464    68A      0.462048  
      69A      0.466913    70A      0.487536    71A      0.497442  
      72A      0.535466    73A      0.591983    74A      0.708586  
      75A      0.726636    76A      0.728101    77A      0.732020  
      78A      0.739057    79A      0.749648    80A      0.767960  
      81A      0.775855    82A      0.783541    83A      0.804121  
      84A      0.818425    85A      0.849534    86A      0.864601  
      87A      0.883293    88A      0.916284    89A      0.931626  
      90A      0.951548    91A      0.969005    92A      0.982919  
      93A      0.993657    94A      1.009494    95A      1.042981  
      96A      1.060254    97A      1.087809    98A      1.114302  
      99A      1.118118   100A      1.125629   101A      1.130552  
     102A      1.138682   103A      1.147663   104A      1.158795  
     105A      1.160530   106A      1.163740   107A      1.177790  
     108A      1.181897   109A      1.193404   110A      1.205563  
     111A      1.215487   112A      1.219010   113A      1.229274  
     114A      1.236432   115A      1.240852   116A      1.255666  
     117A      1.269097   118A      1.277030   119A      1.295789  
     120A      1.301909   121A      1.343011   122A      1.352302  
     123A      1.373247   124A      1.389555   125A      1.417859  
     126A      1.501710   127A      1.550732   128A      1.611029  
     129A      1.637915   130A      1.665471   131A      1.705077  
     132A      1.712189   133A      1.738870   134A      1.770361  
     135A      1.804039   136A      1.855395   137A      1.879098  
     138A      1.885827   139A      1.953783   140A      1.972026  
     141A      1.997632   142A      2.012650   143A      2.024949  
     144A      2.098911   145A      2.113407   146A      2.127479  
     147A      2.156564   148A      2.166488   149A      2.205532  
     150A      2.216578   151A      2.232967   152A      2.255661  
     153A      2.291577   154A      2.306127   155A      2.327599  
     156A      2.344060   157A      2.352925   158A      2.374061  
     159A      2.381536   160A      2.400830   161A      2.432922  
     162A      2.441830   163A      2.463016   164A      2.487460  
     165A      2.531010   166A      2.594203   167A      2.611994  
     168A      2.645256   169A      2.669355   170A      2.685565  
     171A      2.693433   172A      2.699986   173A      2.727620  
     174A      2.741665   175A      2.779786   176A      2.805475  
     177A      2.830508   178A      2.852954   179A      2.915158  
     180A      2.948181   181A      2.971533   182A      3.022313  
     183A      3.040608   184A      3.068021   185A      3.108169  
     186A      3.163659   187A      3.196174   188A      3.350710  
     189A      3.451931   190A      3.582519   191A      4.417934  
     192A      4.545811   193A      4.596426   194A      4.636325  
     195A      4.695247   196A      4.732633   197A      4.777031  
     198A      4.843004   199A      4.952758   200A      4.983454  
     201A      5.036910  

    Final Occupation by Irrep:
              A 
    DOCC [    44 ]

  Energy converged.

  @DF-RHF Final Energy:  -501.00961923508453

   => Energetics <=

    Nuclear Repulsion Energy =            632.0225321069642632
    One-Electron Energy =               -1935.1286824762951255
    Two-Electron Energy =                 802.0965311342463337
    DFT Exchange-Correlation Energy =       0.0000000000000000
    Empirical Dispersion Energy =           0.0000000000000000
    PCM Polarization Energy =               0.0000000000000000
    EFP Energy =                            0.0000000000000000
    Total Energy =                       -501.0096192350845286

    Alert: EFP and PCM quantities not currently incorporated into SCF psivars.

Properties will be evaluated at   0.000000,   0.000000,   0.000000 Bohr
  ==> Properties <==


Properties computed using the SCF density matrix

  Nuclear Dipole Moment: (a.u.)
     X:   -15.7649      Y:     1.1683      Z:     4.2271

  Electronic Dipole Moment: (a.u.)
     X:    15.5674      Y:    -1.7865      Z:    -3.9014

  Dipole Moment: (a.u.)
     X:    -0.1975      Y:    -0.6181      Z:     0.3257     Total:     0.7261

  Dipole Moment: (Debye)
     X:    -0.5021      Y:    -1.5712      Z:     0.8280     Total:     1.8456


  Saving occupied orbitals to File 180.

*** tstop() called on cx1-3-14-1.cx1.hpc.ic.ac.uk at Tue Jul  5 18:01:20 2016
Module time:
	user time   =      46.94 seconds =       0.78 minutes
	system time =       0.41 seconds =       0.01 minutes
	total time  =         47 seconds =       0.78 minutes
Total time:
	user time   =      46.94 seconds =       0.78 minutes
	system time =       0.41 seconds =       0.01 minutes
	total time  =         47 seconds =       0.78 minutes


Properties will be evaluated at   0.000000,   0.000000,   0.000000 Bohr

Properties computed using the  density matrix

  Nuclear Dipole Moment: (a.u.)
     X:   -15.7649      Y:     1.1683      Z:     4.2271

  Electronic Dipole Moment: (a.u.)
     X:    15.5674      Y:    -1.7865      Z:    -3.9014

  Dipole Moment: (a.u.)
     X:    -0.1975      Y:    -0.6181      Z:     0.3257     Total:     0.7261

  Dipole Moment: (Debye)
     X:    -0.5021      Y:    -1.5712      Z:     0.8280     Total:     1.8456

  Quadrupole Moment: (Debye Ang)
    XX:   -66.4091     YY:   -71.6025     ZZ:   -71.3291
    XY:    -7.2764     XZ:     2.9019     YZ:     2.7222

  Traceless Quadrupole Moment: (Debye Ang)
    XX:     3.3711     YY:    -1.8223     ZZ:    -1.5488
    XY:    -7.2764     XZ:     2.9019     YZ:     2.7222

  Mulliken Charges: (a.u.)
   Center  Symbol    Alpha    Beta     Spin     Total
       1     O     4.28591  4.28591  0.00000 -0.57181
       2     C     2.60481  2.60481  0.00000  0.79039
       3     C     3.20949  3.20949  0.00000 -0.41897
       4     O     4.30765  4.30765  0.00000 -0.61530
       5     C     3.15012  3.15012  0.00000 -0.30024
       6     H     0.39901  0.39901  0.00000  0.20198
       7     H     0.40276  0.40276  0.00000  0.19447
       8     C     3.15992  3.15992  0.00000 -0.31984
       9     H     0.41492  0.41492  0.00000  0.17017
      10     H     0.41025  0.41025  0.00000  0.17950
      11     C     3.16066  3.16066  0.00000 -0.32132
      12     H     0.41822  0.41822  0.00000  0.16355
      13     H     0.42143  0.42143  0.00000  0.15715
      14     C     3.15405  3.15405  0.00000 -0.30810
      15     H     0.41877  0.41877  0.00000  0.16246
      16     H     0.42355  0.42355  0.00000  0.15289
      17     C     3.14987  3.14987  0.00000 -0.29974
      18     H     0.41995  0.41995  0.00000  0.16010
      19     H     0.42318  0.42318  0.00000  0.15364
      20     C     3.24489  3.24489  0.00000 -0.48977
      21     H     0.42000  0.42000  0.00000  0.16000
      22     H     0.42288  0.42288  0.00000  0.15424
      23     H     0.41904  0.41904  0.00000  0.16192
      24     H     0.42010  0.42010  0.00000  0.15980
      25     H     0.41929  0.41929  0.00000  0.16142
      26     C     3.09237  3.09237  0.00000 -0.18473
      27     H     0.40912  0.40912  0.00000  0.18177
      28     H     0.40863  0.40863  0.00000  0.18275
      29     H     0.40919  0.40919  0.00000  0.18163

   Total alpha = 44.00000, Total beta = 44.00000, Total charge =  0.00000


*** PSI4 exiting successfully. Buy a developer a beer!
