    -----------------------------------------------------------------------
          Psi4: An Open-Source Ab Initio Electronic Structure Package
                              Psi4 (no tag) Driver

                          Git: Rev {detached?}  

    J. M. Turney, A. C. Simmonett, R. M. Parrish, E. G. Hohenstein,
    F. A. Evangelista, J. T. Fermann, B. J. Mintz, L. A. Burns, J. J. Wilke,
    M. L. Abrams, N. J. Russ, M. L. Leininger, C. L. Janssen, E. T. Seidl,
    W. D. Allen, H. F. Schaefer, R. A. King, E. F. Valeev, C. D. Sherrill,
    and T. D. Crawford, WIREs Comput. Mol. Sci. 2, 556-565 (2012)
    (doi: 10.1002/wcms.93)

                         Additional Contributions by
    A. E. DePrince, M. Saitow, U. Bozkaya, A. Yu. Sokolov
    -----------------------------------------------------------------------


    Psi4 started on: Tue Jul  5 18:38:27 2016

    Process ID:   7683
    PSI4DATADIR: /export131/home/mjharvey/miniconda3/share
    Memory level set to 256.000 MB

  ==> Input File <==

--------------------------------------------------------------------------
set {
	reference rhf
	basis 6-31G*
}


set_num_threads( 1 )
memory 2 gb

molecule MOL {
0 1

H	 -2.577606	 0.247184	 1.509904
O	 -1.840915	 -0.185680	 1.103718
C	 -2.061112	 -1.573124	 1.079922
C	 -1.330389	 -2.316908	 2.192377
H	 -3.129632	 -1.703523	 1.193659
H	 -1.786669	 -1.985925	 0.109842
C	 -1.495503	 -1.684675	 3.576533
H	 -1.688878	 -3.342753	 2.214598
H	 -0.272881	 -2.355847	 1.936394
C	 -0.794275	 -0.328524	 3.694644
H	 -1.102084	 -2.363251	 4.328279
H	 -2.556472	 -1.558160	 3.792589
C	 -1.051844	 0.633260	 2.528895
H	 -1.091616	 0.148244	 4.626915
H	 0.277671	 -0.498612	 3.770152
C	 -0.461295	 0.192038	 1.186861
H	 -2.127435	 0.749313	 2.412915
H	 -0.667938	 1.619558	 2.785155
C	 1.068414	 0.225301	 1.168939
H	 -0.842945	 0.837573	 0.397090
H	 -0.793378	 -0.814621	 0.944664
C	 1.695605	 -0.452995	 2.386400
H	 1.428281	 -0.256665	 0.262467
H	 1.405254	 1.258684	 1.118514
H	 1.403764	 -1.497696	 2.446842
H	 2.779731	 -0.414682	 2.343527
H	 1.384165	 0.029789	 3.308510

	symmetry c1
}
set optking {
	frozen_dihedral = ("
		14 10 7 4,
		14 10 13 16,
		10 7 4 8,
		8 4 3 2,
		10 13 16 20,
		20 16 19 22
	")
}

ee = energy('scf')
oeprop('DIPOLE', 'QUADRUPOLE', 'MULLIKEN_CHARGES')
f=open( 'psi4out.xyz', 'w' )
f.write( "27  " )
f.write( str(ee) + "\n" )
f.write( MOL.save_string_xyz() )
f.close()
--------------------------------------------------------------------------

  Memory set to   2.000 GiB by Python script.

*** tstart() called on cx1-3-4-2.cx1.hpc.ic.ac.uk
*** at Tue Jul  5 18:38:28 2016


         ---------------------------------------------------------
                                   SCF
            by Justin Turney, Rob Parrish, and Andy Simmonett
                              RHF Reference
                        1 Threads,   2000 MiB Core
         ---------------------------------------------------------

  ==> Geometry <==

    Molecular point group: c1
    Full point group: C1

    Geometry (in Angstrom), charge = 0, multiplicity = 1:

       Center              X                  Y                   Z               Mass       
    ------------   -----------------  -----------------  -----------------  -----------------
           H         -1.865682871080     0.851414346562    -0.574379650278     1.007825032070
           O         -1.128991871080     0.418550346562    -0.980565650278    15.994914619560
           C         -1.349188871080    -0.968893653438    -1.004361650278    12.000000000000
           C         -0.618465871080    -1.712677653438     0.108093349722    12.000000000000
           H         -2.417708871080    -1.099292653438    -0.890624650278     1.007825032070
           H         -1.074745871080    -1.381694653438    -1.974441650278     1.007825032070
           C         -0.783579871080    -1.080444653438     1.492249349722    12.000000000000
           H         -0.976954871080    -2.738522653438     0.130314349722     1.007825032070
           H          0.439042128920    -1.751616653438    -0.147889650278     1.007825032070
           C         -0.082351871080     0.275706346562     1.610360349722    12.000000000000
           H         -0.390160871080    -1.759020653438     2.243995349722     1.007825032070
           H         -1.844548871080    -0.953929653438     1.708305349722     1.007825032070
           C         -0.339920871080     1.237490346562     0.444611349722    12.000000000000
           H         -0.379692871080     0.752474346562     2.542631349722     1.007825032070
           H          0.989594128920     0.105618346562     1.685868349722     1.007825032070
           C          0.250628128920     0.796268346562    -0.897422650278    12.000000000000
           H         -1.415511871080     1.353543346562     0.328631349722     1.007825032070
           H          0.043985128920     2.223788346562     0.700871349722     1.007825032070
           C          1.780337128920     0.829531346562    -0.915344650278    12.000000000000
           H         -0.131021871080     1.441803346562    -1.687193650278     1.007825032070
           H         -0.081454871080    -0.210390653438    -1.139619650278     1.007825032070
           C          2.407528128920     0.151235346562     0.302116349722    12.000000000000
           H          2.140204128920     0.347565346562    -1.821816650278     1.007825032070
           H          2.117177128920     1.862914346562    -0.965769650278     1.007825032070
           H          2.115687128920    -0.893465653438     0.362558349722     1.007825032070
           H          3.491654128920     0.189548346562     0.259243349722     1.007825032070
           H          2.096088128920     0.634019346562     1.224226349722     1.007825032070

  Running in c1 symmetry.

  Rotational constants: A =      0.06993  B =      0.05023  C =      0.04255 [cm^-1]
  Rotational constants: A =   2096.40488  B =   1505.93577  C =   1275.47963 [MHz]
  Nuclear repulsion =  559.621988275849958

  Charge       = 0
  Multiplicity = 1
  Electrons    = 74
  Nalpha       = 37
  Nbeta        = 37

  ==> Algorithm <==

  SCF Algorithm Type is DF.
  DIIS enabled.
  MOM disabled.
  Fractional occupation disabled.
  Guess Type is CORE.
  Energy threshold   = 1.00e-06
  Density threshold  = 1.00e-06
  Integral threshold = 0.00e+00

  ==> Primary Basis <==

  Basis Set: 6-31G*
    Number of shells: 90
    Number of basis function: 171
    Number of Cartesian functions: 171
    Spherical Harmonics?: false
    Max angular momentum: 2

  ==> Pre-Iterations <==

   -------------------------------------------------------
    Irrep   Nso     Nmo     Nalpha   Nbeta   Ndocc  Nsocc
   -------------------------------------------------------
     A        171     171       0       0       0       0
   -------------------------------------------------------
    Total     171     171      37      37      37       0
   -------------------------------------------------------

 OEINTS: Overlap, kinetic, potential, dipole, and quadrupole integrals
         stored in file 35.

  ==> Integral Setup <==

  ==> DFJK: Density-Fitted J/K Matrices <==

    J tasked:                  Yes
    K tasked:                  Yes
    wK tasked:                  No
    OpenMP threads:              1
    Integrals threads:           1
    Memory (MB):              1430
    Algorithm:                Core
    Integral Cache:           NONE
    Schwarz Cutoff:          1E-12
    Fitting Condition:       1E-12

   => Auxiliary Basis Set <=

  Basis Set: 
    Number of shells: 378
    Number of basis function: 1179
    Number of Cartesian functions: 1179
    Spherical Harmonics?: false
    Max angular momentum: 3

  Minimum eigenvalue in the overlap matrix is 2.1743677081E-03.
  Using Symmetric Orthogonalization.
  SCF Guess: Core (One-Electron) Hamiltonian.

  ==> Iterations <==

                           Total Energy        Delta E     RMS |[F,P]|

   @DF-RHF iter   1:  -259.00386859636274   -2.59004e+02   7.08674e-02 
   @DF-RHF iter   2:  -154.17295048634139    1.04831e+02   6.62797e-02 DIIS
   @DF-RHF iter   3:  -299.86409523672262   -1.45691e+02   4.97025e-02 DIIS
   @DF-RHF iter   4:  -321.94190001600043   -2.20778e+01   5.22119e-02 DIIS
   @DF-RHF iter   5:  -386.48560328078372   -6.45437e+01   8.61494e-03 DIIS
   @DF-RHF iter   6:  -387.50701962650260   -1.02142e+00   3.24168e-03 DIIS
   @DF-RHF iter   7:  -387.66128010872376   -1.54260e-01   7.31950e-04 DIIS
   @DF-RHF iter   8:  -387.67384062937390   -1.25605e-02   2.50620e-04 DIIS
   @DF-RHF iter   9:  -387.67579888575756   -1.95826e-03   1.12834e-04 DIIS
   @DF-RHF iter  10:  -387.67619324953250   -3.94364e-04   3.63781e-05 DIIS
   @DF-RHF iter  11:  -387.67625177033324   -5.85208e-05   1.40435e-05 DIIS
   @DF-RHF iter  12:  -387.67626134171337   -9.57138e-06   5.04842e-06 DIIS
   @DF-RHF iter  13:  -387.67626227825872   -9.36545e-07   1.57526e-06 DIIS
   @DF-RHF iter  14:  -387.67626238307071   -1.04812e-07   5.34982e-07 DIIS

  ==> Post-Iterations <==

    Orbital Energies (a.u.)
    -----------------------

    Doubly Occupied:                                                      

       1A    -20.590432     2A    -11.294834     3A    -11.228182  
       4A    -11.221371     5A    -11.217161     6A    -11.200746  
       7A    -11.195196     8A    -11.182800     9A    -11.155537  
      10A     -1.538835    11A     -1.093662    12A     -1.086561  
      13A     -1.028647    14A     -0.977007    15A     -0.916099  
      16A     -0.909992    17A     -0.837729    18A     -0.762018  
      19A     -0.751983    20A     -0.691323    21A     -0.672341  
      22A     -0.637318    23A     -0.605945    24A     -0.588174  
      25A     -0.578180    26A     -0.566102    27A     -0.543579  
      28A     -0.526972    29A     -0.506270    30A     -0.493733  
      31A     -0.480739    32A     -0.466680    33A     -0.454532  
      34A     -0.420248    35A     -0.414768    36A     -0.381814  
      37A     -0.246420  

    Virtual:                                                              

      38A      0.204132    39A      0.233370    40A      0.262939  
      41A      0.263593    42A      0.276106    43A      0.288451  
      44A      0.290093    45A      0.309705    46A      0.318605  
      47A      0.333523    48A      0.340229    49A      0.343318  
      50A      0.355571    51A      0.359422    52A      0.375481  
      53A      0.382540    54A      0.404991    55A      0.417151  
      56A      0.425853    57A      0.440579    58A      0.442139  
      59A      0.455955    60A      0.474623    61A      0.496849  
      62A      0.545920    63A      0.579027    64A      0.714088  
      65A      0.718703    66A      0.725326    67A      0.754325  
      68A      0.762743    69A      0.770939    70A      0.804874  
      71A      0.824097    72A      0.863030    73A      0.895979  
      74A      0.917915    75A      0.921292    76A      0.938709  
      77A      0.960368    78A      0.973450    79A      1.001901  
      80A      1.013500    81A      1.028844    82A      1.039871  
      83A      1.059679    84A      1.075019    85A      1.115447  
      86A      1.139478    87A      1.144758    88A      1.157220  
      89A      1.169700    90A      1.180075    91A      1.187635  
      92A      1.202556    93A      1.214367    94A      1.217886  
      95A      1.222332    96A      1.243207    97A      1.260018  
      98A      1.264686    99A      1.272628   100A      1.286694  
     101A      1.312721   102A      1.331850   103A      1.362218  
     104A      1.370026   105A      1.400242   106A      1.413800  
     107A      1.459146   108A      1.522538   109A      1.572641  
     110A      1.611892   111A      1.665182   112A      1.687623  
     113A      1.713036   114A      1.757621   115A      1.794735  
     116A      1.831437   117A      1.860940   118A      1.897528  
     119A      1.932884   120A      1.964121   121A      2.013103  
     122A      2.066261   123A      2.075026   124A      2.168485  
     125A      2.211646   126A      2.222374   127A      2.242104  
     128A      2.254112   129A      2.269835   130A      2.282227  
     131A      2.339691   132A      2.350256   133A      2.364849  
     134A      2.403453   135A      2.417244   136A      2.449348  
     137A      2.479195   138A      2.543477   139A      2.564211  
     140A      2.603333   141A      2.631628   142A      2.675088  
     143A      2.696662   144A      2.707817   145A      2.715617  
     146A      2.741148   147A      2.743397   148A      2.762861  
     149A      2.773656   150A      2.801326   151A      2.824449  
     152A      2.877398   153A      2.901591   154A      2.982030  
     155A      2.994299   156A      3.021820   157A      3.076145  
     158A      3.117532   159A      3.135958   160A      3.165756  
     161A      3.288686   162A      3.611543   163A      4.546116  
     164A      4.654028   165A      4.750708   166A      4.774716  
     167A      4.860018   168A      4.967947   169A      4.989662  
     170A      5.099269   171A      5.182317  

    Final Occupation by Irrep:
              A 
    DOCC [    37 ]

  Energy converged.

  @DF-RHF Final Energy:  -387.67626238307071

   => Energetics <=

    Nuclear Repulsion Energy =            559.6219882758499580
    One-Electron Energy =               -1635.6689945614232329
    Two-Electron Energy =                 688.3707439025019994
    DFT Exchange-Correlation Energy =       0.0000000000000000
    Empirical Dispersion Energy =           0.0000000000000000
    PCM Polarization Energy =               0.0000000000000000
    EFP Energy =                            0.0000000000000000
    Total Energy =                       -387.6762623830713892

    Alert: EFP and PCM quantities not currently incorporated into SCF psivars.

Properties will be evaluated at   0.000000,   0.000000,   0.000000 Bohr
  ==> Properties <==


Properties computed using the SCF density matrix

  Nuclear Dipole Moment: (a.u.)
     X:     2.6719      Y:    -0.9591      Z:     1.8561

  Electronic Dipole Moment: (a.u.)
     X:    -3.8102      Y:     0.2994      Z:    -1.7407

  Dipole Moment: (a.u.)
     X:    -1.1382      Y:    -0.6597      Z:     0.1154     Total:     1.3207

  Dipole Moment: (Debye)
     X:    -2.8931      Y:    -1.6769      Z:     0.2934     Total:     3.3568


  Saving occupied orbitals to File 180.

*** tstop() called on cx1-3-4-2.cx1.hpc.ic.ac.uk at Tue Jul  5 18:39:01 2016
Module time:
	user time   =      32.33 seconds =       0.54 minutes
	system time =       0.31 seconds =       0.01 minutes
	total time  =         33 seconds =       0.55 minutes
Total time:
	user time   =      32.33 seconds =       0.54 minutes
	system time =       0.31 seconds =       0.01 minutes
	total time  =         33 seconds =       0.55 minutes


Properties will be evaluated at   0.000000,   0.000000,   0.000000 Bohr

Properties computed using the  density matrix

  Nuclear Dipole Moment: (a.u.)
     X:     2.6719      Y:    -0.9591      Z:     1.8561

  Electronic Dipole Moment: (a.u.)
     X:    -3.8102      Y:     0.2994      Z:    -1.7407

  Dipole Moment: (a.u.)
     X:    -1.1382      Y:    -0.6597      Z:     0.1154     Total:     1.3207

  Dipole Moment: (Debye)
     X:    -2.8931      Y:    -1.6769      Z:     0.2934     Total:     3.3568

  Quadrupole Moment: (Debye Ang)
    XX:   -60.4191     YY:   -60.7649     ZZ:   -62.4465
    XY:    -0.6331     XZ:     2.4061     YZ:     1.5942

  Traceless Quadrupole Moment: (Debye Ang)
    XX:     0.7911     YY:     0.4452     ZZ:    -1.2363
    XY:    -0.6331     XZ:     2.4061     YZ:     1.5942

  Mulliken Charges: (a.u.)
   Center  Symbol    Alpha    Beta     Spin     Total
       1     H     0.31907  0.31907  0.00000  0.36186
       2     O     4.30247  4.30247  0.00000 -0.60494
       3     C     3.05425  3.05425  0.00000 -0.10850
       4     C     3.18149  3.18149  0.00000 -0.36298
       5     H     0.40638  0.40638  0.00000  0.18724
       6     H     0.39123  0.39123  0.00000  0.21753
       7     C     3.15736  3.15736  0.00000 -0.31472
       8     H     0.41296  0.41296  0.00000  0.17409
       9     H     0.39673  0.39673  0.00000  0.20654
      10     C     3.14764  3.14764  0.00000 -0.29528
      11     H     0.41371  0.41371  0.00000  0.17257
      12     H     0.42798  0.42798  0.00000  0.14403
      13     C     3.15782  3.15782  0.00000 -0.31564
      14     H     0.42271  0.42271  0.00000  0.15459
      15     H     0.41484  0.41484  0.00000  0.17032
      16     C     3.00312  3.00312  0.00000 -0.00625
      17     H     0.47050  0.47050  0.00000  0.05899
      18     H     0.42895  0.42895  0.00000  0.14210
      19     C     3.14686  3.14686  0.00000 -0.29372
      20     H     0.44175  0.44175  0.00000  0.11649
      21     H     0.49589  0.49589  0.00000  0.00821
      22     C     3.25519  3.25519  0.00000 -0.51037
      23     H     0.43859  0.43859  0.00000  0.12282
      24     H     0.44235  0.44235  0.00000  0.11530
      25     H     0.43069  0.43069  0.00000  0.13863
      26     H     0.42417  0.42417  0.00000  0.15165
      27     H     0.41529  0.41529  0.00000  0.16943

   Total alpha = 37.00000, Total beta = 37.00000, Total charge =  0.00000


*** PSI4 exiting successfully. Buy a developer a beer!
