    -----------------------------------------------------------------------
          Psi4: An Open-Source Ab Initio Electronic Structure Package
                              Psi4 (no tag) Driver

                          Git: Rev {detached?}  

    J. M. Turney, A. C. Simmonett, R. M. Parrish, E. G. Hohenstein,
    F. A. Evangelista, J. T. Fermann, B. J. Mintz, L. A. Burns, J. J. Wilke,
    M. L. Abrams, N. J. Russ, M. L. Leininger, C. L. Janssen, E. T. Seidl,
    W. D. Allen, H. F. Schaefer, R. A. King, E. F. Valeev, C. D. Sherrill,
    and T. D. Crawford, WIREs Comput. Mol. Sci. 2, 556-565 (2012)
    (doi: 10.1002/wcms.93)

                         Additional Contributions by
    A. E. DePrince, M. Saitow, U. Bozkaya, A. Yu. Sokolov
    -----------------------------------------------------------------------


    Psi4 started on: Tue Jul  5 16:39:07 2016

    Process ID:  18132
    PSI4DATADIR: /export131/home/mjharvey/miniconda3/share
    Memory level set to 256.000 MB

  ==> Input File <==

--------------------------------------------------------------------------
set {
	reference rhf
	basis 6-31G*
}


set_num_threads( 1 )
memory 2 gb

molecule MOL {
0 1

O	 -1.487788	 1.240889	 -0.102860
C	 -1.083277	 0.139568	 0.115197
C	 0.323299	 -0.082943	 0.642902
C	 -1.933017	 -1.084621	 -0.143902
C	 1.355627	 -0.005344	 -0.493127
H	 0.396251	 -1.044647	 1.143147
H	 0.528637	 0.693580	 1.371677
C	 2.609913	 0.766068	 -0.087004
H	 1.634814	 -1.009449	 -0.804736
H	 0.890533	 0.469395	 -1.350711
H	 3.319643	 0.811860	 -0.906685
H	 3.106764	 0.294817	 0.756137
H	 2.366189	 1.784982	 0.198409
H	 -1.393885	 -1.806447	 -0.750509
H	 -2.850323	 -0.799888	 -0.640100
H	 -2.169004	 -1.571158	 0.798858

	symmetry c1
}
set optking {
	frozen_dihedral = ("
		4 2 3 5
	")
}

ee = energy('scf')
oeprop('DIPOLE', 'QUADRUPOLE', 'MULLIKEN_CHARGES')
f=open( 'psi4out.xyz', 'w' )
f.write( "16  " )
f.write( str(ee) + "\n" )
f.write( MOL.save_string_xyz() )
f.close()
--------------------------------------------------------------------------

  Memory set to   2.000 GiB by Python script.

*** tstart() called on cx1-3-15-3.cx1.hpc.ic.ac.uk
*** at Tue Jul  5 16:39:07 2016


         ---------------------------------------------------------
                                   SCF
            by Justin Turney, Rob Parrish, and Andy Simmonett
                              RHF Reference
                        1 Threads,   2000 MiB Core
         ---------------------------------------------------------

  ==> Geometry <==

    Molecular point group: c1
    Full point group: C1

    Geometry (in Angstrom), charge = 0, multiplicity = 1:

       Center              X                  Y                   Z               Mass       
    ------------   -----------------  -----------------  -----------------  -----------------
           O         -1.456985530052     1.073047375091    -0.086334504058    15.994914619560
           C         -1.052474530052    -0.028273624909     0.131722495942    12.000000000000
           C          0.354101469948    -0.250784624909     0.659427495942    12.000000000000
           C         -1.902214530052    -1.252462624909    -0.127376504058    12.000000000000
           C          1.386429469948    -0.173185624909    -0.476601504058    12.000000000000
           H          0.427053469948    -1.212488624909     1.159672495942     1.007825032070
           H          0.559439469948     0.525738375091     1.388202495942     1.007825032070
           C          2.640715469948     0.598226375091    -0.070478504058    12.000000000000
           H          1.665616469948    -1.177290624909    -0.788210504058     1.007825032070
           H          0.921335469948     0.301553375091    -1.334185504058     1.007825032070
           H          3.350445469948     0.644018375091    -0.890159504058     1.007825032070
           H          3.137566469948     0.126975375091     0.772662495942     1.007825032070
           H          2.396991469948     1.617140375091     0.214934495942     1.007825032070
           H         -1.363082530052    -1.974288624909    -0.733983504058     1.007825032070
           H         -2.819520530052    -0.967729624909    -0.623574504058     1.007825032070
           H         -2.138201530052    -1.738999624909     0.815383495942     1.007825032070

  Running in c1 symmetry.

  Rotational constants: A =      0.24586  B =      0.06304  C =      0.05590 [cm^-1]
  Rotational constants: A =   7370.60679  B =   1889.81291  C =   1675.82097 [MHz]
  Nuclear repulsion =  237.773025210542016

  Charge       = 0
  Multiplicity = 1
  Electrons    = 48
  Nalpha       = 24
  Nbeta        = 24

  ==> Algorithm <==

  SCF Algorithm Type is DF.
  DIIS enabled.
  MOM disabled.
  Fractional occupation disabled.
  Guess Type is CORE.
  Energy threshold   = 1.00e-06
  Density threshold  = 1.00e-06
  Integral threshold = 0.00e+00

  ==> Primary Basis <==

  Basis Set: 6-31G*
    Number of shells: 56
    Number of basis function: 110
    Number of Cartesian functions: 110
    Spherical Harmonics?: false
    Max angular momentum: 2

  ==> Pre-Iterations <==

   -------------------------------------------------------
    Irrep   Nso     Nmo     Nalpha   Nbeta   Ndocc  Nsocc
   -------------------------------------------------------
     A        110     110       0       0       0       0
   -------------------------------------------------------
    Total     110     110      24      24      24       0
   -------------------------------------------------------

 OEINTS: Overlap, kinetic, potential, dipole, and quadrupole integrals
         stored in file 35.

  ==> Integral Setup <==

  ==> DFJK: Density-Fitted J/K Matrices <==

    J tasked:                  Yes
    K tasked:                  Yes
    wK tasked:                  No
    OpenMP threads:              1
    Integrals threads:           1
    Memory (MB):              1430
    Algorithm:                Core
    Integral Cache:           NONE
    Schwarz Cutoff:          1E-12
    Fitting Condition:       1E-12

   => Auxiliary Basis Set <=

  Basis Set: 
    Number of shells: 234
    Number of basis function: 736
    Number of Cartesian functions: 736
    Spherical Harmonics?: false
    Max angular momentum: 3

  Minimum eigenvalue in the overlap matrix is 3.7799871975E-03.
  Using Symmetric Orthogonalization.
  SCF Guess: Core (One-Electron) Hamiltonian.

  ==> Iterations <==

                           Total Energy        Delta E     RMS |[F,P]|

   @DF-RHF iter   1:  -200.68666913836199   -2.00687e+02   8.16084e-02 
   @DF-RHF iter   2:  -164.44473810119138    3.62419e+01   6.49256e-02 DIIS
   @DF-RHF iter   3:  -231.86344532909987   -6.74187e+01   4.97979e-02 DIIS
   @DF-RHF iter   4:  -249.27934945808732   -1.74159e+01   4.59786e-02 DIIS
   @DF-RHF iter   5:  -267.45222537306256   -1.81729e+01   1.49966e-02 DIIS
   @DF-RHF iter   6:  -269.91990916022945   -2.46768e+00   3.40281e-03 DIIS
   @DF-RHF iter   7:  -270.01380419824875   -9.38950e-02   1.13671e-03 DIIS
   @DF-RHF iter   8:  -270.02309847169187   -9.29427e-03   5.26486e-04 DIIS
   @DF-RHF iter   9:  -270.02537150359564   -2.27303e-03   1.64491e-04 DIIS
   @DF-RHF iter  10:  -270.02559812465609   -2.26621e-04   7.79210e-05 DIIS
   @DF-RHF iter  11:  -270.02563571526707   -3.75906e-05   1.69410e-05 DIIS
   @DF-RHF iter  12:  -270.02563977559544   -4.06033e-06   5.79655e-06 DIIS
   @DF-RHF iter  13:  -270.02564021591951   -4.40324e-07   2.04292e-06 DIIS
   @DF-RHF iter  14:  -270.02564028553303   -6.96135e-08   6.77413e-07 DIIS

  ==> Post-Iterations <==

    Orbital Energies (a.u.)
    -----------------------

    Doubly Occupied:                                                      

       1A    -20.547374     2A    -11.325115     3A    -11.231651  
       4A    -11.228642     5A    -11.228460     6A    -11.217191  
       7A     -1.393547     8A     -1.081539     9A     -1.013107  
      10A     -0.947876    11A     -0.828921    12A     -0.735557  
      13A     -0.660524    14A     -0.644273    15A     -0.613370  
      16A     -0.603758    17A     -0.575624    18A     -0.554357  
      19A     -0.550565    20A     -0.511937    21A     -0.497803  
      22A     -0.480081    23A     -0.472242    24A     -0.397878  

    Virtual:                                                              

      25A      0.168849    26A      0.224924    27A      0.252467  
      28A      0.280409    29A      0.285586    30A      0.293655  
      31A      0.311100    32A      0.315907    33A      0.325597  
      34A      0.337100    35A      0.362694    36A      0.398812  
      37A      0.423503    38A      0.435537    39A      0.494857  
      40A      0.509997    41A      0.713414    42A      0.735122  
      43A      0.740789    44A      0.761702    45A      0.778776  
      46A      0.808001    47A      0.832296    48A      0.853722  
      49A      0.900772    50A      0.922685    51A      0.955478  
      52A      0.979071    53A      1.019264    54A      1.059675  
      55A      1.077235    56A      1.105214    57A      1.116082  
      58A      1.136196    59A      1.152842    60A      1.168888  
      61A      1.182625    62A      1.197220    63A      1.208954  
      64A      1.219725    65A      1.225063    66A      1.255208  
      67A      1.310850    68A      1.350386    69A      1.364869  
      70A      1.388221    71A      1.487967    72A      1.643940  
      73A      1.712007    74A      1.725569    75A      1.770732  
      76A      1.878807    77A      1.922199    78A      2.018601  
      79A      2.070848    80A      2.080019    81A      2.131690  
      82A      2.153013    83A      2.197101    84A      2.230801  
      85A      2.236806    86A      2.285768    87A      2.336904  
      88A      2.356539    89A      2.447860    90A      2.511227  
      91A      2.525545    92A      2.569466    93A      2.661674  
      94A      2.700534    95A      2.720320    96A      2.723250  
      97A      2.750451    98A      2.839264    99A      2.942871  
     100A      2.988776   101A      3.072412   102A      3.112107  
     103A      3.374833   104A      3.376293   105A      4.453059  
     106A      4.523051   107A      4.615596   108A      4.748746  
     109A      4.865613   110A      4.993946  

    Final Occupation by Irrep:
              A 
    DOCC [    24 ]

  Energy converged.

  @DF-RHF Final Energy:  -270.02564028553303

   => Energetics <=

    Nuclear Repulsion Energy =            237.7730252105420163
    One-Electron Energy =                -836.9144603805029874
    Two-Electron Energy =                 329.1157948844278280
    DFT Exchange-Correlation Energy =       0.0000000000000000
    Empirical Dispersion Energy =           0.0000000000000000
    PCM Polarization Energy =               0.0000000000000000
    EFP Energy =                            0.0000000000000000
    Total Energy =                       -270.0256402855330862

    Alert: EFP and PCM quantities not currently incorporated into SCF psivars.

Properties will be evaluated at   0.000000,   0.000000,   0.000000 Bohr
  ==> Properties <==


Properties computed using the SCF density matrix

  Nuclear Dipole Moment: (a.u.)
     X:     5.7469      Y:    -3.6091      Z:    -0.0185

  Electronic Dipole Moment: (a.u.)
     X:    -5.2419      Y:     2.5324      Z:     0.1938

  Dipole Moment: (a.u.)
     X:     0.5050      Y:    -1.0768      Z:     0.1753     Total:     1.2022

  Dipole Moment: (Debye)
     X:     1.2835      Y:    -2.7369      Z:     0.4457     Total:     3.0556


  Saving occupied orbitals to File 180.

*** tstop() called on cx1-3-15-3.cx1.hpc.ic.ac.uk at Tue Jul  5 16:39:14 2016
Module time:
	user time   =       6.51 seconds =       0.11 minutes
	system time =       0.04 seconds =       0.00 minutes
	total time  =          7 seconds =       0.12 minutes
Total time:
	user time   =       6.51 seconds =       0.11 minutes
	system time =       0.04 seconds =       0.00 minutes
	total time  =          7 seconds =       0.12 minutes


Properties will be evaluated at   0.000000,   0.000000,   0.000000 Bohr

Properties computed using the  density matrix

  Nuclear Dipole Moment: (a.u.)
     X:     5.7469      Y:    -3.6091      Z:    -0.0185

  Electronic Dipole Moment: (a.u.)
     X:    -5.2419      Y:     2.5324      Z:     0.1938

  Dipole Moment: (a.u.)
     X:     0.5050      Y:    -1.0768      Z:     0.1753     Total:     1.2022

  Dipole Moment: (Debye)
     X:     1.2835      Y:    -2.7369      Z:     0.4457     Total:     3.0556

  Quadrupole Moment: (Debye Ang)
    XX:   -39.7187     YY:   -40.4055     ZZ:   -37.4615
    XY:     4.3947     XZ:    -0.6761     YZ:     0.2624

  Traceless Quadrupole Moment: (Debye Ang)
    XX:    -0.5235     YY:    -1.2102     ZZ:     1.7337
    XY:     4.3947     XZ:    -0.6761     YZ:     0.2624

  Mulliken Charges: (a.u.)
   Center  Symbol    Alpha    Beta     Spin     Total
       1     O     4.26211  4.26211  0.00000 -0.52421
       2     C     2.74138  2.74138  0.00000  0.51725
       3     C     3.20052  3.20052  0.00000 -0.40103
       4     C     3.28953  3.28953  0.00000 -0.57906
       5     C     3.16029  3.16029  0.00000 -0.32058
       6     H     0.41501  0.41501  0.00000  0.16998
       7     H     0.39950  0.39950  0.00000  0.20100
       8     C     3.24119  3.24119  0.00000 -0.48237
       9     H     0.41845  0.41845  0.00000  0.16311
      10     H     0.40694  0.40694  0.00000  0.18613
      11     H     0.41715  0.41715  0.00000  0.16570
      12     H     0.42051  0.42051  0.00000  0.15897
      13     H     0.41397  0.41397  0.00000  0.17205
      14     H     0.40971  0.40971  0.00000  0.18059
      15     H     0.39711  0.39711  0.00000  0.20577
      16     H     0.40664  0.40664  0.00000  0.18672

   Total alpha = 24.00000, Total beta = 24.00000, Total charge =  0.00000


*** PSI4 exiting successfully. Buy a developer a beer!
