    -----------------------------------------------------------------------
          Psi4: An Open-Source Ab Initio Electronic Structure Package
                              Psi4 (no tag) Driver

                          Git: Rev {detached?}  

    J. M. Turney, A. C. Simmonett, R. M. Parrish, E. G. Hohenstein,
    F. A. Evangelista, J. T. Fermann, B. J. Mintz, L. A. Burns, J. J. Wilke,
    M. L. Abrams, N. J. Russ, M. L. Leininger, C. L. Janssen, E. T. Seidl,
    W. D. Allen, H. F. Schaefer, R. A. King, E. F. Valeev, C. D. Sherrill,
    and T. D. Crawford, WIREs Comput. Mol. Sci. 2, 556-565 (2012)
    (doi: 10.1002/wcms.93)

                         Additional Contributions by
    A. E. DePrince, M. Saitow, U. Bozkaya, A. Yu. Sokolov
    -----------------------------------------------------------------------


    Psi4 started on: Tue Jul 26 13:31:21 2016

    Process ID:  11140
    PSI4DATADIR: /export131/home/mjharvey/miniconda3/share
    Memory level set to 256.000 MB

  ==> Input File <==

--------------------------------------------------------------------------
set {
	reference rhf
	basis 6-31G*
}


set_num_threads( 24 )
memory 2 gb

molecule MOL {
0 1

H	 -2.463887	 -1.404751	 3.174456
C	 -2.393282	 -1.145213	 2.135980
C	 -1.224516	 -1.150904	 1.538115
H	 -3.292956	 -0.884230	 1.609638
O	 -1.081000	 -0.797000	 0.234000
H	 -0.314213	 -1.415289	 2.045736
C	 0.151000	 -0.997000	 -0.369000
C	 1.143000	 0.077000	 0.017000
H	 0.082000	 -1.019000	 -1.451000
H	 0.537000	 -1.944000	 -0.023000
F	 0.942633	 0.429544	 1.278564
F	 2.391066	 -0.347800	 -0.086844
F	 1.021272	 1.154467	 -0.729697

	symmetry c1
}
set optking {
	frozen_dihedral = ("
		11 8 7 9,
		6 3 2 1,
		6 3 5 7
	")
}

ee = energy('scf')
oeprop('DIPOLE', 'QUADRUPOLE', 'MULLIKEN_CHARGES')
f=open( 'psi4out.xyz', 'w' )
f.write( "13  " )
f.write( str(ee) + "\n" )
f.write( MOL.save_string_xyz() )
f.close()
--------------------------------------------------------------------------

  Memory set to   2.000 GiB by Python script.

*** tstart() called on cx1b.hpc.ic.ac.uk
*** at Tue Jul 26 13:31:21 2016


         ---------------------------------------------------------
                                   SCF
            by Justin Turney, Rob Parrish, and Andy Simmonett
                              RHF Reference
                       24 Threads,   2000 MiB Core
         ---------------------------------------------------------

  ==> Geometry <==

    Molecular point group: c1
    Full point group: C1

    Geometry (in Angstrom), charge = 0, multiplicity = 1:

       Center              X                  Y                   Z               Mass       
    ------------   -----------------  -----------------  -----------------  -----------------
           H         -2.718325537161    -1.130411847337     2.715964109692     1.007825032070
           C         -2.647720537161    -0.870873847337     1.677488109692    12.000000000000
           C         -1.478954537161    -0.876564847337     1.079623109692    12.000000000000
           H         -3.547394537161    -0.609890847337     1.151146109692     1.007825032070
           O         -1.335438537161    -0.522660847337    -0.224491890308    15.994914619560
           H         -0.568651537161    -1.140949847337     1.587244109692     1.007825032070
           C         -0.103438537161    -0.722660847337    -0.827491890308    12.000000000000
           C          0.888561462839     0.351339152663    -0.441491890308    12.000000000000
           H         -0.172438537161    -0.744660847337    -1.909491890308     1.007825032070
           H          0.282561462839    -1.669660847337    -0.481491890308     1.007825032070
           F          0.688194462839     0.703883152663     0.820072109692    18.998403224000
           F          2.136627462839    -0.073460847337    -0.545335890308    18.998403224000
           F          0.766833462839     1.428806152663    -1.188188890308    18.998403224000

  Running in c1 symmetry.

  Rotational constants: A =      0.15413  B =      0.04019  C =      0.03898 [cm^-1]
  Rotational constants: A =   4620.67673  B =   1204.86323  C =   1168.66423 [MHz]
  Nuclear repulsion =  415.648538155094002

  Charge       = 0
  Multiplicity = 1
  Electrons    = 64
  Nalpha       = 32
  Nbeta        = 32

  ==> Algorithm <==

  SCF Algorithm Type is DF.
  DIIS enabled.
  MOM disabled.
  Fractional occupation disabled.
  Guess Type is CORE.
  Energy threshold   = 1.00e-06
  Density threshold  = 1.00e-06
  Integral threshold = 0.00e+00

  ==> Primary Basis <==

  Basis Set: 6-31G*
    Number of shells: 58
    Number of basis function: 130
    Number of Cartesian functions: 130
    Spherical Harmonics?: false
    Max angular momentum: 2

  ==> Pre-Iterations <==

   -------------------------------------------------------
    Irrep   Nso     Nmo     Nalpha   Nbeta   Ndocc  Nsocc
   -------------------------------------------------------
     A        130     130       0       0       0       0
   -------------------------------------------------------
    Total     130     130      32      32      32       0
   -------------------------------------------------------

 OEINTS: Overlap, kinetic, potential, dipole, and quadrupole integrals
         stored in file 35.

  ==> Integral Setup <==

  ==> DFJK: Density-Fitted J/K Matrices <==

    J tasked:                  Yes
    K tasked:                  Yes
    wK tasked:                  No
    OpenMP threads:             24
    Integrals threads:          24
    Memory (MB):              1430
    Algorithm:                Core
    Integral Cache:           NONE
    Schwarz Cutoff:          1E-12
    Fitting Condition:       1E-12

   => Auxiliary Basis Set <=

  Basis Set: 
    Number of shells: 237
    Number of basis function: 773
    Number of Cartesian functions: 773
    Spherical Harmonics?: false
    Max angular momentum: 3

  Minimum eigenvalue in the overlap matrix is 1.7044217746E-03.
  Using Symmetric Orthogonalization.
  SCF Guess: Core (One-Electron) Hamiltonian.

  ==> Iterations <==

                           Total Energy        Delta E     RMS |[F,P]|

   @DF-RHF iter   1:  -440.73914147946539   -4.40739e+02   7.42701e-02 
   @DF-RHF iter   2:  -174.67621097845404    2.66063e+02   9.73572e-02 DIIS
   @DF-RHF iter   3:  -491.11807284433007   -3.16442e+02   3.97696e-02 DIIS
   @DF-RHF iter   4:  -422.71292691489725    6.84051e+01   6.64516e-02 DIIS
   @DF-RHF iter   5:  -524.10974904969339   -1.01397e+02   1.53503e-02 DIIS
   @DF-RHF iter   6:  -527.09508905020527   -2.98534e+00   7.92255e-03 DIIS
   @DF-RHF iter   7:  -527.50073274870954   -4.05644e-01   1.67337e-03 DIIS
   @DF-RHF iter   8:  -527.52174672579497   -2.10140e-02   8.39226e-04 DIIS
   @DF-RHF iter   9:  -527.52805044923343   -6.30372e-03   4.01301e-04 DIIS
   @DF-RHF iter  10:  -527.52944591857568   -1.39547e-03   2.04467e-04 DIIS
   @DF-RHF iter  11:  -527.52993415004835   -4.88231e-04   3.76373e-05 DIIS
   @DF-RHF iter  12:  -527.52995425274753   -2.01027e-05   1.40701e-05 DIIS
   @DF-RHF iter  13:  -527.52995794541573   -3.69267e-06   6.02050e-06 DIIS
   @DF-RHF iter  14:  -527.52995850158129   -5.56166e-07   1.54917e-06 DIIS
   @DF-RHF iter  15:  -527.52995855374490   -5.21636e-08   5.93960e-07 DIIS

  ==> Post-Iterations <==

    Orbital Energies (a.u.)
    -----------------------

    Doubly Occupied:                                                      

       1A    -26.348294     2A    -26.344070     3A    -26.343714  
       4A    -20.605094     5A    -11.505291     6A    -11.318820  
       7A    -11.297008     8A    -11.214160     9A     -1.744796  
      10A     -1.642892    11A     -1.641263    12A     -1.436142  
      13A     -1.083650    14A     -1.015887    15A     -0.926821  
      16A     -0.839281    17A     -0.833432    18A     -0.827234  
      19A     -0.783523    20A     -0.729570    21A     -0.715594  
      22A     -0.697007    23A     -0.676399    24A     -0.662166  
      25A     -0.656512    26A     -0.645974    27A     -0.626322  
      28A     -0.590961    29A     -0.559517    30A     -0.524407  
      31A     -0.506326    32A     -0.350190  

    Virtual:                                                              

      33A      0.188446    34A      0.242756    35A      0.266730  
      36A      0.283604    37A      0.300627    38A      0.306756  
      39A      0.345112    40A      0.409554    41A      0.425513  
      42A      0.452442    43A      0.473964    44A      0.511647  
      45A      0.523590    46A      0.689964    47A      0.701762  
      48A      0.730861    49A      0.749323    50A      0.758751  
      51A      0.775471    52A      0.816780    53A      0.818989  
      54A      0.880534    55A      0.894141    56A      0.929462  
      57A      0.972492    58A      1.075325    59A      1.113235  
      60A      1.133722    61A      1.153451    62A      1.154136  
      63A      1.202865    64A      1.234979    65A      1.256611  
      66A      1.335288    67A      1.360155    68A      1.375120  
      69A      1.410246    70A      1.425837    71A      1.433620  
      72A      1.467286    73A      1.585845    74A      1.610930  
      75A      1.640843    76A      1.641714    77A      1.659447  
      78A      1.676096    79A      1.678687    80A      1.741454  
      81A      1.758573    82A      1.827569    83A      1.830469  
      84A      1.914942    85A      1.954161    86A      1.974382  
      87A      2.019930    88A      2.075091    89A      2.104899  
      90A      2.131554    91A      2.140842    92A      2.149220  
      93A      2.233568    94A      2.242266    95A      2.281578  
      96A      2.298545    97A      2.309943    98A      2.344679  
      99A      2.358020   100A      2.397693   101A      2.408115  
     102A      2.429821   103A      2.480076   104A      2.504367  
     105A      2.531098   106A      2.612145   107A      2.684540  
     108A      2.716189   109A      2.750185   110A      2.815583  
     111A      2.863584   112A      2.900216   113A      3.000421  
     114A      3.091638   115A      3.142291   116A      3.170718  
     117A      3.198179   118A      3.312545   119A      3.420383  
     120A      3.425289   121A      3.440216   122A      3.484338  
     123A      4.353031   124A      4.535445   125A      4.596482  
     126A      4.736951   127A      4.887288   128A      4.980752  
     129A      5.136053   130A      5.894702  

    Final Occupation by Irrep:
              A 
    DOCC [    32 ]

  Energy converged.

  @DF-RHF Final Energy:  -527.52995855374490

   => Energetics <=

    Nuclear Repulsion Energy =            415.6485381550940019
    One-Electron Energy =               -1554.9723940951832901
    Two-Electron Energy =                 611.7938973863439287
    DFT Exchange-Correlation Energy =       0.0000000000000000
    Empirical Dispersion Energy =           0.0000000000000000
    PCM Polarization Energy =               0.0000000000000000
    EFP Energy =                            0.0000000000000000
    Total Energy =                       -527.5299585537453595

    Alert: EFP and PCM quantities not currently incorporated into SCF psivars.

Properties will be evaluated at   0.000000,   0.000000,   0.000000 Bohr
  ==> Properties <==


Properties computed using the SCF density matrix

  Nuclear Dipole Moment: (a.u.)
     X:    -9.6984      Y:    -6.9095      Z:     3.7324

  Electronic Dipole Moment: (a.u.)
     X:     9.7787      Y:     6.1704      Z:    -3.8141

  Dipole Moment: (a.u.)
     X:     0.0803      Y:    -0.7392      Z:    -0.0817     Total:     0.7480

  Dipole Moment: (Debye)
     X:     0.2040      Y:    -1.8788      Z:    -0.2075     Total:     1.9012


  Saving occupied orbitals to File 180.

*** tstop() called on cx1b.hpc.ic.ac.uk at Tue Jul 26 13:31:27 2016
Module time:
	user time   =      67.11 seconds =       1.12 minutes
	system time =       2.79 seconds =       0.05 minutes
	total time  =          6 seconds =       0.10 minutes
Total time:
	user time   =      67.11 seconds =       1.12 minutes
	system time =       2.79 seconds =       0.05 minutes
	total time  =          6 seconds =       0.10 minutes


Properties will be evaluated at   0.000000,   0.000000,   0.000000 Bohr

Properties computed using the  density matrix

  Nuclear Dipole Moment: (a.u.)
     X:    -9.6984      Y:    -6.9095      Z:     3.7324

  Electronic Dipole Moment: (a.u.)
     X:     9.7787      Y:     6.1704      Z:    -3.8141

  Dipole Moment: (a.u.)
     X:     0.0803      Y:    -0.7392      Z:    -0.0817     Total:     0.7480

  Dipole Moment: (Debye)
     X:     0.2040      Y:    -1.8788      Z:    -0.2075     Total:     1.9012

  Quadrupole Moment: (Debye Ang)
    XX:   -47.5159     YY:   -45.1549     ZZ:   -41.3945
    XY:    -1.1453     XZ:    -0.9913     YZ:     0.0261

  Traceless Quadrupole Moment: (Debye Ang)
    XX:    -2.8275     YY:    -0.4665     ZZ:     3.2940
    XY:    -1.1453     XZ:    -0.9913     YZ:     0.0261

  Mulliken Charges: (a.u.)
   Center  Symbol    Alpha    Beta     Spin     Total
       1     H     0.40729  0.40729  0.00000  0.18542
       2     C     3.23829  3.23829  0.00000 -0.47658
       3     C     2.89203  2.89203  0.00000  0.21594
       4     H     0.40294  0.40294  0.00000  0.19411
       5     O     4.30311  4.30311  0.00000 -0.60622
       6     H     0.40425  0.40425  0.00000  0.19150
       7     C     3.07241  3.07241  0.00000 -0.14482
       8     C     2.45054  2.45054  0.00000  1.09891
       9     H     0.38681  0.38681  0.00000  0.22638
      10     H     0.40518  0.40518  0.00000  0.18964
      11     F     4.68099  4.68099  0.00000 -0.36199
      12     F     4.68092  4.68092  0.00000 -0.36185
      13     F     4.67522  4.67522  0.00000 -0.35045

   Total alpha = 32.00000, Total beta = 32.00000, Total charge =  0.00000


*** PSI4 exiting successfully. Buy a developer a beer!
